******************************************************************************
                  TI ARM Linker PC v18.1.3                     
******************************************************************************
>> Linked Sun Jan  3 13:50:36 2021

OUTPUT FILE NAME:   <hafta0di2capisiz4.out>
ENTRY POINT SYMBOL: "_c_int00_noargs"  address: 00000551


MEMORY CONFIGURATION

         name            origin    length      used     unused   attr    fill
----------------------  --------  ---------  --------  --------  ----  --------
  FLASH                 00000000   00040000  000005c2  0003fa3e  R  X
  SRAM                  20000000   00008000  00000203  00007dfd  RW X


SEGMENT ALLOCATION MAP

run origin  load origin   length   init length attrs members
----------  ----------- ---------- ----------- ----- -------
00000000    00000000    000005c8   000005c8    r-x
  00000000    00000000    0000026c   0000026c    r-- .intvecs
  0000026c    0000026c    0000033e   0000033e    r-x .text
  000005b0    000005b0    00000018   00000018    r-- .cinit
20000000    20000000    00000203   00000000    rw-
  20000000    20000000    00000200   00000000    rw- .stack
  20000200    20000200    00000003   00000000    rw- .data


SECTION ALLOCATION MAP

 output                                  attributes/
section   page    origin      length       input sections
--------  ----  ----------  ----------   ----------------
.intvecs   0    00000000    0000026c     
                  00000000    0000026c     tm4c123gh6pm_startup_ccs.obj (.intvecs)

.text      0    0000026c    0000033e     
                  0000026c    0000019c     main.obj (.text)
                  00000408    0000009c     rtsv7M4_T_le_v4SPD16_eabi.lib : memcpy_t2.asm.obj (.text)
                  000004a4    00000068                                   : copy_decompress_lzss.c.obj (.text:decompress:lzss:__TI_decompress_lzss)
                  0000050c    00000044                                   : autoinit.c.obj (.text:__TI_auto_init_nobinit_nopinit:__TI_auto_init_nobinit_nopinit)
                  00000550    00000038                                   : boot_cortex_m.c.obj (.text:_c_int00_noargs:_c_int00_noargs)
                  00000588    0000000e                                   : copy_decompress_none.c.obj (.text:decompress:none:__TI_decompress_none)
                  00000596    0000000c     tm4c123gh6pm_startup_ccs.obj (.text)
                  000005a2    00000004     rtsv7M4_T_le_v4SPD16_eabi.lib : pre_init.c.obj (.text:_system_pre_init)
                  000005a6    00000004                                   : exit.c.obj (.text:abort:abort)

.cinit     0    000005b0    00000018     
                  000005b0    00000008     (__TI_handler_table)
                  000005b8    00000007     (.cinit..data.load) [load image, compression = lzss]
                  000005bf    00000001     --HOLE-- [fill = 0]
                  000005c0    00000008     (__TI_cinit_table)

.init_array 
*          0    00000000    00000000     UNINITIALIZED

.data      0    20000200    00000003     UNINITIALIZED
                  20000200    00000003     main.obj (.data:data)

.stack     0    20000000    00000200     UNINITIALIZED
                  20000000    00000004     rtsv7M4_T_le_v4SPD16_eabi.lib : boot_cortex_m.c.obj (.stack)
                  20000004    000001fc     --HOLE--

MODULE SUMMARY

       Module                         code   ro data   rw data
       ------                         ----   -------   -------
    .\
       tm4c123gh6pm_startup_ccs.obj   12     620       0      
       main.obj                       412    0         3      
    +--+------------------------------+------+---------+---------+
       Total:                         424    620       3      
                                                              
    C:\ti\ccsv8\tools\compiler\ti-cgt-arm_18.1.3.LTS\lib\rtsv7M4_T_le_v4SPD16_eabi.lib
       memcpy_t2.asm.obj              156    0         0      
       copy_decompress_lzss.c.obj     104    0         0      
       autoinit.c.obj                 68     0         0      
       boot_cortex_m.c.obj            56     0         0      
       copy_decompress_none.c.obj     14     0         0      
       exit.c.obj                     4      0         0      
       pre_init.c.obj                 4      0         0      
    +--+------------------------------+------+---------+---------+
       Total:                         406    0         0      
                                                              
       Stack:                         0      0         512    
       Linker Generated:              0      23        0      
    +--+------------------------------+------+---------+---------+
       Grand Total:                   830    643       515    


LINKER GENERATED COPY TABLES

__TI_cinit_table @ 000005c0 records: 1, size/record: 8, table size: 8
	.data: load addr=000005b8, load size=00000007 bytes, run addr=20000200, run size=00000003 bytes, compression=lzss


LINKER GENERATED HANDLER TABLE

__TI_handler_table @ 000005b0 records: 2, size/record: 4, table size: 8
	index: 0, handler: __TI_decompress_lzss
	index: 1, handler: __TI_decompress_none


GLOBAL SYMBOLS: SORTED ALPHABETICALLY BY Name 

address   name                          
-------   ----                          
000005a7  C$$EXIT                       
0000026d  Read                          
00000597  ResetISR                      
000002a9  Write                         
000002d7  WriteMulti                    
20000200  __STACK_END                   
00000200  __STACK_SIZE                  
20000200  __STACK_TOP                   
000005c0  __TI_CINIT_Base               
000005c8  __TI_CINIT_Limit              
000005b0  __TI_Handler_Table_Base       
000005b8  __TI_Handler_Table_Limit      
0000050d  __TI_auto_init_nobinit_nopinit
000004a5  __TI_decompress_lzss          
00000589  __TI_decompress_none          
ffffffff  __TI_pprof_out_hndl           
ffffffff  __TI_prof_data_size           
ffffffff  __TI_prof_data_start          
00000000  __TI_static_base__            
00000409  __aeabi_memcpy                
00000409  __aeabi_memcpy4               
00000409  __aeabi_memcpy8               
ffffffff  __binit__                     
ffffffff  __c_args__                    
UNDEFED   __mpu_init                    
20000000  __stack                       
00000551  _c_int00_noargs               
UNDEFED   _system_post_cinit            
000005a3  _system_pre_init              
000005a7  abort                         
ffffffff  binit                         
20000200  data                          
00000000  g_pfnVectors                  
0000038b  init_i2c                      
0000036b  main                          
00000409  memcpy                        


GLOBAL SYMBOLS: SORTED BY Symbol Address 

address   name                          
-------   ----                          
00000000  __TI_static_base__            
00000000  g_pfnVectors                  
00000200  __STACK_SIZE                  
0000026d  Read                          
000002a9  Write                         
000002d7  WriteMulti                    
0000036b  main                          
0000038b  init_i2c                      
00000409  __aeabi_memcpy                
00000409  __aeabi_memcpy4               
00000409  __aeabi_memcpy8               
00000409  memcpy                        
000004a5  __TI_decompress_lzss          
0000050d  __TI_auto_init_nobinit_nopinit
00000551  _c_int00_noargs               
00000589  __TI_decompress_none          
00000597  ResetISR                      
000005a3  _system_pre_init              
000005a7  C$$EXIT                       
000005a7  abort                         
000005b0  __TI_Handler_Table_Base       
000005b8  __TI_Handler_Table_Limit      
000005c0  __TI_CINIT_Base               
000005c8  __TI_CINIT_Limit              
20000000  __stack                       
20000200  __STACK_END                   
20000200  __STACK_TOP                   
20000200  data                          
ffffffff  __TI_pprof_out_hndl           
ffffffff  __TI_prof_data_size           
ffffffff  __TI_prof_data_start          
ffffffff  __binit__                     
ffffffff  __c_args__                    
ffffffff  binit                         
UNDEFED   __mpu_init                    
UNDEFED   _system_post_cinit            

[36 symbols]
