******************************************************************************
                  TI ARM Linker PC v18.1.3                     
******************************************************************************
>> Linked Sat Dec 19 11:24:19 2020

OUTPUT FILE NAME:   <hafta0A_seriport_KESME.out>
ENTRY POINT SYMBOL: "_c_int00_noargs"  address: 00000809


MEMORY CONFIGURATION

         name            origin    length      used     unused   attr    fill
----------------------  --------  ---------  --------  --------  ----  --------
  FLASH                 00000000   00040000  00000b5a  0003f4a6  R  X
  SRAM                  20000000   00008000  0000046c  00007b94  RW X


SEGMENT ALLOCATION MAP

run origin  load origin   length   init length attrs members
----------  ----------- ---------- ----------- ----- -------
00000000    00000000    00000b5c   00000b5c    r-x
  00000000    00000000    0000026c   0000026c    r-- .intvecs
  0000026c    0000026c    0000074a   0000074a    r-x .text
  000009b8    000009b8    00000190   00000190    r-- .const
  00000b48    00000b48    00000014   00000014    r-- .cinit
20000000    20000000    00000470   00000000    rw-
  20000000    20000000    0000026c   00000000    rw- .vtable
  20000270    20000270    00000200   00000000    rw- .stack


SECTION ALLOCATION MAP

 output                                  attributes/
section   page    origin      length       input sections
--------  ----  ----------  ----------   ----------------
.intvecs   0    00000000    0000026c     
                  00000000    0000026c     tm4c123gh6pm_startup_ccs.obj (.intvecs)

.text      0    0000026c    0000074a     
                  0000026c    0000016c     driverlib.lib : gpio.obj (.text:GPIOPadConfigSet)
                  000003d8    00000118                   : sysctl.obj (.text:SysCtlClockGet)
                  000004f0    000000f4                   : sysctl.obj (.text:SysCtlClockSet)
                  000005e4    000000a4     main.obj (.text)
                  00000688    00000068     driverlib.lib : interrupt.obj (.text:IntEnable)
                  000006f0    0000004c                   : gpio.obj (.text:GPIOPinConfigure)
                  0000073c    00000046                   : uart.obj (.text:UARTConfigSetExpClk)
                  00000782    00000002     --HOLE-- [fill = 0]
                  00000784    00000044     rtsv7M4_T_le_v4SPD16_eabi.lib : autoinit.c.obj (.text:__TI_auto_init_nobinit_nopinit:__TI_auto_init_nobinit_nopinit)
                  000007c8    00000040     driverlib.lib : uart.obj (.text:_UARTIntNumberGet)
                  00000808    00000038     rtsv7M4_T_le_v4SPD16_eabi.lib : boot_cortex_m.c.obj (.text:_c_int00_noargs:_c_int00_noargs)
                  00000840    00000034     driverlib.lib : interrupt.obj (.text:IntRegister)
                  00000874    00000034                   : sysctl.obj (.text:SysCtlPeripheralEnable)
                  000008a8    0000002c                   : gpio.obj (.text:GPIODirModeSet)
                  000008d4    00000020                   : uart.obj (.text:UARTDisable)
                  000008f4    00000018                   : uart.obj (.text:UARTIntRegister)
                  0000090c    00000016                   : gpio.obj (.text:GPIOPinTypeUART)
                  00000922    00000014                   : uart.obj (.text:UARTEnable)
                  00000936    00000012     rtsv7M4_T_le_v4SPD16_eabi.lib : copy_zero_init.c.obj (.text:decompress:ZI:__TI_zero_init_nomemset:__TI_zero_init_nomemset)
                  00000948    00000010     driverlib.lib : interrupt.obj (.text:IntMasterEnable)
                  00000958    0000000e                   : uart.obj (.text:UARTCharsAvail)
                  00000966    0000000c                   : cpu.obj (.text:CPUcpsie)
                  00000972    0000000c     tm4c123gh6pm_startup_ccs.obj (.text)
                  0000097e    0000000a     driverlib.lib : uart.obj (.text:UARTCharGet)
                  00000988    0000000a                   : uart.obj (.text:UARTCharPut)
                  00000992    0000000a                   : uart.obj (.text:UARTIntStatus)
                  0000099c    00000008                   : uart.obj (.text:UARTIntEnable)
                  000009a4    00000006                   : sysctl.obj (.text:SysCtlDelay)
                  000009aa    00000004                   : uart.obj (.text:UARTIntClear)
                  000009ae    00000004     rtsv7M4_T_le_v4SPD16_eabi.lib : pre_init.c.obj (.text:_system_pre_init)
                  000009b2    00000004                                   : exit.c.obj (.text:abort:abort)

.const     0    000009b8    00000190     
                  000009b8    00000090     driverlib.lib : gpio.obj (.const:g_pui32GPIOBaseAddrs)
                  00000a48    0000006c                   : sysctl.obj (.const:g_pui32Xtals)
                  00000ab4    00000040                   : uart.obj (.const:g_ppui32UARTIntMap)
                  00000af4    00000040                   : uart.obj (.const:g_ppui32UARTIntMapSnowflake)
                  00000b34    00000014                   : interrupt.obj (.const:g_pui32EnRegs)

.cinit     0    00000b48    00000014     
                  00000b48    00000008     (.cinit..vtable.load) [load image, compression = zero_init]
                  00000b50    00000004     (__TI_handler_table)
                  00000b54    00000008     (__TI_cinit_table)

.init_array 
*          0    00000000    00000000     UNINITIALIZED

.vtable    0    20000000    0000026c     UNINITIALIZED
                  20000000    0000026c     driverlib.lib : interrupt.obj (.vtable)

.stack     0    20000270    00000200     UNINITIALIZED
                  20000270    00000004     rtsv7M4_T_le_v4SPD16_eabi.lib : boot_cortex_m.c.obj (.stack)
                  20000274    000001fc     --HOLE--

MODULE SUMMARY

       Module                         code   ro data   rw data
       ------                         ----   -------   -------
    .\
       tm4c123gh6pm_startup_ccs.obj   12     620       0      
       main.obj                       164    0         0      
    +--+------------------------------+------+---------+---------+
       Total:                         176    620       0      
                                                              
    C:/ti/TivaWare_C_Series-2.2.0.295/driverlib/ccs/Debug/driverlib.lib
       interrupt.obj                  172    20        620    
       sysctl.obj                     582    108       0      
       gpio.obj                       506    144       0      
       uart.obj                       266    128       0      
       cpu.obj                        12     0         0      
    +--+------------------------------+------+---------+---------+
       Total:                         1538   400       620    
                                                              
    C:\ti\ccsv8\tools\compiler\ti-cgt-arm_18.1.3.LTS\lib\rtsv7M4_T_le_v4SPD16_eabi.lib
       autoinit.c.obj                 68     0         0      
       boot_cortex_m.c.obj            56     0         0      
       copy_zero_init.c.obj           18     0         0      
       exit.c.obj                     4      0         0      
       pre_init.c.obj                 4      0         0      
    +--+------------------------------+------+---------+---------+
       Total:                         150    0         0      
                                                              
       Stack:                         0      0         512    
       Linker Generated:              0      20        0      
    +--+------------------------------+------+---------+---------+
       Grand Total:                   1864   1040      1132   


LINKER GENERATED COPY TABLES

__TI_cinit_table @ 00000b54 records: 1, size/record: 8, table size: 8
	.vtable: load addr=00000b48, load size=00000008 bytes, run addr=20000000, run size=0000026c bytes, compression=zero_init


LINKER GENERATED HANDLER TABLE

__TI_handler_table @ 00000b50 records: 1, size/record: 4, table size: 4
	index: 0, handler: __TI_zero_init


GLOBAL SYMBOLS: SORTED ALPHABETICALLY BY Name 

address   name                          
-------   ----                          
000009b3  C$$EXIT                       
00000967  CPUcpsie                      
000008a9  GPIODirModeSet                
0000026d  GPIOPadConfigSet              
000006f1  GPIOPinConfigure              
0000090d  GPIOPinTypeUART               
00000689  IntEnable                     
00000949  IntMasterEnable               
00000841  IntRegister                   
00000973  ResetISR                      
000003d9  SysCtlClockGet                
000004f1  SysCtlClockSet                
000009a5  SysCtlDelay                   
00000875  SysCtlPeripheralEnable        
0000097f  UARTCharGet                   
00000989  UARTCharPut                   
00000959  UARTCharsAvail                
0000073d  UARTConfigSetExpClk           
000008d5  UARTDisable                   
00000923  UARTEnable                    
000009ab  UARTIntClear                  
0000099d  UARTIntEnable                 
000005e5  UARTIntHandler                
000008f5  UARTIntRegister               
00000993  UARTIntStatus                 
20000470  __STACK_END                   
00000200  __STACK_SIZE                  
20000470  __STACK_TOP                   
00000b54  __TI_CINIT_Base               
00000b5c  __TI_CINIT_Limit              
00000b50  __TI_Handler_Table_Base       
00000b54  __TI_Handler_Table_Limit      
00000785  __TI_auto_init_nobinit_nopinit
ffffffff  __TI_pprof_out_hndl           
ffffffff  __TI_prof_data_size           
ffffffff  __TI_prof_data_start          
00000000  __TI_static_base__            
00000937  __TI_zero_init_nomemset       
ffffffff  __binit__                     
ffffffff  __c_args__                    
UNDEFED   __mpu_init                    
20000270  __stack                       
00000809  _c_int00_noargs               
UNDEFED   _system_post_cinit            
000009af  _system_pre_init              
000009b3  abort                         
ffffffff  binit                         
20000000  g_pfnRAMVectors               
00000000  g_pfnVectors                  
00000611  main                          


GLOBAL SYMBOLS: SORTED BY Symbol Address 

address   name                          
-------   ----                          
00000000  __TI_static_base__            
00000000  g_pfnVectors                  
00000200  __STACK_SIZE                  
0000026d  GPIOPadConfigSet              
000003d9  SysCtlClockGet                
000004f1  SysCtlClockSet                
000005e5  UARTIntHandler                
00000611  main                          
00000689  IntEnable                     
000006f1  GPIOPinConfigure              
0000073d  UARTConfigSetExpClk           
00000785  __TI_auto_init_nobinit_nopinit
00000809  _c_int00_noargs               
00000841  IntRegister                   
00000875  SysCtlPeripheralEnable        
000008a9  GPIODirModeSet                
000008d5  UARTDisable                   
000008f5  UARTIntRegister               
0000090d  GPIOPinTypeUART               
00000923  UARTEnable                    
00000937  __TI_zero_init_nomemset       
00000949  IntMasterEnable               
00000959  UARTCharsAvail                
00000967  CPUcpsie                      
00000973  ResetISR                      
0000097f  UARTCharGet                   
00000989  UARTCharPut                   
00000993  UARTIntStatus                 
0000099d  UARTIntEnable                 
000009a5  SysCtlDelay                   
000009ab  UARTIntClear                  
000009af  _system_pre_init              
000009b3  C$$EXIT                       
000009b3  abort                         
00000b50  __TI_Handler_Table_Base       
00000b54  __TI_CINIT_Base               
00000b54  __TI_Handler_Table_Limit      
00000b5c  __TI_CINIT_Limit              
20000000  g_pfnRAMVectors               
20000270  __stack                       
20000470  __STACK_END                   
20000470  __STACK_TOP                   
ffffffff  __TI_pprof_out_hndl           
ffffffff  __TI_prof_data_size           
ffffffff  __TI_prof_data_start          
ffffffff  __binit__                     
ffffffff  __c_args__                    
ffffffff  binit                         
UNDEFED   __mpu_init                    
UNDEFED   _system_post_cinit            

[50 symbols]
