******************************************************************************
                  TI ARM Linker PC v18.1.3                     
******************************************************************************
>> Linked Mon Nov  9 23:07:34 2020

OUTPUT FILE NAME:   <bbTimerApiliKesmeli.out>
ENTRY POINT SYMBOL: "_c_int00_noargs"  address: 000007f1


MEMORY CONFIGURATION

         name            origin    length      used     unused   attr    fill
----------------------  --------  ---------  --------  --------  ----  --------
  FLASH                 00000000   00040000  00000aac  0003f554  R  X
  SRAM                  20000000   00008000  0000046c  00007b94  RW X


SEGMENT ALLOCATION MAP

run origin  load origin   length   init length attrs members
----------  ----------- ---------- ----------- ----- -------
00000000    00000000    00000aac   00000aac    r-x
  00000000    00000000    0000026c   0000026c    r-- .intvecs
  0000026c    0000026c    0000070c   0000070c    r-x .text
  00000978    00000978    00000120   00000120    r-- .const
  00000a98    00000a98    00000014   00000014    r-- .cinit
20000000    20000000    00000470   00000000    rw-
  20000000    20000000    0000026c   00000000    rw- .vtable
  20000270    20000270    00000200   00000000    rw- .stack


SECTION ALLOCATION MAP

 output                                  attributes/
section   page    origin      length       input sections
--------  ----  ----------  ----------   ----------------
.intvecs   0    00000000    0000026c     
                  00000000    0000026c     tm4c123gh6pm_startup_ccs.obj (.intvecs)

.text      0    0000026c    0000070c     
                  0000026c    0000016c     driverlib.lib : gpio.obj (.text:GPIOPadConfigSet)
                  000003d8    00000118                   : sysctl.obj (.text:SysCtlClockGet)
                  000004f0    000000f4                   : sysctl.obj (.text:SysCtlClockSet)
                  000005e4    000000b4     main.obj (.text)
                  00000698    00000068     driverlib.lib : interrupt.obj (.text:IntEnable)
                  00000700    00000060                   : timer.obj (.text:TimerConfigure)
                  00000760    0000004c                   : timer.obj (.text:_TimerIntNumberGet)
                  000007ac    00000044     rtsv7M4_T_le_v4SPD16_eabi.lib : autoinit.c.obj (.text:__TI_auto_init_nobinit_nopinit:__TI_auto_init_nobinit_nopinit)
                  000007f0    00000038                                   : boot_cortex_m.c.obj (.text:_c_int00_noargs:_c_int00_noargs)
                  00000828    00000034     driverlib.lib : interrupt.obj (.text:IntRegister)
                  0000085c    00000034                   : sysctl.obj (.text:SysCtlPeripheralEnable)
                  00000890    0000002c                   : gpio.obj (.text:GPIODirModeSet)
                  000008bc    0000001a                   : gpio.obj (.text:GPIOPinTypeGPIOOutput)
                  000008d6    00000018                   : timer.obj (.text:TimerIntRegister)
                  000008ee    00000012                   : timer.obj (.text:TimerLoadSet)
                  00000900    00000012     rtsv7M4_T_le_v4SPD16_eabi.lib : copy_zero_init.c.obj (.text:decompress:ZI:__TI_zero_init_nomemset:__TI_zero_init_nomemset)
                  00000912    00000010     driverlib.lib : interrupt.obj (.text:IntMasterEnable)
                  00000922    0000000e                   : timer.obj (.text:TimerEnable)
                  00000930    0000000c                   : cpu.obj (.text:CPUcpsie)
                  0000093c    0000000c     tm4c123gh6pm_startup_ccs.obj (.text)
                  00000948    0000000a     driverlib.lib : timer.obj (.text:TimerValueGet)
                  00000952    00000008                   : timer.obj (.text:TimerIntEnable)
                  0000095a    00000006                   : gpio.obj (.text:GPIOPinRead)
                  00000960    00000006                   : gpio.obj (.text:GPIOPinWrite)
                  00000966    00000006                   : sysctl.obj (.text:SysCtlDelay)
                  0000096c    00000004                   : timer.obj (.text:TimerIntClear)
                  00000970    00000004     rtsv7M4_T_le_v4SPD16_eabi.lib : pre_init.c.obj (.text:_system_pre_init)
                  00000974    00000004                                   : exit.c.obj (.text:abort:abort)

.const     0    00000978    00000120     
                  00000978    0000006c     driverlib.lib : sysctl.obj (.const:g_pui32Xtals)
                  000009e4    00000060                   : timer.obj (.const:g_ppui32TimerIntMap)
                  00000a44    00000040                   : timer.obj (.const:g_ppui32TimerIntMapSnowflake)
                  00000a84    00000014                   : interrupt.obj (.const:g_pui32EnRegs)

.cinit     0    00000a98    00000014     
                  00000a98    00000008     (.cinit..vtable.load) [load image, compression = zero_init]
                  00000aa0    00000004     (__TI_handler_table)
                  00000aa4    00000008     (__TI_cinit_table)

.init_array 
*          0    00000000    00000000     UNINITIALIZED

.vtable    0    20000000    0000026c     UNINITIALIZED
                  20000000    0000026c     driverlib.lib : interrupt.obj (.vtable)

.stack     0    20000270    00000200     UNINITIALIZED
                  20000270    00000004     rtsv7M4_T_le_v4SPD16_eabi.lib : boot_cortex_m.c.obj (.stack)
                  20000274    000001fc     --HOLE--

MODULE SUMMARY

       Module                         code   ro data   rw data
       ------                         ----   -------   -------
    .\
       tm4c123gh6pm_startup_ccs.obj   12     620       0      
       main.obj                       180    0         0      
    +--+------------------------------+------+---------+---------+
       Total:                         192    620       0      
                                                              
    C:/ti/TivaWare_C_Series-2.2.0.295/driverlib/ccs/Debug/driverlib.lib
       interrupt.obj                  172    20        620    
       sysctl.obj                     582    108       0      
       gpio.obj                       446    0         0      
       timer.obj                      250    160       0      
       cpu.obj                        12     0         0      
    +--+------------------------------+------+---------+---------+
       Total:                         1462   288       620    
                                                              
    C:\ti\ccsv8\tools\compiler\ti-cgt-arm_18.1.3.LTS\lib\rtsv7M4_T_le_v4SPD16_eabi.lib
       autoinit.c.obj                 68     0         0      
       boot_cortex_m.c.obj            56     0         0      
       copy_zero_init.c.obj           18     0         0      
       exit.c.obj                     4      0         0      
       pre_init.c.obj                 4      0         0      
    +--+------------------------------+------+---------+---------+
       Total:                         150    0         0      
                                                              
       Stack:                         0      0         512    
       Linker Generated:              0      20        0      
    +--+------------------------------+------+---------+---------+
       Grand Total:                   1804   928       1132   


LINKER GENERATED COPY TABLES

__TI_cinit_table @ 00000aa4 records: 1, size/record: 8, table size: 8
	.vtable: load addr=00000a98, load size=00000008 bytes, run addr=20000000, run size=0000026c bytes, compression=zero_init


LINKER GENERATED HANDLER TABLE

__TI_handler_table @ 00000aa0 records: 1, size/record: 4, table size: 4
	index: 0, handler: __TI_zero_init


GLOBAL SYMBOLS: SORTED ALPHABETICALLY BY Name 

address   name                          
-------   ----                          
00000975  C$$EXIT                       
00000931  CPUcpsie                      
00000891  GPIODirModeSet                
0000026d  GPIOPadConfigSet              
0000095b  GPIOPinRead                   
000008bd  GPIOPinTypeGPIOOutput         
00000961  GPIOPinWrite                  
00000699  IntEnable                     
00000913  IntMasterEnable               
00000829  IntRegister                   
0000093d  ResetISR                      
000003d9  SysCtlClockGet                
000004f1  SysCtlClockSet                
00000967  SysCtlDelay                   
0000085d  SysCtlPeripheralEnable        
00000653  Timer0IntHandler              
00000701  TimerConfigure                
00000923  TimerEnable                   
0000096d  TimerIntClear                 
00000953  TimerIntEnable                
000008d7  TimerIntRegister              
000008ef  TimerLoadSet                  
00000949  TimerValueGet                 
20000470  __STACK_END                   
00000200  __STACK_SIZE                  
20000470  __STACK_TOP                   
00000aa4  __TI_CINIT_Base               
00000aac  __TI_CINIT_Limit              
00000aa0  __TI_Handler_Table_Base       
00000aa4  __TI_Handler_Table_Limit      
000007ad  __TI_auto_init_nobinit_nopinit
ffffffff  __TI_pprof_out_hndl           
ffffffff  __TI_prof_data_size           
ffffffff  __TI_prof_data_start          
00000000  __TI_static_base__            
00000901  __TI_zero_init_nomemset       
ffffffff  __binit__                     
ffffffff  __c_args__                    
UNDEFED   __mpu_init                    
20000270  __stack                       
000007f1  _c_int00_noargs               
UNDEFED   _system_post_cinit            
00000971  _system_pre_init              
00000975  abort                         
ffffffff  binit                         
20000000  g_pfnRAMVectors               
00000000  g_pfnVectors                  
000005e5  main                          


GLOBAL SYMBOLS: SORTED BY Symbol Address 

address   name                          
-------   ----                          
00000000  __TI_static_base__            
00000000  g_pfnVectors                  
00000200  __STACK_SIZE                  
0000026d  GPIOPadConfigSet              
000003d9  SysCtlClockGet                
000004f1  SysCtlClockSet                
000005e5  main                          
00000653  Timer0IntHandler              
00000699  IntEnable                     
00000701  TimerConfigure                
000007ad  __TI_auto_init_nobinit_nopinit
000007f1  _c_int00_noargs               
00000829  IntRegister                   
0000085d  SysCtlPeripheralEnable        
00000891  GPIODirModeSet                
000008bd  GPIOPinTypeGPIOOutput         
000008d7  TimerIntRegister              
000008ef  TimerLoadSet                  
00000901  __TI_zero_init_nomemset       
00000913  IntMasterEnable               
00000923  TimerEnable                   
00000931  CPUcpsie                      
0000093d  ResetISR                      
00000949  TimerValueGet                 
00000953  TimerIntEnable                
0000095b  GPIOPinRead                   
00000961  GPIOPinWrite                  
00000967  SysCtlDelay                   
0000096d  TimerIntClear                 
00000971  _system_pre_init              
00000975  C$$EXIT                       
00000975  abort                         
00000aa0  __TI_Handler_Table_Base       
00000aa4  __TI_CINIT_Base               
00000aa4  __TI_Handler_Table_Limit      
00000aac  __TI_CINIT_Limit              
20000000  g_pfnRAMVectors               
20000270  __stack                       
20000470  __STACK_END                   
20000470  __STACK_TOP                   
ffffffff  __TI_pprof_out_hndl           
ffffffff  __TI_prof_data_size           
ffffffff  __TI_prof_data_start          
ffffffff  __binit__                     
ffffffff  __c_args__                    
ffffffff  binit                         
UNDEFED   __mpu_init                    
UNDEFED   _system_post_cinit            

[48 symbols]
