******************************************************************************
                  TI ARM Linker PC v18.1.3                     
******************************************************************************
>> Linked Sun Dec 27 18:23:39 2020

OUTPUT FILE NAME:   <hafta0c_seriodevi.out>
ENTRY POINT SYMBOL: "_c_int00_noargs"  address: 00001c85


MEMORY CONFIGURATION

         name            origin    length      used     unused   attr    fill
----------------------  --------  ---------  --------  --------  ----  --------
  FLASH                 00000000   00040000  00002246  0003ddba  R  X
  SRAM                  20000000   00008000  000004ac  00007b54  RW X


SEGMENT ALLOCATION MAP

run origin  load origin   length   init length attrs members
----------  ----------- ---------- ----------- ----- -------
00000000    00000000    00002248   00002248    r-x
  00000000    00000000    0000026c   0000026c    r-- .intvecs
  0000026c    0000026c    00001c76   00001c76    r-x .text
  00001ee4    00001ee4    0000030c   0000030c    r-- .const
  000021f0    000021f0    00000058   00000058    r-- .cinit
20000000    20000000    000004b0   00000000    rw-
  20000000    20000000    0000026c   00000000    rw- .vtable
  20000270    20000270    00000200   00000000    rw- .stack
  20000470    20000470    00000028   00000000    rw- .data
  20000498    20000498    00000018   00000000    rw- .bss


SECTION ALLOCATION MAP

 output                                  attributes/
section   page    origin      length       input sections
--------  ----  ----------  ----------   ----------------
.intvecs   0    00000000    0000026c     
                  00000000    0000026c     tm4c123gh6pm_startup_ccs.obj (.intvecs)

.text      0    0000026c    00001c76     
                  0000026c    000014d4     main.obj (.text)
                  00001740    0000016c     driverlib.lib : gpio.obj (.text:GPIOPadConfigSet)
                  000018ac    0000009c     rtsv7M4_T_le_v4SPD16_eabi.lib : memcpy_t2.asm.obj (.text)
                  00001948    0000007a     driverlib.lib : adc.obj (.text:ADCSequenceStepConfigure)
                  000019c2    00000002                   : interrupt.obj (.text:_IntDefaultHandler)
                  000019c4    00000068                   : interrupt.obj (.text:IntDisable)
                  00001a2c    00000068                   : interrupt.obj (.text:IntEnable)
                  00001a94    00000068     rtsv7M4_T_le_v4SPD16_eabi.lib : copy_decompress_lzss.c.obj (.text:decompress:lzss:__TI_decompress_lzss)
                  00001afc    00000060     driverlib.lib : timer.obj (.text:TimerConfigure)
                  00001b5c    0000004e                   : adc.obj (.text:ADCSequenceConfigure)
                  00001baa    00000002     --HOLE-- [fill = 0]
                  00001bac    0000004c                   : gpio.obj (.text:GPIOPinConfigure)
                  00001bf8    00000046                   : uart.obj (.text:UARTConfigSetExpClk)
                  00001c3e    00000002     --HOLE-- [fill = 0]
                  00001c40    00000044     rtsv7M4_T_le_v4SPD16_eabi.lib : autoinit.c.obj (.text:__TI_auto_init_nobinit_nopinit:__TI_auto_init_nobinit_nopinit)
                  00001c84    00000038                                   : boot_cortex_m.c.obj (.text:_c_int00_noargs:_c_int00_noargs)
                  00001cbc    00000034     driverlib.lib : interrupt.obj (.text:IntRegister)
                  00001cf0    0000002e                   : adc.obj (.text:ADCIntStatus)
                  00001d1e    0000002c                   : gpio.obj (.text:GPIODirModeSet)
                  00001d4a    00000002     --HOLE-- [fill = 0]
                  00001d4c    00000020                   : uart.obj (.text:UARTDisable)
                  00001d6c    0000001e                   : adc.obj (.text:ADCSequenceDataGet)
                  00001d8a    0000001a                   : gpio.obj (.text:GPIOPinTypeGPIOOutput)
                  00001da4    00000018                   : adc.obj (.text:ADCProcessorTrigger)
                  00001dbc    00000018                   : timer.obj (.text:TimerDisable)
                  00001dd4    00000016                   : gpio.obj (.text:GPIOPinTypeGPIOInput)
                  00001dea    00000016                   : gpio.obj (.text:GPIOPinTypeUART)
                  00001e00    00000014                   : interrupt.obj (.text:IntUnregister)
                  00001e14    00000014                   : uart.obj (.text:UARTEnable)
                  00001e28    00000012                   : timer.obj (.text:TimerLoadSet)
                  00001e3a    00000012     rtsv7M4_T_le_v4SPD16_eabi.lib : copy_zero_init.c.obj (.text:decompress:ZI:__TI_zero_init_nomemset:__TI_zero_init_nomemset)
                  00001e4c    0000000e     driverlib.lib : adc.obj (.text:ADCSequenceEnable)
                  00001e5a    0000000e                   : timer.obj (.text:TimerEnable)
                  00001e68    0000000e                   : uart.obj (.text:UARTCharsAvail)
                  00001e76    0000000e     rtsv7M4_T_le_v4SPD16_eabi.lib : copy_decompress_none.c.obj (.text:decompress:none:__TI_decompress_none)
                  00001e84    0000000c     tm4c123gh6pm_startup_ccs.obj (.text)
                  00001e90    0000000a     driverlib.lib : adc.obj (.text:ADCIntClear)
                  00001e9a    0000000a                   : timer.obj (.text:TimerIntStatus)
                  00001ea4    0000000a                   : uart.obj (.text:UARTCharGet)
                  00001eae    0000000a                   : uart.obj (.text:UARTCharPut)
                  00001eb8    00000008                   : timer.obj (.text:TimerIntEnable)
                  00001ec0    00000006                   : gpio.obj (.text:GPIOPinRead)
                  00001ec6    00000006                   : gpio.obj (.text:GPIOPinWrite)
                  00001ecc    00000006     main.obj (.text:SysCtlDelay)
                  00001ed2    00000004     driverlib.lib : cpu.obj (.text:CPUwfi)
                  00001ed6    00000004                   : timer.obj (.text:TimerIntClear)
                  00001eda    00000004     rtsv7M4_T_le_v4SPD16_eabi.lib : pre_init.c.obj (.text:_system_pre_init)
                  00001ede    00000004                                   : exit.c.obj (.text:abort:abort)

.const     0    00001ee4    0000030c     
                  00001ee4    000001b0     main.obj (.const:g_pppui32XTALtoVCO)
                  00002094    00000090     driverlib.lib : gpio.obj (.const:g_pui32GPIOBaseAddrs)
                  00002124    0000006c     main.obj (.const:g_pui32Xtals)
                  00002190    00000030     main.obj (.const:g_sXTALtoMEMTIM)
                  000021c0    00000014     driverlib.lib : interrupt.obj (.const:g_pui32Dii16Regs)
                  000021d4    00000014                   : interrupt.obj (.const:g_pui32EnRegs)
                  000021e8    00000008     main.obj (.const:g_pui32VCOFrequencies)

.cinit     0    000021f0    00000058     
                  000021f0    00000020     (.cinit..data.load) [load image, compression = lzss]
                  00002210    0000000c     (__TI_handler_table)
                  0000221c    00000004     --HOLE-- [fill = 0]
                  00002220    00000008     (.cinit..bss.load) [load image, compression = zero_init]
                  00002228    00000008     (.cinit..vtable.load) [load image, compression = zero_init]
                  00002230    00000018     (__TI_cinit_table)

.init_array 
*          0    00000000    00000000     UNINITIALIZED

.vtable    0    20000000    0000026c     UNINITIALIZED
                  20000000    0000026c     driverlib.lib : interrupt.obj (.vtable)

.data      0    20000470    00000028     UNINITIALIZED
                  20000470    00000020     main.obj (.data:saatdizi)
                  20000490    00000008     main.obj (.data)

.bss       0    20000498    00000018     UNINITIALIZED
                  20000498    00000010     (.common:adcdata)
                  200004a8    00000004     (.common:gelenveri)
                  200004ac    00000004     (.common:timerkesmesi)

.stack     0    20000270    00000200     UNINITIALIZED
                  20000270    00000004     rtsv7M4_T_le_v4SPD16_eabi.lib : boot_cortex_m.c.obj (.stack)
                  20000274    000001fc     --HOLE--

MODULE SUMMARY

       Module                         code   ro data   rw data
       ------                         ----   -------   -------
    .\
       main.obj                       5338   596       64     
       tm4c123gh6pm_startup_ccs.obj   12     620       0      
    +--+------------------------------+------+---------+---------+
       Total:                         5350   1216      64     
                                                              
    C:/ti/TivaWare_C_Series-2.2.0.295/driverlib/ccs/Debug/driverlib.lib
       interrupt.obj                  282    40        620    
       gpio.obj                       566    144       0      
       adc.obj                        324    0         0      
       timer.obj                      174    0         0      
       uart.obj                       156    0         0      
       cpu.obj                        4      0         0      
    +--+------------------------------+------+---------+---------+
       Total:                         1506   184       620    
                                                              
    C:\ti\ccsv8\tools\compiler\ti-cgt-arm_18.1.3.LTS\lib\rtsv7M4_T_le_v4SPD16_eabi.lib
       memcpy_t2.asm.obj              156    0         0      
       copy_decompress_lzss.c.obj     104    0         0      
       autoinit.c.obj                 68     0         0      
       boot_cortex_m.c.obj            56     0         0      
       copy_zero_init.c.obj           18     0         0      
       copy_decompress_none.c.obj     14     0         0      
       exit.c.obj                     4      0         0      
       pre_init.c.obj                 4      0         0      
    +--+------------------------------+------+---------+---------+
       Total:                         424    0         0      
                                                              
       Stack:                         0      0         512    
       Linker Generated:              0      84        0      
    +--+------------------------------+------+---------+---------+
       Grand Total:                   7280   1484      1196   


LINKER GENERATED COPY TABLES

__TI_cinit_table @ 00002230 records: 3, size/record: 8, table size: 24
	.data: load addr=000021f0, load size=00000020 bytes, run addr=20000470, run size=00000028 bytes, compression=lzss
	.bss: load addr=00002220, load size=00000008 bytes, run addr=20000498, run size=00000018 bytes, compression=zero_init
	.vtable: load addr=00002228, load size=00000008 bytes, run addr=20000000, run size=0000026c bytes, compression=zero_init


LINKER GENERATED HANDLER TABLE

__TI_handler_table @ 00002210 records: 3, size/record: 4, table size: 12
	index: 0, handler: __TI_zero_init
	index: 1, handler: __TI_decompress_lzss
	index: 2, handler: __TI_decompress_none


GLOBAL SYMBOLS: SORTED ALPHABETICALLY BY Name 

address   name                            
-------   ----                            
00001e91  ADCIntClear                     
00001cf1  ADCIntStatus                    
00001da5  ADCProcessorTrigger             
00001b5d  ADCSequenceConfigure            
00001d6d  ADCSequenceDataGet              
00001e4d  ADCSequenceEnable               
00001949  ADCSequenceStepConfigure        
00001edf  C$$EXIT                         
00001ed3  CPUwfi                          
00001d1f  GPIODirModeSet                  
00001741  GPIOPadConfigSet                
00001bad  GPIOPinConfigure                
00001ec1  GPIOPinRead                     
00001dd5  GPIOPinTypeGPIOInput            
00001d8b  GPIOPinTypeGPIOOutput           
00001deb  GPIOPinTypeUART                 
00001ec7  GPIOPinWrite                    
000019c5  IntDisable                      
00001a2d  IntEnable                       
00001cbd  IntRegister                     
00001e01  IntUnregister                   
00001e85  ResetISR                        
000011a9  SysCtlAltClkConfig              
000008d1  SysCtlClockFreqSet              
00000d99  SysCtlClockGet                  
0000118d  SysCtlClockOutConfig            
00000bc9  SysCtlClockSet                  
000007d5  SysCtlDeepSleep                 
00000f5d  SysCtlDeepSleepClockConfigSet   
00000f3f  SysCtlDeepSleepClockSet         
000007b5  SysCtlDeepSleepPowerSet         
00001ecd  SysCtlDelay                     
00000363  SysCtlFlashSectorSizeGet        
00000337  SysCtlFlashSizeGet              
00001033  SysCtlGPIOAHBDisable            
00001017  SysCtlGPIOAHBEnable             
00000749  SysCtlIntClear                  
00000731  SysCtlIntDisable                
0000071d  SysCtlIntEnable                 
000006f5  SysCtlIntRegister               
00000759  SysCtlIntStatus                 
0000070d  SysCtlIntUnregister             
0000079b  SysCtlLDODeepSleepGet           
0000078b  SysCtlLDODeepSleepSet           
00000785  SysCtlLDOSleepGet               
00000775  SysCtlLDOSleepSet               
0000080b  SysCtlMOSCConfigSet             
00001171  SysCtlNMIClear                  
0000115d  SysCtlNMIStatus                 
00000821  SysCtlPIOSCCalibrate            
00001001  SysCtlPWMClockGet               
00000fe7  SysCtlPWMClockSet               
000006a1  SysCtlPeripheralClockGating     
00000659  SysCtlPeripheralDeepSleepDisable
00000609  SysCtlPeripheralDeepSleepEnable 
00000545  SysCtlPeripheralDisable         
00000509  SysCtlPeripheralEnable          
00000445  SysCtlPeripheralPowerOff        
00000409  SysCtlPeripheralPowerOn         
00000389  SysCtlPeripheralPresent         
000003c9  SysCtlPeripheralReady           
00000481  SysCtlPeripheralReset           
000005cd  SysCtlPeripheralSleepDisable    
00000589  SysCtlPeripheralSleepEnable     
000007c5  SysCtlReset                     
00000881  SysCtlResetBehaviorGet          
00000871  SysCtlResetBehaviorSet          
000007f7  SysCtlResetCauseClear           
000007f1  SysCtlResetCauseGet             
0000032d  SysCtlSRAMSizeGet               
000007cd  SysCtlSleep                     
000007a1  SysCtlSleepPowerSet             
0000105b  SysCtlUSBPLLDisable             
0000104f  SysCtlUSBPLLEnable              
000010a1  SysCtlVCOGet                    
00001089  SysCtlVoltageEventClear         
0000106d  SysCtlVoltageEventConfig        
0000107d  SysCtlVoltageEventStatus        
00001afd  TimerConfigure                  
00001dbd  TimerDisable                    
00001e5b  TimerEnable                     
00001ed7  TimerIntClear                   
00001eb9  TimerIntEnable                  
00001e9b  TimerIntStatus                  
00001e29  TimerLoadSet                    
00001ea5  UARTCharGet                     
00001eaf  UARTCharPut                     
00001e69  UARTCharsAvail                  
00001bf9  UARTConfigSetExpClk             
00001d4d  UARTDisable                     
00001e15  UARTEnable                      
20000470  __STACK_END                     
00000200  __STACK_SIZE                    
20000470  __STACK_TOP                     
00002230  __TI_CINIT_Base                 
00002248  __TI_CINIT_Limit                
00002210  __TI_Handler_Table_Base         
0000221c  __TI_Handler_Table_Limit        
00001c41  __TI_auto_init_nobinit_nopinit  
00001a95  __TI_decompress_lzss            
00001e77  __TI_decompress_none            
ffffffff  __TI_pprof_out_hndl             
ffffffff  __TI_prof_data_size             
ffffffff  __TI_prof_data_start            
00000000  __TI_static_base__              
00001e3b  __TI_zero_init_nomemset         
000018ad  __aeabi_memcpy                  
000018ad  __aeabi_memcpy4                 
000018ad  __aeabi_memcpy8                 
ffffffff  __binit__                       
ffffffff  __c_args__                      
UNDEFED   __mpu_init                      
20000270  __stack                         
00001c85  _c_int00_noargs                 
UNDEFED   _system_post_cinit              
00001edb  _system_pre_init                
00001edf  abort                           
20000498  adcdata                         
00001329  adcseridengonder                
ffffffff  binit                           
20000000  g_pfnRAMVectors                 
00000000  g_pfnVectors                    
20000494  gelensaatno                     
200004a8  gelenveri                       
000011cd  main                            
000018ad  memcpy                          
000014b1  pcyesaatgonder                  
20000470  saatdizi                        
00001519  saatkontrol                     
20000490  saatmi                          
000015f9  setinitsettings                 
200004ac  timerkesmesi                    


GLOBAL SYMBOLS: SORTED BY Symbol Address 

address   name                            
-------   ----                            
00000000  __TI_static_base__              
00000000  g_pfnVectors                    
00000200  __STACK_SIZE                    
0000032d  SysCtlSRAMSizeGet               
00000337  SysCtlFlashSizeGet              
00000363  SysCtlFlashSectorSizeGet        
00000389  SysCtlPeripheralPresent         
000003c9  SysCtlPeripheralReady           
00000409  SysCtlPeripheralPowerOn         
00000445  SysCtlPeripheralPowerOff        
00000481  SysCtlPeripheralReset           
00000509  SysCtlPeripheralEnable          
00000545  SysCtlPeripheralDisable         
00000589  SysCtlPeripheralSleepEnable     
000005cd  SysCtlPeripheralSleepDisable    
00000609  SysCtlPeripheralDeepSleepEnable 
00000659  SysCtlPeripheralDeepSleepDisable
000006a1  SysCtlPeripheralClockGating     
000006f5  SysCtlIntRegister               
0000070d  SysCtlIntUnregister             
0000071d  SysCtlIntEnable                 
00000731  SysCtlIntDisable                
00000749  SysCtlIntClear                  
00000759  SysCtlIntStatus                 
00000775  SysCtlLDOSleepSet               
00000785  SysCtlLDOSleepGet               
0000078b  SysCtlLDODeepSleepSet           
0000079b  SysCtlLDODeepSleepGet           
000007a1  SysCtlSleepPowerSet             
000007b5  SysCtlDeepSleepPowerSet         
000007c5  SysCtlReset                     
000007cd  SysCtlSleep                     
000007d5  SysCtlDeepSleep                 
000007f1  SysCtlResetCauseGet             
000007f7  SysCtlResetCauseClear           
0000080b  SysCtlMOSCConfigSet             
00000821  SysCtlPIOSCCalibrate            
00000871  SysCtlResetBehaviorSet          
00000881  SysCtlResetBehaviorGet          
000008d1  SysCtlClockFreqSet              
00000bc9  SysCtlClockSet                  
00000d99  SysCtlClockGet                  
00000f3f  SysCtlDeepSleepClockSet         
00000f5d  SysCtlDeepSleepClockConfigSet   
00000fe7  SysCtlPWMClockSet               
00001001  SysCtlPWMClockGet               
00001017  SysCtlGPIOAHBEnable             
00001033  SysCtlGPIOAHBDisable            
0000104f  SysCtlUSBPLLEnable              
0000105b  SysCtlUSBPLLDisable             
0000106d  SysCtlVoltageEventConfig        
0000107d  SysCtlVoltageEventStatus        
00001089  SysCtlVoltageEventClear         
000010a1  SysCtlVCOGet                    
0000115d  SysCtlNMIStatus                 
00001171  SysCtlNMIClear                  
0000118d  SysCtlClockOutConfig            
000011a9  SysCtlAltClkConfig              
000011cd  main                            
00001329  adcseridengonder                
000014b1  pcyesaatgonder                  
00001519  saatkontrol                     
000015f9  setinitsettings                 
00001741  GPIOPadConfigSet                
000018ad  __aeabi_memcpy                  
000018ad  __aeabi_memcpy4                 
000018ad  __aeabi_memcpy8                 
000018ad  memcpy                          
00001949  ADCSequenceStepConfigure        
000019c5  IntDisable                      
00001a2d  IntEnable                       
00001a95  __TI_decompress_lzss            
00001afd  TimerConfigure                  
00001b5d  ADCSequenceConfigure            
00001bad  GPIOPinConfigure                
00001bf9  UARTConfigSetExpClk             
00001c41  __TI_auto_init_nobinit_nopinit  
00001c85  _c_int00_noargs                 
00001cbd  IntRegister                     
00001cf1  ADCIntStatus                    
00001d1f  GPIODirModeSet                  
00001d4d  UARTDisable                     
00001d6d  ADCSequenceDataGet              
00001d8b  GPIOPinTypeGPIOOutput           
00001da5  ADCProcessorTrigger             
00001dbd  TimerDisable                    
00001dd5  GPIOPinTypeGPIOInput            
00001deb  GPIOPinTypeUART                 
00001e01  IntUnregister                   
00001e15  UARTEnable                      
00001e29  TimerLoadSet                    
00001e3b  __TI_zero_init_nomemset         
00001e4d  ADCSequenceEnable               
00001e5b  TimerEnable                     
00001e69  UARTCharsAvail                  
00001e77  __TI_decompress_none            
00001e85  ResetISR                        
00001e91  ADCIntClear                     
00001e9b  TimerIntStatus                  
00001ea5  UARTCharGet                     
00001eaf  UARTCharPut                     
00001eb9  TimerIntEnable                  
00001ec1  GPIOPinRead                     
00001ec7  GPIOPinWrite                    
00001ecd  SysCtlDelay                     
00001ed3  CPUwfi                          
00001ed7  TimerIntClear                   
00001edb  _system_pre_init                
00001edf  C$$EXIT                         
00001edf  abort                           
00002210  __TI_Handler_Table_Base         
0000221c  __TI_Handler_Table_Limit        
00002230  __TI_CINIT_Base                 
00002248  __TI_CINIT_Limit                
20000000  g_pfnRAMVectors                 
20000270  __stack                         
20000470  __STACK_END                     
20000470  __STACK_TOP                     
20000470  saatdizi                        
20000490  saatmi                          
20000494  gelensaatno                     
20000498  adcdata                         
200004a8  gelenveri                       
200004ac  timerkesmesi                    
ffffffff  __TI_pprof_out_hndl             
ffffffff  __TI_prof_data_size             
ffffffff  __TI_prof_data_start            
ffffffff  __binit__                       
ffffffff  __c_args__                      
ffffffff  binit                           
UNDEFED   __mpu_init                      
UNDEFED   _system_post_cinit              

[132 symbols]
