******************************************************************************
                  TI ARM Linker PC v18.1.3                     
******************************************************************************
>> Linked Sun Nov 15 18:59:58 2020

OUTPUT FILE NAME:   <wachdogapili.out>
ENTRY POINT SYMBOL: "_c_int00_noargs"  address: 0000166d


MEMORY CONFIGURATION

         name            origin    length      used     unused   attr    fill
----------------------  --------  ---------  --------  --------  ----  --------
  FLASH                 00000000   00040000  00001aa6  0003e55a  R  X
  SRAM                  20000000   00008000  00000474  00007b8c  RW X


SEGMENT ALLOCATION MAP

run origin  load origin   length   init length attrs members
----------  ----------- ---------- ----------- ----- -------
00000000    00000000    00001aa8   00001aa8    r-x
  00000000    00000000    0000026c   0000026c    r-- .intvecs
  0000026c    0000026c    00001586   00001586    r-x .text
  000017f4    000017f4    0000027c   0000027c    r-- .const
  00001a70    00001a70    00000038   00000038    r-- .cinit
20000000    20000000    00000478   00000000    rw-
  20000000    20000000    0000026c   00000000    rw- .vtable
  20000270    20000270    00000200   00000000    rw- .stack
  20000470    20000470    00000008   00000000    rw- .data


SECTION ALLOCATION MAP

 output                                  attributes/
section   page    origin      length       input sections
--------  ----  ----------  ----------   ----------------
.intvecs   0    00000000    0000026c     
                  00000000    0000026c     tm4c123gh6pm_startup_ccs.obj (.intvecs)

.text      0    0000026c    00001586     
                  0000026c    0000107c     main.obj (.text)
                  000012e8    0000016c     driverlib.lib : gpio.obj (.text:GPIOPadConfigSet)
                  00001454    0000009c     rtsv7M4_T_le_v4SPD16_eabi.lib : memcpy_t2.asm.obj (.text)
                  000014f0    00000068     driverlib.lib : interrupt.obj (.text:IntDisable)
                  00001558    00000068                   : interrupt.obj (.text:IntEnable)
                  000015c0    00000068     rtsv7M4_T_le_v4SPD16_eabi.lib : copy_decompress_lzss.c.obj (.text:decompress:lzss:__TI_decompress_lzss)
                  00001628    00000044                                   : autoinit.c.obj (.text:__TI_auto_init_nobinit_nopinit:__TI_auto_init_nobinit_nopinit)
                  0000166c    00000038                                   : boot_cortex_m.c.obj (.text:_c_int00_noargs:_c_int00_noargs)
                  000016a4    00000034     driverlib.lib : interrupt.obj (.text:IntRegister)
                  000016d8    0000002c                   : gpio.obj (.text:GPIODirModeSet)
                  00001704    0000001a                   : gpio.obj (.text:GPIOPinTypeGPIOOutput)
                  0000171e    00000016                   : gpio.obj (.text:GPIOPinTypeGPIOInput)
                  00001734    00000014                   : interrupt.obj (.text:IntUnregister)
                  00001748    00000012     rtsv7M4_T_le_v4SPD16_eabi.lib : copy_zero_init.c.obj (.text:decompress:ZI:__TI_zero_init_nomemset:__TI_zero_init_nomemset)
                  0000175a    00000010     driverlib.lib : interrupt.obj (.text:IntMasterEnable)
                  0000176a    00000010                   : watchdog.obj (.text:WatchdogIntRegister)
                  0000177a    0000000e                   : watchdog.obj (.text:WatchdogLockState)
                  00001788    0000000e     rtsv7M4_T_le_v4SPD16_eabi.lib : copy_decompress_none.c.obj (.text:decompress:none:__TI_decompress_none)
                  00001796    0000000c     driverlib.lib : cpu.obj (.text:CPUcpsie)
                  000017a2    00000002                   : interrupt.obj (.text:_IntDefaultHandler)
                  000017a4    0000000c                   : watchdog.obj (.text:WatchdogUnlock)
                  000017b0    0000000c     tm4c123gh6pm_startup_ccs.obj (.text)
                  000017bc    0000000a     driverlib.lib : watchdog.obj (.text:WatchdogEnable)
                  000017c6    0000000a                   : watchdog.obj (.text:WatchdogIntEnable)
                  000017d0    00000006                   : gpio.obj (.text:GPIOPinWrite)
                  000017d6    00000006     main.obj (.text:SysCtlDelay)
                  000017dc    00000006     driverlib.lib : watchdog.obj (.text:WatchdogIntClear)
                  000017e2    00000004                   : cpu.obj (.text:CPUwfi)
                  000017e6    00000004                   : watchdog.obj (.text:WatchdogReloadSet)
                  000017ea    00000004     rtsv7M4_T_le_v4SPD16_eabi.lib : pre_init.c.obj (.text:_system_pre_init)
                  000017ee    00000004                                   : exit.c.obj (.text:abort:abort)

.const     0    000017f4    0000027c     
                  000017f4    000001b0     main.obj (.const:g_pppui32XTALtoVCO)
                  000019a4    0000006c     main.obj (.const:g_pui32Xtals)
                  00001a10    00000030     main.obj (.const:g_sXTALtoMEMTIM)
                  00001a40    00000014     driverlib.lib : interrupt.obj (.const:g_pui32Dii16Regs)
                  00001a54    00000014                   : interrupt.obj (.const:g_pui32EnRegs)
                  00001a68    00000008     main.obj (.const:g_pui32VCOFrequencies)

.cinit     0    00001a70    00000038     
                  00001a70    0000000d     (.cinit..data.load) [load image, compression = lzss]
                  00001a7d    00000003     --HOLE-- [fill = 0]
                  00001a80    0000000c     (__TI_handler_table)
                  00001a8c    00000004     --HOLE-- [fill = 0]
                  00001a90    00000008     (.cinit..vtable.load) [load image, compression = zero_init]
                  00001a98    00000010     (__TI_cinit_table)

.init_array 
*          0    00000000    00000000     UNINITIALIZED

.vtable    0    20000000    0000026c     UNINITIALIZED
                  20000000    0000026c     driverlib.lib : interrupt.obj (.vtable)

.data      0    20000470    00000008     UNINITIALIZED
                  20000470    00000008     main.obj (.data)

.stack     0    20000270    00000200     UNINITIALIZED
                  20000270    00000004     rtsv7M4_T_le_v4SPD16_eabi.lib : boot_cortex_m.c.obj (.stack)
                  20000274    000001fc     --HOLE--

MODULE SUMMARY

       Module                         code   ro data   rw data
       ------                         ----   -------   -------
    .\
       main.obj                       4226   596       8      
       tm4c123gh6pm_startup_ccs.obj   12     620       0      
    +--+------------------------------+------+---------+---------+
       Total:                         4238   1216      8      
                                                              
    C:/ti/TivaWare_C_Series-2.2.0.295/driverlib/ccs/Debug/driverlib.lib
       interrupt.obj                  298    40        620    
       gpio.obj                       462    0         0      
       watchdog.obj                   72     0         0      
       cpu.obj                        16     0         0      
    +--+------------------------------+------+---------+---------+
       Total:                         848    40        620    
                                                              
    C:\ti\ccsv8\tools\compiler\ti-cgt-arm_18.1.3.LTS\lib\rtsv7M4_T_le_v4SPD16_eabi.lib
       memcpy_t2.asm.obj              156    0         0      
       copy_decompress_lzss.c.obj     104    0         0      
       autoinit.c.obj                 68     0         0      
       boot_cortex_m.c.obj            56     0         0      
       copy_zero_init.c.obj           18     0         0      
       copy_decompress_none.c.obj     14     0         0      
       exit.c.obj                     4      0         0      
       pre_init.c.obj                 4      0         0      
    +--+------------------------------+------+---------+---------+
       Total:                         424    0         0      
                                                              
       Stack:                         0      0         512    
       Linker Generated:              0      49        0      
    +--+------------------------------+------+---------+---------+
       Grand Total:                   5510   1305      1140   


LINKER GENERATED COPY TABLES

__TI_cinit_table @ 00001a98 records: 2, size/record: 8, table size: 16
	.data: load addr=00001a70, load size=0000000d bytes, run addr=20000470, run size=00000008 bytes, compression=lzss
	.vtable: load addr=00001a90, load size=00000008 bytes, run addr=20000000, run size=0000026c bytes, compression=zero_init


LINKER GENERATED HANDLER TABLE

__TI_handler_table @ 00001a80 records: 3, size/record: 4, table size: 12
	index: 0, handler: __TI_zero_init
	index: 1, handler: __TI_decompress_lzss
	index: 2, handler: __TI_decompress_none


GLOBAL SYMBOLS: SORTED ALPHABETICALLY BY Name 

address   name                            
-------   ----                            
000017ef  C$$EXIT                         
00001797  CPUcpsie                        
000017e3  CPUwfi                          
000016d9  GPIODirModeSet                  
000012e9  GPIOPadConfigSet                
0000171f  GPIOPinTypeGPIOInput            
00001705  GPIOPinTypeGPIOOutput           
000017d1  GPIOPinWrite                    
000014f1  IntDisable                      
00001559  IntEnable                       
0000175b  IntMasterEnable                 
000016a5  IntRegister                     
00001735  IntUnregister                   
000017b1  ResetISR                        
00001209  SetInitSettings                 
000011a9  SysCtlAltClkConfig              
000008d1  SysCtlClockFreqSet              
00000d99  SysCtlClockGet                  
0000118d  SysCtlClockOutConfig            
00000bc9  SysCtlClockSet                  
000007d5  SysCtlDeepSleep                 
00000f5d  SysCtlDeepSleepClockConfigSet   
00000f3f  SysCtlDeepSleepClockSet         
000007b5  SysCtlDeepSleepPowerSet         
000017d7  SysCtlDelay                     
00000363  SysCtlFlashSectorSizeGet        
00000337  SysCtlFlashSizeGet              
00001033  SysCtlGPIOAHBDisable            
00001017  SysCtlGPIOAHBEnable             
00000749  SysCtlIntClear                  
00000731  SysCtlIntDisable                
0000071d  SysCtlIntEnable                 
000006f5  SysCtlIntRegister               
00000759  SysCtlIntStatus                 
0000070d  SysCtlIntUnregister             
0000079b  SysCtlLDODeepSleepGet           
0000078b  SysCtlLDODeepSleepSet           
00000785  SysCtlLDOSleepGet               
00000775  SysCtlLDOSleepSet               
0000080b  SysCtlMOSCConfigSet             
00001171  SysCtlNMIClear                  
0000115d  SysCtlNMIStatus                 
00000821  SysCtlPIOSCCalibrate            
00001001  SysCtlPWMClockGet               
00000fe7  SysCtlPWMClockSet               
000006a1  SysCtlPeripheralClockGating     
00000659  SysCtlPeripheralDeepSleepDisable
00000609  SysCtlPeripheralDeepSleepEnable 
00000545  SysCtlPeripheralDisable         
00000509  SysCtlPeripheralEnable          
00000445  SysCtlPeripheralPowerOff        
00000409  SysCtlPeripheralPowerOn         
00000389  SysCtlPeripheralPresent         
000003c9  SysCtlPeripheralReady           
00000481  SysCtlPeripheralReset           
000005cd  SysCtlPeripheralSleepDisable    
00000589  SysCtlPeripheralSleepEnable     
000007c5  SysCtlReset                     
00000881  SysCtlResetBehaviorGet          
00000871  SysCtlResetBehaviorSet          
000007f7  SysCtlResetCauseClear           
000007f1  SysCtlResetCauseGet             
0000032d  SysCtlSRAMSizeGet               
000007cd  SysCtlSleep                     
000007a1  SysCtlSleepPowerSet             
0000105b  SysCtlUSBPLLDisable             
0000104f  SysCtlUSBPLLEnable              
000010a1  SysCtlVCOGet                    
00001089  SysCtlVoltageEventClear         
0000106d  SysCtlVoltageEventConfig        
0000107d  SysCtlVoltageEventStatus        
000017bd  WatchdogEnable                  
000017dd  WatchdogIntClear                
000017c7  WatchdogIntEnable               
0000176b  WatchdogIntRegister             
0000177b  WatchdogLockState               
000017e7  WatchdogReloadSet               
000017a5  WatchdogUnlock                  
20000470  __STACK_END                     
00000200  __STACK_SIZE                    
20000470  __STACK_TOP                     
00001a98  __TI_CINIT_Base                 
00001aa8  __TI_CINIT_Limit                
00001a80  __TI_Handler_Table_Base         
00001a8c  __TI_Handler_Table_Limit        
00001629  __TI_auto_init_nobinit_nopinit  
000015c1  __TI_decompress_lzss            
00001789  __TI_decompress_none            
ffffffff  __TI_pprof_out_hndl             
ffffffff  __TI_prof_data_size             
ffffffff  __TI_prof_data_start            
00000000  __TI_static_base__              
00001749  __TI_zero_init_nomemset         
00001455  __aeabi_memcpy                  
00001455  __aeabi_memcpy4                 
00001455  __aeabi_memcpy8                 
ffffffff  __binit__                       
ffffffff  __c_args__                      
UNDEFED   __mpu_init                      
20000270  __stack                         
0000166d  _c_int00_noargs                 
UNDEFED   _system_post_cinit              
000017eb  _system_pre_init                
20000474  a                               
000017ef  abort                           
ffffffff  binit                           
20000000  g_pfnRAMVectors                 
00000000  g_pfnVectors                    
000011eb  main                            
00001455  memcpy                          
20000470  wcd                             
000011b9  wdtkesme                        


GLOBAL SYMBOLS: SORTED BY Symbol Address 

address   name                            
-------   ----                            
00000000  __TI_static_base__              
00000000  g_pfnVectors                    
00000200  __STACK_SIZE                    
0000032d  SysCtlSRAMSizeGet               
00000337  SysCtlFlashSizeGet              
00000363  SysCtlFlashSectorSizeGet        
00000389  SysCtlPeripheralPresent         
000003c9  SysCtlPeripheralReady           
00000409  SysCtlPeripheralPowerOn         
00000445  SysCtlPeripheralPowerOff        
00000481  SysCtlPeripheralReset           
00000509  SysCtlPeripheralEnable          
00000545  SysCtlPeripheralDisable         
00000589  SysCtlPeripheralSleepEnable     
000005cd  SysCtlPeripheralSleepDisable    
00000609  SysCtlPeripheralDeepSleepEnable 
00000659  SysCtlPeripheralDeepSleepDisable
000006a1  SysCtlPeripheralClockGating     
000006f5  SysCtlIntRegister               
0000070d  SysCtlIntUnregister             
0000071d  SysCtlIntEnable                 
00000731  SysCtlIntDisable                
00000749  SysCtlIntClear                  
00000759  SysCtlIntStatus                 
00000775  SysCtlLDOSleepSet               
00000785  SysCtlLDOSleepGet               
0000078b  SysCtlLDODeepSleepSet           
0000079b  SysCtlLDODeepSleepGet           
000007a1  SysCtlSleepPowerSet             
000007b5  SysCtlDeepSleepPowerSet         
000007c5  SysCtlReset                     
000007cd  SysCtlSleep                     
000007d5  SysCtlDeepSleep                 
000007f1  SysCtlResetCauseGet             
000007f7  SysCtlResetCauseClear           
0000080b  SysCtlMOSCConfigSet             
00000821  SysCtlPIOSCCalibrate            
00000871  SysCtlResetBehaviorSet          
00000881  SysCtlResetBehaviorGet          
000008d1  SysCtlClockFreqSet              
00000bc9  SysCtlClockSet                  
00000d99  SysCtlClockGet                  
00000f3f  SysCtlDeepSleepClockSet         
00000f5d  SysCtlDeepSleepClockConfigSet   
00000fe7  SysCtlPWMClockSet               
00001001  SysCtlPWMClockGet               
00001017  SysCtlGPIOAHBEnable             
00001033  SysCtlGPIOAHBDisable            
0000104f  SysCtlUSBPLLEnable              
0000105b  SysCtlUSBPLLDisable             
0000106d  SysCtlVoltageEventConfig        
0000107d  SysCtlVoltageEventStatus        
00001089  SysCtlVoltageEventClear         
000010a1  SysCtlVCOGet                    
0000115d  SysCtlNMIStatus                 
00001171  SysCtlNMIClear                  
0000118d  SysCtlClockOutConfig            
000011a9  SysCtlAltClkConfig              
000011b9  wdtkesme                        
000011eb  main                            
00001209  SetInitSettings                 
000012e9  GPIOPadConfigSet                
00001455  __aeabi_memcpy                  
00001455  __aeabi_memcpy4                 
00001455  __aeabi_memcpy8                 
00001455  memcpy                          
000014f1  IntDisable                      
00001559  IntEnable                       
000015c1  __TI_decompress_lzss            
00001629  __TI_auto_init_nobinit_nopinit  
0000166d  _c_int00_noargs                 
000016a5  IntRegister                     
000016d9  GPIODirModeSet                  
00001705  GPIOPinTypeGPIOOutput           
0000171f  GPIOPinTypeGPIOInput            
00001735  IntUnregister                   
00001749  __TI_zero_init_nomemset         
0000175b  IntMasterEnable                 
0000176b  WatchdogIntRegister             
0000177b  WatchdogLockState               
00001789  __TI_decompress_none            
00001797  CPUcpsie                        
000017a5  WatchdogUnlock                  
000017b1  ResetISR                        
000017bd  WatchdogEnable                  
000017c7  WatchdogIntEnable               
000017d1  GPIOPinWrite                    
000017d7  SysCtlDelay                     
000017dd  WatchdogIntClear                
000017e3  CPUwfi                          
000017e7  WatchdogReloadSet               
000017eb  _system_pre_init                
000017ef  C$$EXIT                         
000017ef  abort                           
00001a80  __TI_Handler_Table_Base         
00001a8c  __TI_Handler_Table_Limit        
00001a98  __TI_CINIT_Base                 
00001aa8  __TI_CINIT_Limit                
20000000  g_pfnRAMVectors                 
20000270  __stack                         
20000470  __STACK_END                     
20000470  __STACK_TOP                     
20000470  wcd                             
20000474  a                               
ffffffff  __TI_pprof_out_hndl             
ffffffff  __TI_prof_data_size             
ffffffff  __TI_prof_data_start            
ffffffff  __binit__                       
ffffffff  __c_args__                      
ffffffff  binit                           
UNDEFED   __mpu_init                      
UNDEFED   _system_post_cinit              

[112 symbols]
