******************************************************************************
                  TI ARM Linker PC v18.1.3                     
******************************************************************************
>> Linked Sun Nov 15 19:41:15 2020

OUTPUT FILE NAME:   <wachdogapili2.out>
ENTRY POINT SYMBOL: "_c_int00_noargs"  address: 00000871


MEMORY CONFIGURATION

         name            origin    length      used     unused   attr    fill
----------------------  --------  ---------  --------  --------  ----  --------
  FLASH                 00000000   00040000  00000a7a  0003f586  R  X
  SRAM                  20000000   00008000  0000046d  00007b93  RW X


SEGMENT ALLOCATION MAP

run origin  load origin   length   init length attrs members
----------  ----------- ---------- ----------- ----- -------
00000000    00000000    00000a80   00000a80    r-x
  00000000    00000000    0000026c   0000026c    r-- .intvecs
  0000026c    0000026c    0000075e   0000075e    r-x .text
  000009cc    000009cc    00000080   00000080    r-- .const
  00000a50    00000a50    00000030   00000030    r-- .cinit
20000000    20000000    00000470   00000000    rw-
  20000000    20000000    0000026c   00000000    rw- .vtable
  2000026c    2000026c    00000001   00000000    rw- .data
  20000270    20000270    00000200   00000000    rw- .stack


SECTION ALLOCATION MAP

 output                                  attributes/
section   page    origin      length       input sections
--------  ----  ----------  ----------   ----------------
.intvecs   0    00000000    0000026c     
                  00000000    0000026c     tm4c123gh6pm_startup_ccs.obj (.intvecs)

.text      0    0000026c    0000075e     
                  0000026c    0000016c     driverlib.lib : gpio.obj (.text:GPIOPadConfigSet)
                  000003d8    00000118                   : sysctl.obj (.text:SysCtlClockGet)
                  000004f0    000000f4                   : sysctl.obj (.text:SysCtlClockSet)
                  000005e4    000000a4     main.obj (.text)
                  00000688    0000009c     rtsv7M4_T_le_v4SPD16_eabi.lib : memcpy_t2.asm.obj (.text)
                  00000724    00000068     driverlib.lib : interrupt.obj (.text:IntEnable)
                  0000078c    00000068     rtsv7M4_T_le_v4SPD16_eabi.lib : copy_decompress_lzss.c.obj (.text:decompress:lzss:__TI_decompress_lzss)
                  000007f4    00000044                                   : autoinit.c.obj (.text:__TI_auto_init_nobinit_nopinit:__TI_auto_init_nobinit_nopinit)
                  00000838    00000038     driverlib.lib : sysctl.obj (.text:SysCtlPeripheralReady)
                  00000870    00000038     rtsv7M4_T_le_v4SPD16_eabi.lib : boot_cortex_m.c.obj (.text:_c_int00_noargs:_c_int00_noargs)
                  000008a8    00000034     driverlib.lib : interrupt.obj (.text:IntRegister)
                  000008dc    00000034                   : sysctl.obj (.text:SysCtlPeripheralEnable)
                  00000910    0000002c                   : gpio.obj (.text:GPIODirModeSet)
                  0000093c    0000001a                   : gpio.obj (.text:GPIOPinTypeGPIOOutput)
                  00000956    00000012     rtsv7M4_T_le_v4SPD16_eabi.lib : copy_zero_init.c.obj (.text:decompress:ZI:__TI_zero_init_nomemset:__TI_zero_init_nomemset)
                  00000968    00000010     driverlib.lib : watchdog.obj (.text:WatchdogIntRegister)
                  00000978    0000000e     rtsv7M4_T_le_v4SPD16_eabi.lib : copy_decompress_none.c.obj (.text:decompress:none:__TI_decompress_none)
                  00000986    0000000c     tm4c123gh6pm_startup_ccs.obj (.text)
                  00000992    0000000a     driverlib.lib : watchdog.obj (.text:WatchdogEnable)
                  0000099c    0000000a                   : watchdog.obj (.text:WatchdogIntEnable)
                  000009a6    00000006                   : gpio.obj (.text:GPIOPinRead)
                  000009ac    00000006                   : gpio.obj (.text:GPIOPinWrite)
                  000009b2    00000006                   : sysctl.obj (.text:SysCtlDelay)
                  000009b8    00000006                   : watchdog.obj (.text:WatchdogIntClear)
                  000009be    00000004                   : watchdog.obj (.text:WatchdogReloadSet)
                  000009c2    00000004     rtsv7M4_T_le_v4SPD16_eabi.lib : pre_init.c.obj (.text:_system_pre_init)
                  000009c6    00000004                                   : exit.c.obj (.text:abort:abort)

.const     0    000009cc    00000080     
                  000009cc    0000006c     driverlib.lib : sysctl.obj (.const:g_pui32Xtals)
                  00000a38    00000014                   : interrupt.obj (.const:g_pui32EnRegs)

.cinit     0    00000a50    00000030     
                  00000a50    0000000c     (__TI_handler_table)
                  00000a5c    00000004     --HOLE-- [fill = 0]
                  00000a60    00000008     (.cinit..vtable.load) [load image, compression = zero_init]
                  00000a68    00000005     (.cinit..data.load) [load image, compression = lzss]
                  00000a6d    00000003     --HOLE-- [fill = 0]
                  00000a70    00000010     (__TI_cinit_table)

.init_array 
*          0    00000000    00000000     UNINITIALIZED

.vtable    0    20000000    0000026c     UNINITIALIZED
                  20000000    0000026c     driverlib.lib : interrupt.obj (.vtable)

.data      0    2000026c    00000001     UNINITIALIZED
                  2000026c    00000001     main.obj (.data)

.stack     0    20000270    00000200     UNINITIALIZED
                  20000270    00000004     rtsv7M4_T_le_v4SPD16_eabi.lib : boot_cortex_m.c.obj (.stack)
                  20000274    000001fc     --HOLE--

MODULE SUMMARY

       Module                         code   ro data   rw data
       ------                         ----   -------   -------
    .\
       tm4c123gh6pm_startup_ccs.obj   12     620       0      
       main.obj                       164    0         1      
    +--+------------------------------+------+---------+---------+
       Total:                         176    620       1      
                                                              
    C:/ti/TivaWare_C_Series-2.2.0.295/driverlib/ccs/Debug/driverlib.lib
       interrupt.obj                  156    20        620    
       sysctl.obj                     638    108       0      
       gpio.obj                       446    0         0      
       watchdog.obj                   46     0         0      
    +--+------------------------------+------+---------+---------+
       Total:                         1286   128       620    
                                                              
    C:\ti\ccsv8\tools\compiler\ti-cgt-arm_18.1.3.LTS\lib\rtsv7M4_T_le_v4SPD16_eabi.lib
       memcpy_t2.asm.obj              156    0         0      
       copy_decompress_lzss.c.obj     104    0         0      
       autoinit.c.obj                 68     0         0      
       boot_cortex_m.c.obj            56     0         0      
       copy_zero_init.c.obj           18     0         0      
       copy_decompress_none.c.obj     14     0         0      
       exit.c.obj                     4      0         0      
       pre_init.c.obj                 4      0         0      
    +--+------------------------------+------+---------+---------+
       Total:                         424    0         0      
                                                              
       Stack:                         0      0         512    
       Linker Generated:              0      41        0      
    +--+------------------------------+------+---------+---------+
       Grand Total:                   1886   789       1133   


LINKER GENERATED COPY TABLES

__TI_cinit_table @ 00000a70 records: 2, size/record: 8, table size: 16
	.vtable: load addr=00000a60, load size=00000008 bytes, run addr=20000000, run size=0000026c bytes, compression=zero_init
	.data: load addr=00000a68, load size=00000005 bytes, run addr=2000026c, run size=00000001 bytes, compression=lzss


LINKER GENERATED HANDLER TABLE

__TI_handler_table @ 00000a50 records: 3, size/record: 4, table size: 12
	index: 0, handler: __TI_zero_init
	index: 1, handler: __TI_decompress_lzss
	index: 2, handler: __TI_decompress_none


GLOBAL SYMBOLS: SORTED ALPHABETICALLY BY Name 

address   name                          
-------   ----                          
000009c7  C$$EXIT                       
00000911  GPIODirModeSet                
0000026d  GPIOPadConfigSet              
000009a7  GPIOPinRead                   
0000093d  GPIOPinTypeGPIOOutput         
000009ad  GPIOPinWrite                  
00000725  IntEnable                     
000008a9  IntRegister                   
00000987  ResetISR                      
000003d9  SysCtlClockGet                
000004f1  SysCtlClockSet                
000009b3  SysCtlDelay                   
000008dd  SysCtlPeripheralEnable        
00000839  SysCtlPeripheralReady         
00000993  WatchdogEnable                
000009b9  WatchdogIntClear              
0000099d  WatchdogIntEnable             
0000063f  WatchdogIntHandler            
00000969  WatchdogIntRegister           
000009bf  WatchdogReloadSet             
20000470  __STACK_END                   
00000200  __STACK_SIZE                  
20000470  __STACK_TOP                   
00000a70  __TI_CINIT_Base               
00000a80  __TI_CINIT_Limit              
00000a50  __TI_Handler_Table_Base       
00000a5c  __TI_Handler_Table_Limit      
000007f5  __TI_auto_init_nobinit_nopinit
0000078d  __TI_decompress_lzss          
00000979  __TI_decompress_none          
ffffffff  __TI_pprof_out_hndl           
ffffffff  __TI_prof_data_size           
ffffffff  __TI_prof_data_start          
00000000  __TI_static_base__            
00000957  __TI_zero_init_nomemset       
00000689  __aeabi_memcpy                
00000689  __aeabi_memcpy4               
00000689  __aeabi_memcpy8               
ffffffff  __binit__                     
ffffffff  __c_args__                    
UNDEFED   __mpu_init                    
20000270  __stack                       
00000871  _c_int00_noargs               
UNDEFED   _system_post_cinit            
000009c3  _system_pre_init              
000009c7  abort                         
ffffffff  binit                         
20000000  g_pfnRAMVectors               
00000000  g_pfnVectors                  
000005e5  main                          
00000689  memcpy                        
2000026c  tetik                         


GLOBAL SYMBOLS: SORTED BY Symbol Address 

address   name                          
-------   ----                          
00000000  __TI_static_base__            
00000000  g_pfnVectors                  
00000200  __STACK_SIZE                  
0000026d  GPIOPadConfigSet              
000003d9  SysCtlClockGet                
000004f1  SysCtlClockSet                
000005e5  main                          
0000063f  WatchdogIntHandler            
00000689  __aeabi_memcpy                
00000689  __aeabi_memcpy4               
00000689  __aeabi_memcpy8               
00000689  memcpy                        
00000725  IntEnable                     
0000078d  __TI_decompress_lzss          
000007f5  __TI_auto_init_nobinit_nopinit
00000839  SysCtlPeripheralReady         
00000871  _c_int00_noargs               
000008a9  IntRegister                   
000008dd  SysCtlPeripheralEnable        
00000911  GPIODirModeSet                
0000093d  GPIOPinTypeGPIOOutput         
00000957  __TI_zero_init_nomemset       
00000969  WatchdogIntRegister           
00000979  __TI_decompress_none          
00000987  ResetISR                      
00000993  WatchdogEnable                
0000099d  WatchdogIntEnable             
000009a7  GPIOPinRead                   
000009ad  GPIOPinWrite                  
000009b3  SysCtlDelay                   
000009b9  WatchdogIntClear              
000009bf  WatchdogReloadSet             
000009c3  _system_pre_init              
000009c7  C$$EXIT                       
000009c7  abort                         
00000a50  __TI_Handler_Table_Base       
00000a5c  __TI_Handler_Table_Limit      
00000a70  __TI_CINIT_Base               
00000a80  __TI_CINIT_Limit              
20000000  g_pfnRAMVectors               
2000026c  tetik                         
20000270  __stack                       
20000470  __STACK_END                   
20000470  __STACK_TOP                   
ffffffff  __TI_pprof_out_hndl           
ffffffff  __TI_prof_data_size           
ffffffff  __TI_prof_data_start          
ffffffff  __binit__                     
ffffffff  __c_args__                    
ffffffff  binit                         
UNDEFED   __mpu_init                    
UNDEFED   _system_post_cinit            

[52 symbols]
