******************************************************************************
                  TI ARM Linker PC v18.1.3                     
******************************************************************************
>> Linked Tue Dec 22 11:55:00 2020

OUTPUT FILE NAME:   <hafta0csleep1ogr.out>
ENTRY POINT SYMBOL: "_c_int00_noargs"  address: 00001691


MEMORY CONFIGURATION

         name            origin    length      used     unused   attr    fill
----------------------  --------  ---------  --------  --------  ----  --------
  FLASH                 00000000   00040000  00001cc4  0003e33c  R  X
  SRAM                  20000000   00008000  0000046c  00007b94  RW X


SEGMENT ALLOCATION MAP

run origin  load origin   length   init length attrs members
----------  ----------- ---------- ----------- ----- -------
00000000    00000000    00001cc4   00001cc4    r-x
  00000000    00000000    0000026c   0000026c    r-- .intvecs
  0000026c    0000026c    00001630   00001630    r-x .text
  0000189c    0000189c    00000414   00000414    r-- .const
  00001cb0    00001cb0    00000014   00000014    r-- .cinit
20000000    20000000    00000470   00000000    rw-
  20000000    20000000    0000026c   00000000    rw- .vtable
  20000270    20000270    00000200   00000000    rw- .stack


SECTION ALLOCATION MAP

 output                                  attributes/
section   page    origin      length       input sections
--------  ----  ----------  ----------   ----------------
.intvecs   0    00000000    0000026c     
                  00000000    0000026c     tm4c123gh6pm_startup_ccs.obj (.intvecs)

.text      0    0000026c    00001630     
                  0000026c    000010a4     main.obj (.text)
                  00001310    0000016c     driverlib.lib : gpio.obj (.text:GPIOPadConfigSet)
                  0000147c    00000068                   : interrupt.obj (.text:IntDisable)
                  000014e4    00000068                   : interrupt.obj (.text:IntEnable)
                  0000154c    00000064                   : hibernate.obj (.text:HibernateWakeSet)
                  000015b0    00000058                   : gpio.obj (.text:GPIOIntTypeSet)
                  00001608    00000044                   : gpio.obj (.text:_GPIOIntNumberGet)
                  0000164c    00000044     rtsv7M4_T_le_v4SPD16_eabi.lib : autoinit.c.obj (.text:__TI_auto_init_nobinit_nopinit:__TI_auto_init_nobinit_nopinit)
                  00001690    00000038                                   : boot_cortex_m.c.obj (.text:_c_int00_noargs:_c_int00_noargs)
                  000016c8    00000034     driverlib.lib : interrupt.obj (.text:IntRegister)
                  000016fc    0000002c                   : gpio.obj (.text:GPIODirModeSet)
                  00001728    0000002c                   : hibernate.obj (.text:HibernateRTCSet)
                  00001754    0000001a                   : gpio.obj (.text:GPIOPinTypeGPIOOutput)
                  0000176e    00000018                   : gpio.obj (.text:GPIOIntRegister)
                  00001786    00000002                   : interrupt.obj (.text:_IntDefaultHandler)
                  00001788    00000018                   : hibernate.obj (.text:HibernateGPIORetentionEnable)
                  000017a0    00000016                   : gpio.obj (.text:GPIOPinTypeGPIOInput)
                  000017b6    00000002     --HOLE-- [fill = 0]
                  000017b8    00000014                   : hibernate.obj (.text:HibernateEnableExpClk)
                  000017cc    00000014                   : hibernate.obj (.text:HibernateRTCEnable)
                  000017e0    00000014                   : hibernate.obj (.text:HibernateRequest)
                  000017f4    00000014                   : interrupt.obj (.text:IntUnregister)
                  00001808    00000012     rtsv7M4_T_le_v4SPD16_eabi.lib : copy_zero_init.c.obj (.text:decompress:ZI:__TI_zero_init_nomemset:__TI_zero_init_nomemset)
                  0000181a    00000002     --HOLE-- [fill = 0]
                  0000181c    00000010     driverlib.lib : hibernate.obj (.text:HibernateRTCMatchSet)
                  0000182c    00000010                   : interrupt.obj (.text:IntMasterEnable)
                  0000183c    00000010                   : hibernate.obj (.text:_HibernateWriteComplete)
                  0000184c    0000000e                   : gpio.obj (.text:GPIOIntStatus)
                  0000185a    0000000c                   : cpu.obj (.text:CPUcpsie)
                  00001866    0000000c                   : gpio.obj (.text:GPIOIntEnable)
                  00001872    0000000c     tm4c123gh6pm_startup_ccs.obj (.text)
                  0000187e    00000006     driverlib.lib : gpio.obj (.text:GPIOIntClear)
                  00001884    00000006                   : gpio.obj (.text:GPIOPinWrite)
                  0000188a    00000006     main.obj (.text:SysCtlDelay)
                  00001890    00000004     driverlib.lib : cpu.obj (.text:CPUwfi)
                  00001894    00000004     rtsv7M4_T_le_v4SPD16_eabi.lib : pre_init.c.obj (.text:_system_pre_init)
                  00001898    00000004                                   : exit.c.obj (.text:abort:abort)

.const     0    0000189c    00000414     
                  0000189c    000001b0     main.obj (.const:g_pppui32XTALtoVCO)
                  00001a4c    000000d8     driverlib.lib : gpio.obj (.const:g_ppui32GPIOIntMapSnowflake)
                  00001b24    000000c0                   : gpio.obj (.const:g_ppui32GPIOIntMapBlizzard)
                  00001be4    0000006c     main.obj (.const:g_pui32Xtals)
                  00001c50    00000030     main.obj (.const:g_sXTALtoMEMTIM)
                  00001c80    00000014     driverlib.lib : interrupt.obj (.const:g_pui32Dii16Regs)
                  00001c94    00000014                   : interrupt.obj (.const:g_pui32EnRegs)
                  00001ca8    00000008     main.obj (.const:g_pui32VCOFrequencies)

.cinit     0    00001cb0    00000014     
                  00001cb0    00000008     (.cinit..vtable.load) [load image, compression = zero_init]
                  00001cb8    00000004     (__TI_handler_table)
                  00001cbc    00000008     (__TI_cinit_table)

.init_array 
*          0    00000000    00000000     UNINITIALIZED

.vtable    0    20000000    0000026c     UNINITIALIZED
                  20000000    0000026c     driverlib.lib : interrupt.obj (.vtable)

.stack     0    20000270    00000200     UNINITIALIZED
                  20000270    00000004     rtsv7M4_T_le_v4SPD16_eabi.lib : boot_cortex_m.c.obj (.stack)
                  20000274    000001fc     --HOLE--

MODULE SUMMARY

       Module                         code   ro data   rw data
       ------                         ----   -------   -------
    .\
       main.obj                       4266   596       0      
       tm4c123gh6pm_startup_ccs.obj   12     620       0      
    +--+------------------------------+------+---------+---------+
       Total:                         4278   1216      0      
                                                              
    C:/ti/TivaWare_C_Series-2.2.0.295/driverlib/ccs/Debug/driverlib.lib
       gpio.obj                       674    408       0      
       interrupt.obj                  298    40        620    
       hibernate.obj                  260    0         0      
       cpu.obj                        16     0         0      
    +--+------------------------------+------+---------+---------+
       Total:                         1248   448       620    
                                                              
    C:\ti\ccsv8\tools\compiler\ti-cgt-arm_18.1.3.LTS\lib\rtsv7M4_T_le_v4SPD16_eabi.lib
       autoinit.c.obj                 68     0         0      
       boot_cortex_m.c.obj            56     0         0      
       copy_zero_init.c.obj           18     0         0      
       exit.c.obj                     4      0         0      
       pre_init.c.obj                 4      0         0      
    +--+------------------------------+------+---------+---------+
       Total:                         150    0         0      
                                                              
       Stack:                         0      0         512    
       Linker Generated:              0      20        0      
    +--+------------------------------+------+---------+---------+
       Grand Total:                   5676   1684      1132   


LINKER GENERATED COPY TABLES

__TI_cinit_table @ 00001cbc records: 1, size/record: 8, table size: 8
	.vtable: load addr=00001cb0, load size=00000008 bytes, run addr=20000000, run size=0000026c bytes, compression=zero_init


LINKER GENERATED HANDLER TABLE

__TI_handler_table @ 00001cb8 records: 1, size/record: 4, table size: 4
	index: 0, handler: __TI_zero_init


GLOBAL SYMBOLS: SORTED ALPHABETICALLY BY Name 

address   name                            
-------   ----                            
00001899  C$$EXIT                         
0000185b  CPUcpsie                        
00001891  CPUwfi                          
000016fd  GPIODirModeSet                  
0000187f  GPIOIntClear                    
00001867  GPIOIntEnable                   
0000176f  GPIOIntRegister                 
0000184d  GPIOIntStatus                   
000015b1  GPIOIntTypeSet                  
00001311  GPIOPadConfigSet                
000017a1  GPIOPinTypeGPIOInput            
00001755  GPIOPinTypeGPIOOutput           
00001885  GPIOPinWrite                    
000017b9  HibernateEnableExpClk           
00001789  HibernateGPIORetentionEnable    
000017cd  HibernateRTCEnable              
0000181d  HibernateRTCMatchSet            
00001729  HibernateRTCSet                 
000017e1  HibernateRequest                
0000154d  HibernateWakeSet                
0000147d  IntDisable                      
000014e5  IntEnable                       
0000182d  IntMasterEnable                 
000016c9  IntRegister                     
000017f5  IntUnregister                   
00001873  ResetISR                        
00001229  SetInitSettings                 
000011a9  SysCtlAltClkConfig              
000008d1  SysCtlClockFreqSet              
00000d99  SysCtlClockGet                  
0000118d  SysCtlClockOutConfig            
00000bc9  SysCtlClockSet                  
000007d5  SysCtlDeepSleep                 
00000f5d  SysCtlDeepSleepClockConfigSet   
00000f3f  SysCtlDeepSleepClockSet         
000007b5  SysCtlDeepSleepPowerSet         
0000188b  SysCtlDelay                     
00000363  SysCtlFlashSectorSizeGet        
00000337  SysCtlFlashSizeGet              
00001033  SysCtlGPIOAHBDisable            
00001017  SysCtlGPIOAHBEnable             
00000749  SysCtlIntClear                  
00000731  SysCtlIntDisable                
0000071d  SysCtlIntEnable                 
000006f5  SysCtlIntRegister               
00000759  SysCtlIntStatus                 
0000070d  SysCtlIntUnregister             
0000079b  SysCtlLDODeepSleepGet           
0000078b  SysCtlLDODeepSleepSet           
00000785  SysCtlLDOSleepGet               
00000775  SysCtlLDOSleepSet               
0000080b  SysCtlMOSCConfigSet             
00001171  SysCtlNMIClear                  
0000115d  SysCtlNMIStatus                 
00000821  SysCtlPIOSCCalibrate            
00001001  SysCtlPWMClockGet               
00000fe7  SysCtlPWMClockSet               
000006a1  SysCtlPeripheralClockGating     
00000659  SysCtlPeripheralDeepSleepDisable
00000609  SysCtlPeripheralDeepSleepEnable 
00000545  SysCtlPeripheralDisable         
00000509  SysCtlPeripheralEnable          
00000445  SysCtlPeripheralPowerOff        
00000409  SysCtlPeripheralPowerOn         
00000389  SysCtlPeripheralPresent         
000003c9  SysCtlPeripheralReady           
00000481  SysCtlPeripheralReset           
000005cd  SysCtlPeripheralSleepDisable    
00000589  SysCtlPeripheralSleepEnable     
000007c5  SysCtlReset                     
00000881  SysCtlResetBehaviorGet          
00000871  SysCtlResetBehaviorSet          
000007f7  SysCtlResetCauseClear           
000007f1  SysCtlResetCauseGet             
0000032d  SysCtlSRAMSizeGet               
000007cd  SysCtlSleep                     
000007a1  SysCtlSleepPowerSet             
0000105b  SysCtlUSBPLLDisable             
0000104f  SysCtlUSBPLLEnable              
000010a1  SysCtlVCOGet                    
00001089  SysCtlVoltageEventClear         
0000106d  SysCtlVoltageEventConfig        
0000107d  SysCtlVoltageEventStatus        
20000470  __STACK_END                     
00000200  __STACK_SIZE                    
20000470  __STACK_TOP                     
00001cbc  __TI_CINIT_Base                 
00001cc4  __TI_CINIT_Limit                
00001cb8  __TI_Handler_Table_Base         
00001cbc  __TI_Handler_Table_Limit        
0000164d  __TI_auto_init_nobinit_nopinit  
ffffffff  __TI_pprof_out_hndl             
ffffffff  __TI_prof_data_size             
ffffffff  __TI_prof_data_start            
00000000  __TI_static_base__              
00001809  __TI_zero_init_nomemset         
ffffffff  __binit__                       
ffffffff  __c_args__                      
UNDEFED   __mpu_init                      
20000270  __stack                         
00001691  _c_int00_noargs                 
UNDEFED   _system_post_cinit              
00001895  _system_pre_init                
00001899  abort                           
ffffffff  binit                           
20000000  g_pfnRAMVectors                 
00000000  g_pfnVectors                    
000011b9  haricikesme                     
000011f1  main                            


GLOBAL SYMBOLS: SORTED BY Symbol Address 

address   name                            
-------   ----                            
00000000  __TI_static_base__              
00000000  g_pfnVectors                    
00000200  __STACK_SIZE                    
0000032d  SysCtlSRAMSizeGet               
00000337  SysCtlFlashSizeGet              
00000363  SysCtlFlashSectorSizeGet        
00000389  SysCtlPeripheralPresent         
000003c9  SysCtlPeripheralReady           
00000409  SysCtlPeripheralPowerOn         
00000445  SysCtlPeripheralPowerOff        
00000481  SysCtlPeripheralReset           
00000509  SysCtlPeripheralEnable          
00000545  SysCtlPeripheralDisable         
00000589  SysCtlPeripheralSleepEnable     
000005cd  SysCtlPeripheralSleepDisable    
00000609  SysCtlPeripheralDeepSleepEnable 
00000659  SysCtlPeripheralDeepSleepDisable
000006a1  SysCtlPeripheralClockGating     
000006f5  SysCtlIntRegister               
0000070d  SysCtlIntUnregister             
0000071d  SysCtlIntEnable                 
00000731  SysCtlIntDisable                
00000749  SysCtlIntClear                  
00000759  SysCtlIntStatus                 
00000775  SysCtlLDOSleepSet               
00000785  SysCtlLDOSleepGet               
0000078b  SysCtlLDODeepSleepSet           
0000079b  SysCtlLDODeepSleepGet           
000007a1  SysCtlSleepPowerSet             
000007b5  SysCtlDeepSleepPowerSet         
000007c5  SysCtlReset                     
000007cd  SysCtlSleep                     
000007d5  SysCtlDeepSleep                 
000007f1  SysCtlResetCauseGet             
000007f7  SysCtlResetCauseClear           
0000080b  SysCtlMOSCConfigSet             
00000821  SysCtlPIOSCCalibrate            
00000871  SysCtlResetBehaviorSet          
00000881  SysCtlResetBehaviorGet          
000008d1  SysCtlClockFreqSet              
00000bc9  SysCtlClockSet                  
00000d99  SysCtlClockGet                  
00000f3f  SysCtlDeepSleepClockSet         
00000f5d  SysCtlDeepSleepClockConfigSet   
00000fe7  SysCtlPWMClockSet               
00001001  SysCtlPWMClockGet               
00001017  SysCtlGPIOAHBEnable             
00001033  SysCtlGPIOAHBDisable            
0000104f  SysCtlUSBPLLEnable              
0000105b  SysCtlUSBPLLDisable             
0000106d  SysCtlVoltageEventConfig        
0000107d  SysCtlVoltageEventStatus        
00001089  SysCtlVoltageEventClear         
000010a1  SysCtlVCOGet                    
0000115d  SysCtlNMIStatus                 
00001171  SysCtlNMIClear                  
0000118d  SysCtlClockOutConfig            
000011a9  SysCtlAltClkConfig              
000011b9  haricikesme                     
000011f1  main                            
00001229  SetInitSettings                 
00001311  GPIOPadConfigSet                
0000147d  IntDisable                      
000014e5  IntEnable                       
0000154d  HibernateWakeSet                
000015b1  GPIOIntTypeSet                  
0000164d  __TI_auto_init_nobinit_nopinit  
00001691  _c_int00_noargs                 
000016c9  IntRegister                     
000016fd  GPIODirModeSet                  
00001729  HibernateRTCSet                 
00001755  GPIOPinTypeGPIOOutput           
0000176f  GPIOIntRegister                 
00001789  HibernateGPIORetentionEnable    
000017a1  GPIOPinTypeGPIOInput            
000017b9  HibernateEnableExpClk           
000017cd  HibernateRTCEnable              
000017e1  HibernateRequest                
000017f5  IntUnregister                   
00001809  __TI_zero_init_nomemset         
0000181d  HibernateRTCMatchSet            
0000182d  IntMasterEnable                 
0000184d  GPIOIntStatus                   
0000185b  CPUcpsie                        
00001867  GPIOIntEnable                   
00001873  ResetISR                        
0000187f  GPIOIntClear                    
00001885  GPIOPinWrite                    
0000188b  SysCtlDelay                     
00001891  CPUwfi                          
00001895  _system_pre_init                
00001899  C$$EXIT                         
00001899  abort                           
00001cb8  __TI_Handler_Table_Base         
00001cbc  __TI_CINIT_Base                 
00001cbc  __TI_Handler_Table_Limit        
00001cc4  __TI_CINIT_Limit                
20000000  g_pfnRAMVectors                 
20000270  __stack                         
20000470  __STACK_END                     
20000470  __STACK_TOP                     
ffffffff  __TI_pprof_out_hndl             
ffffffff  __TI_prof_data_size             
ffffffff  __TI_prof_data_start            
ffffffff  __binit__                       
ffffffff  __c_args__                      
ffffffff  binit                           
UNDEFED   __mpu_init                      
UNDEFED   _system_post_cinit              

[109 symbols]
