******************************************************************************
                  TI ARM Linker PC v18.1.3                     
******************************************************************************
>> Linked Mon Dec 28 23:20:02 2020

OUTPUT FILE NAME:   <hafta0c_seriodevi2.out>
ENTRY POINT SYMBOL: "_c_int00_noargs"  address: 00001f35


MEMORY CONFIGURATION

         name            origin    length      used     unused   attr    fill
----------------------  --------  ---------  --------  --------  ----  --------
  FLASH                 00000000   00040000  00002516  0003daea  R  X
  SRAM                  20000000   00008000  000004b0  00007b50  RW X


SEGMENT ALLOCATION MAP

run origin  load origin   length   init length attrs members
----------  ----------- ---------- ----------- ----- -------
00000000    00000000    00002518   00002518    r-x
  00000000    00000000    0000026c   0000026c    r-- .intvecs
  0000026c    0000026c    00001f46   00001f46    r-x .text
  000021b4    000021b4    0000030c   0000030c    r-- .const
  000024c0    000024c0    00000058   00000058    r-- .cinit
20000000    20000000    000004b4   00000000    rw-
  20000000    20000000    0000026c   00000000    rw- .vtable
  20000270    20000270    00000200   00000000    rw- .stack
  20000470    20000470    0000002c   00000000    rw- .data
  2000049c    2000049c    00000018   00000000    rw- .bss


SECTION ALLOCATION MAP

 output                                  attributes/
section   page    origin      length       input sections
--------  ----  ----------  ----------   ----------------
.intvecs   0    00000000    0000026c     
                  00000000    0000026c     tm4c123gh6pm_startup_ccs.obj (.intvecs)

.text      0    0000026c    00001f46     
                  0000026c    000016e0     main.obj (.text)
                  0000194c    0000016c     driverlib.lib : gpio.obj (.text:GPIOPadConfigSet)
                  00001ab8    000000a4     rtsv7M4_T_le_v4SPD16_eabi.lib : s_sinf.c.obj (.text:sinf)
                  00001b5c    0000009c                                   : memcpy_t2.asm.obj (.text)
                  00001bf8    0000007a     driverlib.lib : adc.obj (.text:ADCSequenceStepConfigure)
                  00001c72    00000002                   : interrupt.obj (.text:_IntDefaultHandler)
                  00001c74    00000068                   : interrupt.obj (.text:IntDisable)
                  00001cdc    00000068                   : interrupt.obj (.text:IntEnable)
                  00001d44    00000068     rtsv7M4_T_le_v4SPD16_eabi.lib : copy_decompress_lzss.c.obj (.text:decompress:lzss:__TI_decompress_lzss)
                  00001dac    00000060     driverlib.lib : timer.obj (.text:TimerConfigure)
                  00001e0c    0000004e                   : adc.obj (.text:ADCSequenceConfigure)
                  00001e5a    00000002     --HOLE-- [fill = 0]
                  00001e5c    0000004c                   : gpio.obj (.text:GPIOPinConfigure)
                  00001ea8    00000046                   : uart.obj (.text:UARTConfigSetExpClk)
                  00001eee    00000002     --HOLE-- [fill = 0]
                  00001ef0    00000044     rtsv7M4_T_le_v4SPD16_eabi.lib : autoinit.c.obj (.text:__TI_auto_init_nobinit_nopinit:__TI_auto_init_nobinit_nopinit)
                  00001f34    00000038                                   : boot_cortex_m.c.obj (.text:_c_int00_noargs:_c_int00_noargs)
                  00001f6c    00000034     driverlib.lib : interrupt.obj (.text:IntRegister)
                  00001fa0    0000002e                   : adc.obj (.text:ADCIntStatus)
                  00001fce    0000002c                   : gpio.obj (.text:GPIODirModeSet)
                  00001ffa    00000002     --HOLE-- [fill = 0]
                  00001ffc    00000020                   : uart.obj (.text:UARTDisable)
                  0000201c    0000001e                   : adc.obj (.text:ADCSequenceDataGet)
                  0000203a    0000001a                   : gpio.obj (.text:GPIOPinTypeGPIOOutput)
                  00002054    00000018                   : adc.obj (.text:ADCProcessorTrigger)
                  0000206c    00000018                   : timer.obj (.text:TimerDisable)
                  00002084    00000016                   : gpio.obj (.text:GPIOPinTypeGPIOInput)
                  0000209a    00000016                   : gpio.obj (.text:GPIOPinTypeUART)
                  000020b0    00000014                   : interrupt.obj (.text:IntUnregister)
                  000020c4    00000014                   : uart.obj (.text:UARTEnable)
                  000020d8    00000012                   : timer.obj (.text:TimerLoadSet)
                  000020ea    00000012     rtsv7M4_T_le_v4SPD16_eabi.lib : copy_zero_init.c.obj (.text:decompress:ZI:__TI_zero_init_nomemset:__TI_zero_init_nomemset)
                  000020fc    00000010     driverlib.lib : fpu.obj (.text:FPUEnable)
                  0000210c    00000010                   : fpu.obj (.text:FPULazyStackingEnable)
                  0000211c    0000000e                   : adc.obj (.text:ADCSequenceEnable)
                  0000212a    0000000e                   : timer.obj (.text:TimerEnable)
                  00002138    0000000e                   : uart.obj (.text:UARTCharsAvail)
                  00002146    0000000e     rtsv7M4_T_le_v4SPD16_eabi.lib : copy_decompress_none.c.obj (.text:decompress:none:__TI_decompress_none)
                  00002154    0000000c     tm4c123gh6pm_startup_ccs.obj (.text)
                  00002160    0000000a     driverlib.lib : adc.obj (.text:ADCIntClear)
                  0000216a    0000000a                   : timer.obj (.text:TimerIntStatus)
                  00002174    0000000a                   : uart.obj (.text:UARTCharGet)
                  0000217e    0000000a                   : uart.obj (.text:UARTCharPut)
                  00002188    00000008                   : timer.obj (.text:TimerIntEnable)
                  00002190    00000006                   : gpio.obj (.text:GPIOPinRead)
                  00002196    00000006                   : gpio.obj (.text:GPIOPinWrite)
                  0000219c    00000006     main.obj (.text:SysCtlDelay)
                  000021a2    00000004     driverlib.lib : cpu.obj (.text:CPUwfi)
                  000021a6    00000004                   : timer.obj (.text:TimerIntClear)
                  000021aa    00000004     rtsv7M4_T_le_v4SPD16_eabi.lib : pre_init.c.obj (.text:_system_pre_init)
                  000021ae    00000004                                   : exit.c.obj (.text:abort:abort)

.const     0    000021b4    0000030c     
                  000021b4    000001b0     main.obj (.const:g_pppui32XTALtoVCO)
                  00002364    00000090     driverlib.lib : gpio.obj (.const:g_pui32GPIOBaseAddrs)
                  000023f4    0000006c     main.obj (.const:g_pui32Xtals)
                  00002460    00000030     main.obj (.const:g_sXTALtoMEMTIM)
                  00002490    00000014     driverlib.lib : interrupt.obj (.const:g_pui32Dii16Regs)
                  000024a4    00000014                   : interrupt.obj (.const:g_pui32EnRegs)
                  000024b8    00000008     main.obj (.const:g_pui32VCOFrequencies)

.cinit     0    000024c0    00000058     
                  000024c0    00000021     (.cinit..data.load) [load image, compression = lzss]
                  000024e1    00000003     --HOLE-- [fill = 0]
                  000024e4    0000000c     (__TI_handler_table)
                  000024f0    00000008     (.cinit..bss.load) [load image, compression = zero_init]
                  000024f8    00000008     (.cinit..vtable.load) [load image, compression = zero_init]
                  00002500    00000018     (__TI_cinit_table)

.init_array 
*          0    00000000    00000000     UNINITIALIZED

.vtable    0    20000000    0000026c     UNINITIALIZED
                  20000000    0000026c     driverlib.lib : interrupt.obj (.vtable)

.data      0    20000470    0000002c     UNINITIALIZED
                  20000470    00000020     main.obj (.data:saatdizi)
                  20000490    0000000c     main.obj (.data)

.bss       0    2000049c    00000018     UNINITIALIZED
                  2000049c    00000010     (.common:adcdata)
                  200004ac    00000004     (.common:gelenveri)
                  200004b0    00000004     (.common:timerkesmesi)

.stack     0    20000270    00000200     UNINITIALIZED
                  20000270    00000004     rtsv7M4_T_le_v4SPD16_eabi.lib : boot_cortex_m.c.obj (.stack)
                  20000274    000001fc     --HOLE--

MODULE SUMMARY

       Module                         code   ro data   rw data
       ------                         ----   -------   -------
    .\
       main.obj                       5862   596       68     
       tm4c123gh6pm_startup_ccs.obj   12     620       0      
    +--+------------------------------+------+---------+---------+
       Total:                         5874   1216      68     
                                                              
    C:/ti/TivaWare_C_Series-2.2.0.295/driverlib/ccs/Debug/driverlib.lib
       interrupt.obj                  282    40        620    
       gpio.obj                       566    144       0      
       adc.obj                        324    0         0      
       timer.obj                      174    0         0      
       uart.obj                       156    0         0      
       fpu.obj                        32     0         0      
       cpu.obj                        4      0         0      
    +--+------------------------------+------+---------+---------+
       Total:                         1538   184       620    
                                                              
    C:\ti\ccsv8\tools\compiler\ti-cgt-arm_18.1.3.LTS\lib\rtsv7M4_T_le_v4SPD16_eabi.lib
       s_sinf.c.obj                   164    0         0      
       memcpy_t2.asm.obj              156    0         0      
       copy_decompress_lzss.c.obj     104    0         0      
       autoinit.c.obj                 68     0         0      
       boot_cortex_m.c.obj            56     0         0      
       copy_zero_init.c.obj           18     0         0      
       copy_decompress_none.c.obj     14     0         0      
       exit.c.obj                     4      0         0      
       pre_init.c.obj                 4      0         0      
    +--+------------------------------+------+---------+---------+
       Total:                         588    0         0      
                                                              
       Stack:                         0      0         512    
       Linker Generated:              0      85        0      
    +--+------------------------------+------+---------+---------+
       Grand Total:                   8000   1485      1200   


LINKER GENERATED COPY TABLES

__TI_cinit_table @ 00002500 records: 3, size/record: 8, table size: 24
	.data: load addr=000024c0, load size=00000021 bytes, run addr=20000470, run size=0000002c bytes, compression=lzss
	.bss: load addr=000024f0, load size=00000008 bytes, run addr=2000049c, run size=00000018 bytes, compression=zero_init
	.vtable: load addr=000024f8, load size=00000008 bytes, run addr=20000000, run size=0000026c bytes, compression=zero_init


LINKER GENERATED HANDLER TABLE

__TI_handler_table @ 000024e4 records: 3, size/record: 4, table size: 12
	index: 0, handler: __TI_zero_init
	index: 1, handler: __TI_decompress_lzss
	index: 2, handler: __TI_decompress_none


GLOBAL SYMBOLS: SORTED ALPHABETICALLY BY Name 

address   name                            
-------   ----                            
00002161  ADCIntClear                     
00001fa1  ADCIntStatus                    
00002055  ADCProcessorTrigger             
00001e0d  ADCSequenceConfigure            
0000201d  ADCSequenceDataGet              
0000211d  ADCSequenceEnable               
00001bf9  ADCSequenceStepConfigure        
000021af  C$$EXIT                         
000021a3  CPUwfi                          
000020fd  FPUEnable                       
0000210d  FPULazyStackingEnable           
00001fcf  GPIODirModeSet                  
0000194d  GPIOPadConfigSet                
00001e5d  GPIOPinConfigure                
00002191  GPIOPinRead                     
00002085  GPIOPinTypeGPIOInput            
0000203b  GPIOPinTypeGPIOOutput           
0000209b  GPIOPinTypeUART                 
00002197  GPIOPinWrite                    
00001c75  IntDisable                      
00001cdd  IntEnable                       
00001f6d  IntRegister                     
000020b1  IntUnregister                   
00002155  ResetISR                        
000011a9  SysCtlAltClkConfig              
000008d1  SysCtlClockFreqSet              
00000d99  SysCtlClockGet                  
0000118d  SysCtlClockOutConfig            
00000bc9  SysCtlClockSet                  
000007d5  SysCtlDeepSleep                 
00000f5d  SysCtlDeepSleepClockConfigSet   
00000f3f  SysCtlDeepSleepClockSet         
000007b5  SysCtlDeepSleepPowerSet         
0000219d  SysCtlDelay                     
00000363  SysCtlFlashSectorSizeGet        
00000337  SysCtlFlashSizeGet              
00001033  SysCtlGPIOAHBDisable            
00001017  SysCtlGPIOAHBEnable             
00000749  SysCtlIntClear                  
00000731  SysCtlIntDisable                
0000071d  SysCtlIntEnable                 
000006f5  SysCtlIntRegister               
00000759  SysCtlIntStatus                 
0000070d  SysCtlIntUnregister             
0000079b  SysCtlLDODeepSleepGet           
0000078b  SysCtlLDODeepSleepSet           
00000785  SysCtlLDOSleepGet               
00000775  SysCtlLDOSleepSet               
0000080b  SysCtlMOSCConfigSet             
00001171  SysCtlNMIClear                  
0000115d  SysCtlNMIStatus                 
00000821  SysCtlPIOSCCalibrate            
00001001  SysCtlPWMClockGet               
00000fe7  SysCtlPWMClockSet               
000006a1  SysCtlPeripheralClockGating     
00000659  SysCtlPeripheralDeepSleepDisable
00000609  SysCtlPeripheralDeepSleepEnable 
00000545  SysCtlPeripheralDisable         
00000509  SysCtlPeripheralEnable          
00000445  SysCtlPeripheralPowerOff        
00000409  SysCtlPeripheralPowerOn         
00000389  SysCtlPeripheralPresent         
000003c9  SysCtlPeripheralReady           
00000481  SysCtlPeripheralReset           
000005cd  SysCtlPeripheralSleepDisable    
00000589  SysCtlPeripheralSleepEnable     
000007c5  SysCtlReset                     
00000881  SysCtlResetBehaviorGet          
00000871  SysCtlResetBehaviorSet          
000007f7  SysCtlResetCauseClear           
000007f1  SysCtlResetCauseGet             
0000032d  SysCtlSRAMSizeGet               
000007cd  SysCtlSleep                     
000007a1  SysCtlSleepPowerSet             
0000105b  SysCtlUSBPLLDisable             
0000104f  SysCtlUSBPLLEnable              
000010a1  SysCtlVCOGet                    
00001089  SysCtlVoltageEventClear         
0000106d  SysCtlVoltageEventConfig        
0000107d  SysCtlVoltageEventStatus        
00001dad  TimerConfigure                  
0000206d  TimerDisable                    
0000212b  TimerEnable                     
000021a7  TimerIntClear                   
00002189  TimerIntEnable                  
0000216b  TimerIntStatus                  
000020d9  TimerLoadSet                    
00002175  UARTCharGet                     
0000217f  UARTCharPut                     
00002139  UARTCharsAvail                  
00001ea9  UARTConfigSetExpClk             
00001ffd  UARTDisable                     
000020c5  UARTEnable                      
20000470  __STACK_END                     
00000200  __STACK_SIZE                    
20000470  __STACK_TOP                     
00002500  __TI_CINIT_Base                 
00002518  __TI_CINIT_Limit                
000024e4  __TI_Handler_Table_Base         
000024f0  __TI_Handler_Table_Limit        
00001ef1  __TI_auto_init_nobinit_nopinit  
00001d45  __TI_decompress_lzss            
00002147  __TI_decompress_none            
ffffffff  __TI_pprof_out_hndl             
ffffffff  __TI_prof_data_size             
ffffffff  __TI_prof_data_start            
00000000  __TI_static_base__              
000020eb  __TI_zero_init_nomemset         
00001b5d  __aeabi_memcpy                  
00001b5d  __aeabi_memcpy4                 
00001b5d  __aeabi_memcpy8                 
ffffffff  __binit__                       
ffffffff  __c_args__                      
UNDEFED   __mpu_init                      
20000270  __stack                         
00001f35  _c_int00_noargs                 
UNDEFED   _system_post_cinit              
000021ab  _system_pre_init                
000021af  abort                           
2000049c  adcdata                         
00001329  adcseridengonder                
ffffffff  binit                           
20000000  g_pfnRAMVectors                 
00000000  g_pfnVectors                    
20000498  gelensaatno                     
200004ac  gelenveri                       
20000490  i32DataCount                    
000011cd  main                            
00001b5d  memcpy                          
000014b1  pcyesaatgonder                  
20000470  saatdizi                        
0000151d  saatkontrol                     
20000494  saatmi                          
00001805  setinitsettings                 
00001ab9  sinf                            
000015f9  singonder                       
200004b0  timerkesmesi                    


GLOBAL SYMBOLS: SORTED BY Symbol Address 

address   name                            
-------   ----                            
00000000  __TI_static_base__              
00000000  g_pfnVectors                    
00000200  __STACK_SIZE                    
0000032d  SysCtlSRAMSizeGet               
00000337  SysCtlFlashSizeGet              
00000363  SysCtlFlashSectorSizeGet        
00000389  SysCtlPeripheralPresent         
000003c9  SysCtlPeripheralReady           
00000409  SysCtlPeripheralPowerOn         
00000445  SysCtlPeripheralPowerOff        
00000481  SysCtlPeripheralReset           
00000509  SysCtlPeripheralEnable          
00000545  SysCtlPeripheralDisable         
00000589  SysCtlPeripheralSleepEnable     
000005cd  SysCtlPeripheralSleepDisable    
00000609  SysCtlPeripheralDeepSleepEnable 
00000659  SysCtlPeripheralDeepSleepDisable
000006a1  SysCtlPeripheralClockGating     
000006f5  SysCtlIntRegister               
0000070d  SysCtlIntUnregister             
0000071d  SysCtlIntEnable                 
00000731  SysCtlIntDisable                
00000749  SysCtlIntClear                  
00000759  SysCtlIntStatus                 
00000775  SysCtlLDOSleepSet               
00000785  SysCtlLDOSleepGet               
0000078b  SysCtlLDODeepSleepSet           
0000079b  SysCtlLDODeepSleepGet           
000007a1  SysCtlSleepPowerSet             
000007b5  SysCtlDeepSleepPowerSet         
000007c5  SysCtlReset                     
000007cd  SysCtlSleep                     
000007d5  SysCtlDeepSleep                 
000007f1  SysCtlResetCauseGet             
000007f7  SysCtlResetCauseClear           
0000080b  SysCtlMOSCConfigSet             
00000821  SysCtlPIOSCCalibrate            
00000871  SysCtlResetBehaviorSet          
00000881  SysCtlResetBehaviorGet          
000008d1  SysCtlClockFreqSet              
00000bc9  SysCtlClockSet                  
00000d99  SysCtlClockGet                  
00000f3f  SysCtlDeepSleepClockSet         
00000f5d  SysCtlDeepSleepClockConfigSet   
00000fe7  SysCtlPWMClockSet               
00001001  SysCtlPWMClockGet               
00001017  SysCtlGPIOAHBEnable             
00001033  SysCtlGPIOAHBDisable            
0000104f  SysCtlUSBPLLEnable              
0000105b  SysCtlUSBPLLDisable             
0000106d  SysCtlVoltageEventConfig        
0000107d  SysCtlVoltageEventStatus        
00001089  SysCtlVoltageEventClear         
000010a1  SysCtlVCOGet                    
0000115d  SysCtlNMIStatus                 
00001171  SysCtlNMIClear                  
0000118d  SysCtlClockOutConfig            
000011a9  SysCtlAltClkConfig              
000011cd  main                            
00001329  adcseridengonder                
000014b1  pcyesaatgonder                  
0000151d  saatkontrol                     
000015f9  singonder                       
00001805  setinitsettings                 
0000194d  GPIOPadConfigSet                
00001ab9  sinf                            
00001b5d  __aeabi_memcpy                  
00001b5d  __aeabi_memcpy4                 
00001b5d  __aeabi_memcpy8                 
00001b5d  memcpy                          
00001bf9  ADCSequenceStepConfigure        
00001c75  IntDisable                      
00001cdd  IntEnable                       
00001d45  __TI_decompress_lzss            
00001dad  TimerConfigure                  
00001e0d  ADCSequenceConfigure            
00001e5d  GPIOPinConfigure                
00001ea9  UARTConfigSetExpClk             
00001ef1  __TI_auto_init_nobinit_nopinit  
00001f35  _c_int00_noargs                 
00001f6d  IntRegister                     
00001fa1  ADCIntStatus                    
00001fcf  GPIODirModeSet                  
00001ffd  UARTDisable                     
0000201d  ADCSequenceDataGet              
0000203b  GPIOPinTypeGPIOOutput           
00002055  ADCProcessorTrigger             
0000206d  TimerDisable                    
00002085  GPIOPinTypeGPIOInput            
0000209b  GPIOPinTypeUART                 
000020b1  IntUnregister                   
000020c5  UARTEnable                      
000020d9  TimerLoadSet                    
000020eb  __TI_zero_init_nomemset         
000020fd  FPUEnable                       
0000210d  FPULazyStackingEnable           
0000211d  ADCSequenceEnable               
0000212b  TimerEnable                     
00002139  UARTCharsAvail                  
00002147  __TI_decompress_none            
00002155  ResetISR                        
00002161  ADCIntClear                     
0000216b  TimerIntStatus                  
00002175  UARTCharGet                     
0000217f  UARTCharPut                     
00002189  TimerIntEnable                  
00002191  GPIOPinRead                     
00002197  GPIOPinWrite                    
0000219d  SysCtlDelay                     
000021a3  CPUwfi                          
000021a7  TimerIntClear                   
000021ab  _system_pre_init                
000021af  C$$EXIT                         
000021af  abort                           
000024e4  __TI_Handler_Table_Base         
000024f0  __TI_Handler_Table_Limit        
00002500  __TI_CINIT_Base                 
00002518  __TI_CINIT_Limit                
20000000  g_pfnRAMVectors                 
20000270  __stack                         
20000470  __STACK_END                     
20000470  __STACK_TOP                     
20000470  saatdizi                        
20000490  i32DataCount                    
20000494  saatmi                          
20000498  gelensaatno                     
2000049c  adcdata                         
200004ac  gelenveri                       
200004b0  timerkesmesi                    
ffffffff  __TI_pprof_out_hndl             
ffffffff  __TI_prof_data_size             
ffffffff  __TI_prof_data_start            
ffffffff  __binit__                       
ffffffff  __c_args__                      
ffffffff  binit                           
UNDEFED   __mpu_init                      
UNDEFED   _system_post_cinit              

[137 symbols]
