******************************************************************************
                  TI ARM Linker PC v18.1.3                     
******************************************************************************
>> Linked Sun Nov 15 16:56:45 2020

OUTPUT FILE NAME:   <TimerKesmesizApisiz16bit.out>
ENTRY POINT SYMBOL: "_c_int00_noargs"  address: 000004a5


MEMORY CONFIGURATION

         name            origin    length      used     unused   attr    fill
----------------------  --------  ---------  --------  --------  ----  --------
  FLASH                 00000000   00040000  00000516  0003faea  R  X
  SRAM                  20000000   00008000  00000204  00007dfc  RW X


SEGMENT ALLOCATION MAP

run origin  load origin   length   init length attrs members
----------  ----------- ---------- ----------- ----- -------
00000000    00000000    00000518   00000518    r-x
  00000000    00000000    0000026c   0000026c    r-- .intvecs
  0000026c    0000026c    00000292   00000292    r-x .text
  00000500    00000500    00000018   00000018    r-- .cinit
20000000    20000000    00000204   00000000    rw-
  20000000    20000000    00000200   00000000    rw- .stack
  20000200    20000200    00000004   00000000    rw- .data


SECTION ALLOCATION MAP

 output                                  attributes/
section   page    origin      length       input sections
--------  ----  ----------  ----------   ----------------
.intvecs   0    00000000    0000026c     
                  00000000    0000026c     tm4c123gh6pm_startup_ccs.obj (.intvecs)

.text      0    0000026c    00000292     
                  0000026c    000000f0     main.obj (.text)
                  0000035c    0000009c     rtsv7M4_T_le_v4SPD16_eabi.lib : memcpy_t2.asm.obj (.text)
                  000003f8    00000068                                   : copy_decompress_lzss.c.obj (.text:decompress:lzss:__TI_decompress_lzss)
                  00000460    00000044                                   : autoinit.c.obj (.text:__TI_auto_init_nobinit_nopinit:__TI_auto_init_nobinit_nopinit)
                  000004a4    00000038                                   : boot_cortex_m.c.obj (.text:_c_int00_noargs:_c_int00_noargs)
                  000004dc    0000000e                                   : copy_decompress_none.c.obj (.text:decompress:none:__TI_decompress_none)
                  000004ea    0000000c     tm4c123gh6pm_startup_ccs.obj (.text)
                  000004f6    00000004     rtsv7M4_T_le_v4SPD16_eabi.lib : pre_init.c.obj (.text:_system_pre_init)
                  000004fa    00000004                                   : exit.c.obj (.text:abort:abort)

.cinit     0    00000500    00000018     
                  00000500    00000008     (__TI_handler_table)
                  00000508    00000007     (.cinit..data.load) [load image, compression = lzss]
                  0000050f    00000001     --HOLE-- [fill = 0]
                  00000510    00000008     (__TI_cinit_table)

.init_array 
*          0    00000000    00000000     UNINITIALIZED

.data      0    20000200    00000004     UNINITIALIZED
                  20000200    00000004     main.obj (.data)

.stack     0    20000000    00000200     UNINITIALIZED
                  20000000    00000004     rtsv7M4_T_le_v4SPD16_eabi.lib : boot_cortex_m.c.obj (.stack)
                  20000004    000001fc     --HOLE--

MODULE SUMMARY

       Module                         code   ro data   rw data
       ------                         ----   -------   -------
    .\
       tm4c123gh6pm_startup_ccs.obj   12     620       0      
       main.obj                       240    0         4      
    +--+------------------------------+------+---------+---------+
       Total:                         252    620       4      
                                                              
    C:\ti\ccsv8\tools\compiler\ti-cgt-arm_18.1.3.LTS\lib\rtsv7M4_T_le_v4SPD16_eabi.lib
       memcpy_t2.asm.obj              156    0         0      
       copy_decompress_lzss.c.obj     104    0         0      
       autoinit.c.obj                 68     0         0      
       boot_cortex_m.c.obj            56     0         0      
       copy_decompress_none.c.obj     14     0         0      
       exit.c.obj                     4      0         0      
       pre_init.c.obj                 4      0         0      
    +--+------------------------------+------+---------+---------+
       Total:                         406    0         0      
                                                              
       Stack:                         0      0         512    
       Linker Generated:              0      23        0      
    +--+------------------------------+------+---------+---------+
       Grand Total:                   658    643       516    


LINKER GENERATED COPY TABLES

__TI_cinit_table @ 00000510 records: 1, size/record: 8, table size: 8
	.data: load addr=00000508, load size=00000007 bytes, run addr=20000200, run size=00000004 bytes, compression=lzss


LINKER GENERATED HANDLER TABLE

__TI_handler_table @ 00000500 records: 2, size/record: 4, table size: 8
	index: 0, handler: __TI_decompress_lzss
	index: 1, handler: __TI_decompress_none


GLOBAL SYMBOLS: SORTED ALPHABETICALLY BY Name 

address   name                          
-------   ----                          
000004fb  C$$EXIT                       
000004eb  ResetISR                      
20000200  __STACK_END                   
00000200  __STACK_SIZE                  
20000200  __STACK_TOP                   
00000510  __TI_CINIT_Base               
00000518  __TI_CINIT_Limit              
00000500  __TI_Handler_Table_Base       
00000508  __TI_Handler_Table_Limit      
00000461  __TI_auto_init_nobinit_nopinit
000003f9  __TI_decompress_lzss          
000004dd  __TI_decompress_none          
ffffffff  __TI_pprof_out_hndl           
ffffffff  __TI_prof_data_size           
ffffffff  __TI_prof_data_start          
00000000  __TI_static_base__            
0000035d  __aeabi_memcpy                
0000035d  __aeabi_memcpy4               
0000035d  __aeabi_memcpy8               
ffffffff  __binit__                     
ffffffff  __c_args__                    
UNDEFED   __mpu_init                    
20000000  __stack                       
000004a5  _c_int00_noargs               
UNDEFED   _system_post_cinit            
000004f7  _system_pre_init              
20000200  a                             
000004fb  abort                         
ffffffff  binit                         
00000000  g_pfnVectors                  
0000026d  main                          
0000035d  memcpy                        


GLOBAL SYMBOLS: SORTED BY Symbol Address 

address   name                          
-------   ----                          
00000000  __TI_static_base__            
00000000  g_pfnVectors                  
00000200  __STACK_SIZE                  
0000026d  main                          
0000035d  __aeabi_memcpy                
0000035d  __aeabi_memcpy4               
0000035d  __aeabi_memcpy8               
0000035d  memcpy                        
000003f9  __TI_decompress_lzss          
00000461  __TI_auto_init_nobinit_nopinit
000004a5  _c_int00_noargs               
000004dd  __TI_decompress_none          
000004eb  ResetISR                      
000004f7  _system_pre_init              
000004fb  C$$EXIT                       
000004fb  abort                         
00000500  __TI_Handler_Table_Base       
00000508  __TI_Handler_Table_Limit      
00000510  __TI_CINIT_Base               
00000518  __TI_CINIT_Limit              
20000000  __stack                       
20000200  __STACK_END                   
20000200  __STACK_TOP                   
20000200  a                             
ffffffff  __TI_pprof_out_hndl           
ffffffff  __TI_prof_data_size           
ffffffff  __TI_prof_data_start          
ffffffff  __binit__                     
ffffffff  __c_args__                    
ffffffff  binit                         
UNDEFED   __mpu_init                    
UNDEFED   _system_post_cinit            

[32 symbols]
