******************************************************************************
                  TI ARM Linker PC v18.1.3                     
******************************************************************************
>> Linked Sat Nov  7 13:31:51 2020

OUTPUT FILE NAME:   <lcdeski.out>
ENTRY POINT SYMBOL: "_c_int00_noinit_noargs"  address: 000007b9


MEMORY CONFIGURATION

         name            origin    length      used     unused   attr    fill
----------------------  --------  ---------  --------  --------  ----  --------
  FLASH                 00000000   00040000  0000084e  0003f7b2  R  X
  SRAM                  20000000   00008000  00000200  00007e00  RW X


SEGMENT ALLOCATION MAP

run origin  load origin   length   init length attrs members
----------  ----------- ---------- ----------- ----- -------
00000000    00000000    0000084e   0000084e    r-x
  00000000    00000000    0000026c   0000026c    r-- .intvecs
  0000026c    0000026c    000005e2   000005e2    r-x .text
20000000    20000000    00000200   00000000    rw-
  20000000    20000000    00000200   00000000    rw- .stack


SECTION ALLOCATION MAP

 output                                  attributes/
section   page    origin      length       input sections
--------  ----  ----------  ----------   ----------------
.intvecs   0    00000000    0000026c     
                  00000000    0000026c     tm4c123gh6pm_startup_ccs.obj (.intvecs)

.text      0    0000026c    000005e2     
                  0000026c    00000274     lcd.obj (.text)
                  000004e0    0000016c     driverlib.lib : gpio.obj (.text:GPIOPadConfigSet)
                  0000064c    000000f4                   : sysctl.obj (.text:SysCtlClockSet)
                  00000740    00000044     main.obj (.text)
                  00000784    00000034     driverlib.lib : sysctl.obj (.text:SysCtlPeripheralEnable)
                  000007b8    00000030     rtsv7M4_T_le_v4SPD16_eabi.lib : boot_cortex_m.c.obj (.text:_c_int00_noinit_noargs:_c_int00_noinit_noargs)
                  000007e8    0000002c     driverlib.lib : gpio.obj (.text:GPIODirModeSet)
                  00000814    0000001a                   : gpio.obj (.text:GPIOPinTypeGPIOOutput)
                  0000082e    0000000c     tm4c123gh6pm_startup_ccs.obj (.text)
                  0000083a    00000006     driverlib.lib : gpio.obj (.text:GPIOPinWrite)
                  00000840    00000006                   : sysctl.obj (.text:SysCtlDelay)
                  00000846    00000004     rtsv7M4_T_le_v4SPD16_eabi.lib : pre_init.c.obj (.text:_system_pre_init)
                  0000084a    00000004                                   : exit.c.obj (.text:abort:abort)

.cinit     0    00000000    00000000     UNINITIALIZED

.init_array 
*          0    00000000    00000000     UNINITIALIZED

.stack     0    20000000    00000200     UNINITIALIZED
                  20000000    00000004     rtsv7M4_T_le_v4SPD16_eabi.lib : boot_cortex_m.c.obj (.stack)
                  20000004    000001fc     --HOLE--

MODULE SUMMARY

       Module                         code   ro data   rw data
       ------                         ----   -------   -------
    .\
       tm4c123gh6pm_startup_ccs.obj   12     620       0      
       lcd.obj                        628    0         0      
       main.obj                       68     0         0      
    +--+------------------------------+------+---------+---------+
       Total:                         708    620       0      
                                                              
    C:/ti/TivaWare_C_Series-2.2.0.295/driverlib/ccs/Debug/driverlib.lib
       gpio.obj                       440    0         0      
       sysctl.obj                     302    0         0      
    +--+------------------------------+------+---------+---------+
       Total:                         742    0         0      
                                                              
    C:\ti\ccsv8\tools\compiler\ti-cgt-arm_18.1.3.LTS\lib\rtsv7M4_T_le_v4SPD16_eabi.lib
       boot_cortex_m.c.obj            48     0         0      
       exit.c.obj                     4      0         0      
       pre_init.c.obj                 4      0         0      
    +--+------------------------------+------+---------+---------+
       Total:                         56     0         0      
                                                              
       Stack:                         0      0         512    
    +--+------------------------------+------+---------+---------+
       Grand Total:                   1506   620       512    


GLOBAL SYMBOLS: SORTED ALPHABETICALLY BY Name 

address   name                  
-------   ----                  
0000084b  C$$EXIT               
000007e9  GPIODirModeSet        
000004e1  GPIOPadConfigSet      
00000815  GPIOPinTypeGPIOOutput 
0000083b  GPIOPinWrite          
00000461  Lcd_Goto              
00000357  Lcd_Komut             
000003dd  Lcd_Putch             
000004bb  Lcd_Puts              
000004ab  Lcd_Temizle           
0000026d  Lcd_init              
0000082f  ResetISR              
0000064d  SysCtlClockSet        
00000841  SysCtlDelay           
00000785  SysCtlPeripheralEnable
20000200  __STACK_END           
00000200  __STACK_SIZE          
20000200  __STACK_TOP           
ffffffff  __TI_pprof_out_hndl   
ffffffff  __TI_prof_data_size   
ffffffff  __TI_prof_data_start  
00000000  __TI_static_base__    
ffffffff  __binit__             
ffffffff  __c_args__            
UNDEFED   __mpu_init            
20000000  __stack               
000007b9  _c_int00_noinit_noargs
00000847  _system_pre_init      
0000084b  abort                 
ffffffff  binit                 
00000000  g_pfnVectors          
00000741  main                  


GLOBAL SYMBOLS: SORTED BY Symbol Address 

address   name                  
-------   ----                  
00000000  __TI_static_base__    
00000000  g_pfnVectors          
00000200  __STACK_SIZE          
0000026d  Lcd_init              
00000357  Lcd_Komut             
000003dd  Lcd_Putch             
00000461  Lcd_Goto              
000004ab  Lcd_Temizle           
000004bb  Lcd_Puts              
000004e1  GPIOPadConfigSet      
0000064d  SysCtlClockSet        
00000741  main                  
00000785  SysCtlPeripheralEnable
000007b9  _c_int00_noinit_noargs
000007e9  GPIODirModeSet        
00000815  GPIOPinTypeGPIOOutput 
0000082f  ResetISR              
0000083b  GPIOPinWrite          
00000841  SysCtlDelay           
00000847  _system_pre_init      
0000084b  C$$EXIT               
0000084b  abort                 
20000000  __stack               
20000200  __STACK_END           
20000200  __STACK_TOP           
ffffffff  __TI_pprof_out_hndl   
ffffffff  __TI_prof_data_size   
ffffffff  __TI_prof_data_start  
ffffffff  __binit__             
ffffffff  __c_args__            
ffffffff  binit                 
UNDEFED   __mpu_init            

[32 symbols]
