******************************************************************************
                  TI ARM Linker PC v18.1.3                     
******************************************************************************
>> Linked Fri Jan  1 18:29:10 2021

OUTPUT FILE NAME:   <i2c_01.out>
ENTRY POINT SYMBOL: "_c_int00_noargs"  address: 0000271d


MEMORY CONFIGURATION

         name            origin    length      used     unused   attr    fill
----------------------  --------  ---------  --------  --------  ----  --------
  FLASH                 00000000   00040000  00002d06  0003d2fa  R  X
  SRAM                  20000000   00008000  0000046c  00007b94  RW X


SEGMENT ALLOCATION MAP

run origin  load origin   length   init length attrs members
----------  ----------- ---------- ----------- ----- -------
00000000    00000000    00002d0c   00002d0c    r-x
  00000000    00000000    0000026c   0000026c    r-- .intvecs
  0000026c    0000026c    00002562   00002562    r-x .text
  000027d0    000027d0    00000524   00000524    r-- .const
  00002cf8    00002cf8    00000014   00000014    r-- .cinit
20000000    20000000    00000470   00000000    rw-
  20000000    20000000    0000026c   00000000    rw- .vtable
  20000270    20000270    00000200   00000000    rw- .stack


SECTION ALLOCATION MAP

 output                                  attributes/
section   page    origin      length       input sections
--------  ----  ----------  ----------   ----------------
.intvecs   0    00000000    0000026c     
                  00000000    0000026c     tm4c123gh6pm_startup_ccs.obj (.intvecs)

.text      0    0000026c    00002562     
                  0000026c    0000239c     main.obj (.text)
                  00002608    00000068     driverlib.lib : interrupt.obj (.text:IntDisable)
                  00002670    00000068                   : interrupt.obj (.text:IntEnable)
                  000026d8    00000044     rtsv7M4_T_le_v4SPD16_eabi.lib : autoinit.c.obj (.text:__TI_auto_init_nobinit_nopinit:__TI_auto_init_nobinit_nopinit)
                  0000271c    00000038                                   : boot_cortex_m.c.obj (.text:_c_int00_noargs:_c_int00_noargs)
                  00002754    00000034     driverlib.lib : interrupt.obj (.text:IntRegister)
                  00002788    00000014                   : interrupt.obj (.text:IntUnregister)
                  0000279c    00000012     rtsv7M4_T_le_v4SPD16_eabi.lib : copy_zero_init.c.obj (.text:decompress:ZI:__TI_zero_init_nomemset:__TI_zero_init_nomemset)
                  000027ae    0000000c     tm4c123gh6pm_startup_ccs.obj (.text)
                  000027ba    00000006     main.obj (.text:SysCtlDelay)
                  000027c0    00000004     driverlib.lib : cpu.obj (.text:CPUwfi)
                  000027c4    00000004     rtsv7M4_T_le_v4SPD16_eabi.lib : pre_init.c.obj (.text:_system_pre_init)
                  000027c8    00000004                                   : exit.c.obj (.text:abort:abort)
                  000027cc    00000002     driverlib.lib : interrupt.obj (.text:_IntDefaultHandler)

.const     0    000027d0    00000524     
                  000027d0    000001b0     main.obj (.const:g_pppui32XTALtoVCO)
                  00002980    000000d8     main.obj (.const:g_ppui32GPIOIntMapSnowflake)
                  00002a58    000000c0     main.obj (.const:g_ppui32GPIOIntMapBlizzard)
                  00002b18    00000090     main.obj (.const:g_pui32GPIOBaseAddrs)
                  00002ba8    0000006c     main.obj (.const:g_pui32Xtals)
                  00002c14    00000050     main.obj (.const:g_ppui32I2CIntMapSnowflake)
                  00002c64    00000030     main.obj (.const:g_ppui32I2CIntMap)
                  00002c94    00000030     main.obj (.const:g_sXTALtoMEMTIM)
                  00002cc4    00000014     driverlib.lib : interrupt.obj (.const:g_pui32Dii16Regs)
                  00002cd8    00000014                   : interrupt.obj (.const:g_pui32EnRegs)
                  00002cec    00000008     main.obj (.const:g_pui32VCOFrequencies)

.cinit     0    00002cf8    00000014     
                  00002cf8    00000008     (.cinit..vtable.load) [load image, compression = zero_init]
                  00002d00    00000004     (__TI_handler_table)
                  00002d04    00000008     (__TI_cinit_table)

.init_array 
*          0    00000000    00000000     UNINITIALIZED

.vtable    0    20000000    0000026c     UNINITIALIZED
                  20000000    0000026c     driverlib.lib : interrupt.obj (.vtable)

.stack     0    20000270    00000200     UNINITIALIZED
                  20000270    00000004     rtsv7M4_T_le_v4SPD16_eabi.lib : boot_cortex_m.c.obj (.stack)
                  20000274    000001fc     --HOLE--

MODULE SUMMARY

       Module                         code   ro data   rw data
       ------                         ----   -------   -------
    .\
       main.obj                       9122   1276      0      
       tm4c123gh6pm_startup_ccs.obj   12     620       0      
    +--+------------------------------+------+---------+---------+
       Total:                         9134   1896      0      
                                                              
    C:/ti/TivaWare_C_Series-2.2.0.295/driverlib/ccs/Debug/driverlib.lib
       interrupt.obj                  282    40        620    
       cpu.obj                        4      0         0      
    +--+------------------------------+------+---------+---------+
       Total:                         286    40        620    
                                                              
    C:\ti\ccsv8\tools\compiler\ti-cgt-arm_18.1.3.LTS\lib\rtsv7M4_T_le_v4SPD16_eabi.lib
       autoinit.c.obj                 68     0         0      
       boot_cortex_m.c.obj            56     0         0      
       copy_zero_init.c.obj           18     0         0      
       exit.c.obj                     4      0         0      
       pre_init.c.obj                 4      0         0      
    +--+------------------------------+------+---------+---------+
       Total:                         150    0         0      
                                                              
       Stack:                         0      0         512    
       Linker Generated:              0      20        0      
    +--+------------------------------+------+---------+---------+
       Grand Total:                   9570   1956      1132   


LINKER GENERATED COPY TABLES

__TI_cinit_table @ 00002d04 records: 1, size/record: 8, table size: 8
	.vtable: load addr=00002cf8, load size=00000008 bytes, run addr=20000000, run size=0000026c bytes, compression=zero_init


LINKER GENERATED HANDLER TABLE

__TI_handler_table @ 00002d00 records: 1, size/record: 4, table size: 4
	index: 0, handler: __TI_zero_init


GLOBAL SYMBOLS: SORTED ALPHABETICALLY BY Name 

address   name                            
-------   ----                            
000027c9  C$$EXIT                         
000027c1  CPUwfi                          
00001db1  GPIOADCTriggerDisable           
00001d93  GPIOADCTriggerEnable            
00001d75  GPIODMATriggerDisable           
00001d57  GPIODMATriggerEnable            
00001285  GPIODirModeGet                  
00001229  GPIODirModeSet                  
0000185b  GPIOIntClear                    
0000181f  GPIOIntDisable                  
00001805  GPIOIntEnable                   
0000186f  GPIOIntRegister                 
000018a7  GPIOIntRegisterPin              
00001839  GPIOIntStatus                   
0000138d  GPIOIntTypeGet                  
000012e1  GPIOIntTypeSet                  
0000188d  GPIOIntUnregister               
000018d5  GPIOIntUnregisterPin            
00001689  GPIOPadConfigGet                
00001425  GPIOPadConfigSet                
00001cf9  GPIOPinConfigure                
000018f9  GPIOPinRead                     
00001931  GPIOPinTypeADC                  
00001955  GPIOPinTypeCAN                  
00001979  GPIOPinTypeComparator           
0000199d  GPIOPinTypeComparatorOutput     
000019c1  GPIOPinTypeDIVSCLK              
000019e5  GPIOPinTypeEPI                  
00001a09  GPIOPinTypeEthernetLED          
00001a2d  GPIOPinTypeEthernetMII          
00001a51  GPIOPinTypeGPIOInput            
00001a75  GPIOPinTypeGPIOOutput           
00001aa5  GPIOPinTypeGPIOOutputOD         
00001ac9  GPIOPinTypeHibernateRTCCLK      
00001aed  GPIOPinTypeI2C                  
00001b11  GPIOPinTypeI2CSCL               
00001b35  GPIOPinTypeLCD                  
00001b59  GPIOPinTypeOneWire              
00001b7d  GPIOPinTypePWM                  
00001ba1  GPIOPinTypeQEI                  
00001bc5  GPIOPinTypeSSI                  
00001be9  GPIOPinTypeTimer                
00001c0d  GPIOPinTypeTrace                
00001c31  GPIOPinTypeUART                 
00001c55  GPIOPinTypeUSBAnalog            
00001c79  GPIOPinTypeUSBDigital           
00001c9d  GPIOPinTypeWakeHigh             
00001cc3  GPIOPinTypeWakeLow              
00001ce9  GPIOPinWakeStatus               
00001911  GPIOPinWrite                    
00001dcf  GPIOUnlockPin                   
000023f3  I2CFIFODataGet                  
0000240d  I2CFIFODataGetNonBlocking       
000023a9  I2CFIFODataPut                  
000023cb  I2CFIFODataPutNonBlocking       
00002399  I2CFIFOStatus                   
00001f85  I2CIntRegister                  
00001fa3  I2CIntUnregister                
000024cf  I2CLoopbackEnable               
00002449  I2CMasterBurstCountGet          
00002433  I2CMasterBurstLengthSet         
000021f1  I2CMasterBusBusy                
000021d9  I2CMasterBusy                   
00002209  I2CMasterControl                
0000225d  I2CMasterDataGet                
00002247  I2CMasterDataPut                
00001f51  I2CMasterDisable                
00001f1d  I2CMasterEnable                 
0000221b  I2CMasterErr                    
00002457  I2CMasterGlitchFilterConfigSet  
00001e53  I2CMasterInitExpClk             
00002153  I2CMasterIntClear               
00002171  I2CMasterIntClearEx             
0000201f  I2CMasterIntDisable             
0000202f  I2CMasterIntDisableEx           
00001fbd  I2CMasterIntEnable              
00001fcd  I2CMasterIntEnableEx            
0000207d  I2CMasterIntStatus              
000020cd  I2CMasterIntStatusEx            
000021cb  I2CMasterLineStateGet           
000021a9  I2CMasterSlaveAddrSet           
0000226b  I2CMasterTimeoutSet             
00002359  I2CRxFIFOConfigSet              
00002381  I2CRxFIFOFlush                  
0000227d  I2CSlaveACKOverride             
000022af  I2CSlaveACKValueSet             
00001edf  I2CSlaveAddressSet              
00002309  I2CSlaveDataGet                 
000022f1  I2CSlaveDataPut                 
00001f67  I2CSlaveDisable                 
00001f33  I2CSlaveEnable                  
000024bd  I2CSlaveFIFODisable             
000024a5  I2CSlaveFIFOEnable              
00001ec5  I2CSlaveInit                    
00002183  I2CSlaveIntClear                
00002195  I2CSlaveIntClearEx              
00002047  I2CSlaveIntDisable              
0000205f  I2CSlaveIntDisableEx            
00001fe9  I2CSlaveIntEnable               
00002005  I2CSlaveIntEnableEx             
000020eb  I2CSlaveIntStatus               
00002131  I2CSlaveIntStatusEx             
000022e1  I2CSlaveStatus                  
00002319  I2CTxFIFOConfigSet              
00002341  I2CTxFIFOFlush                  
00002609  IntDisable                      
00002671  IntEnable                       
00002755  IntRegister                     
00002789  IntUnregister                   
000027af  ResetISR                        
000011a9  SysCtlAltClkConfig              
000008d1  SysCtlClockFreqSet              
00000d99  SysCtlClockGet                  
0000118d  SysCtlClockOutConfig            
00000bc9  SysCtlClockSet                  
000007d5  SysCtlDeepSleep                 
00000f5d  SysCtlDeepSleepClockConfigSet   
00000f3f  SysCtlDeepSleepClockSet         
000007b5  SysCtlDeepSleepPowerSet         
000027bb  SysCtlDelay                     
00000363  SysCtlFlashSectorSizeGet        
00000337  SysCtlFlashSizeGet              
00001033  SysCtlGPIOAHBDisable            
00001017  SysCtlGPIOAHBEnable             
00000749  SysCtlIntClear                  
00000731  SysCtlIntDisable                
0000071d  SysCtlIntEnable                 
000006f5  SysCtlIntRegister               
00000759  SysCtlIntStatus                 
0000070d  SysCtlIntUnregister             
0000079b  SysCtlLDODeepSleepGet           
0000078b  SysCtlLDODeepSleepSet           
00000785  SysCtlLDOSleepGet               
00000775  SysCtlLDOSleepSet               
0000080b  SysCtlMOSCConfigSet             
00001171  SysCtlNMIClear                  
0000115d  SysCtlNMIStatus                 
00000821  SysCtlPIOSCCalibrate            
00001001  SysCtlPWMClockGet               
00000fe7  SysCtlPWMClockSet               
000006a1  SysCtlPeripheralClockGating     
00000659  SysCtlPeripheralDeepSleepDisable
00000609  SysCtlPeripheralDeepSleepEnable 
00000545  SysCtlPeripheralDisable         
00000509  SysCtlPeripheralEnable          
00000445  SysCtlPeripheralPowerOff        
00000409  SysCtlPeripheralPowerOn         
00000389  SysCtlPeripheralPresent         
000003c9  SysCtlPeripheralReady           
00000481  SysCtlPeripheralReset           
000005cd  SysCtlPeripheralSleepDisable    
00000589  SysCtlPeripheralSleepEnable     
000007c5  SysCtlReset                     
00000881  SysCtlResetBehaviorGet          
00000871  SysCtlResetBehaviorSet          
000007f7  SysCtlResetCauseClear           
000007f1  SysCtlResetCauseGet             
0000032d  SysCtlSRAMSizeGet               
000007cd  SysCtlSleep                     
000007a1  SysCtlSleepPowerSet             
0000105b  SysCtlUSBPLLDisable             
0000104f  SysCtlUSBPLLEnable              
000010a1  SysCtlVCOGet                    
00001089  SysCtlVoltageEventClear         
0000106d  SysCtlVoltageEventConfig        
0000107d  SysCtlVoltageEventStatus        
20000470  __STACK_END                     
00000200  __STACK_SIZE                    
20000470  __STACK_TOP                     
00002d04  __TI_CINIT_Base                 
00002d0c  __TI_CINIT_Limit                
00002d00  __TI_Handler_Table_Base         
00002d04  __TI_Handler_Table_Limit        
000026d9  __TI_auto_init_nobinit_nopinit  
ffffffff  __TI_pprof_out_hndl             
ffffffff  __TI_prof_data_size             
ffffffff  __TI_prof_data_start            
00000000  __TI_static_base__              
0000279d  __TI_zero_init_nomemset         
ffffffff  __binit__                       
ffffffff  __c_args__                      
UNDEFED   __mpu_init                      
20000270  __stack                         
0000271d  _c_int00_noargs                 
UNDEFED   _system_post_cinit              
000027c5  _system_pre_init                
000027c9  abort                           
ffffffff  binit                           
20000000  g_pfnRAMVectors                 
00000000  g_pfnVectors                    
00002539  init                            
000024e5  main                            


GLOBAL SYMBOLS: SORTED BY Symbol Address 

address   name                            
-------   ----                            
00000000  __TI_static_base__              
00000000  g_pfnVectors                    
00000200  __STACK_SIZE                    
0000032d  SysCtlSRAMSizeGet               
00000337  SysCtlFlashSizeGet              
00000363  SysCtlFlashSectorSizeGet        
00000389  SysCtlPeripheralPresent         
000003c9  SysCtlPeripheralReady           
00000409  SysCtlPeripheralPowerOn         
00000445  SysCtlPeripheralPowerOff        
00000481  SysCtlPeripheralReset           
00000509  SysCtlPeripheralEnable          
00000545  SysCtlPeripheralDisable         
00000589  SysCtlPeripheralSleepEnable     
000005cd  SysCtlPeripheralSleepDisable    
00000609  SysCtlPeripheralDeepSleepEnable 
00000659  SysCtlPeripheralDeepSleepDisable
000006a1  SysCtlPeripheralClockGating     
000006f5  SysCtlIntRegister               
0000070d  SysCtlIntUnregister             
0000071d  SysCtlIntEnable                 
00000731  SysCtlIntDisable                
00000749  SysCtlIntClear                  
00000759  SysCtlIntStatus                 
00000775  SysCtlLDOSleepSet               
00000785  SysCtlLDOSleepGet               
0000078b  SysCtlLDODeepSleepSet           
0000079b  SysCtlLDODeepSleepGet           
000007a1  SysCtlSleepPowerSet             
000007b5  SysCtlDeepSleepPowerSet         
000007c5  SysCtlReset                     
000007cd  SysCtlSleep                     
000007d5  SysCtlDeepSleep                 
000007f1  SysCtlResetCauseGet             
000007f7  SysCtlResetCauseClear           
0000080b  SysCtlMOSCConfigSet             
00000821  SysCtlPIOSCCalibrate            
00000871  SysCtlResetBehaviorSet          
00000881  SysCtlResetBehaviorGet          
000008d1  SysCtlClockFreqSet              
00000bc9  SysCtlClockSet                  
00000d99  SysCtlClockGet                  
00000f3f  SysCtlDeepSleepClockSet         
00000f5d  SysCtlDeepSleepClockConfigSet   
00000fe7  SysCtlPWMClockSet               
00001001  SysCtlPWMClockGet               
00001017  SysCtlGPIOAHBEnable             
00001033  SysCtlGPIOAHBDisable            
0000104f  SysCtlUSBPLLEnable              
0000105b  SysCtlUSBPLLDisable             
0000106d  SysCtlVoltageEventConfig        
0000107d  SysCtlVoltageEventStatus        
00001089  SysCtlVoltageEventClear         
000010a1  SysCtlVCOGet                    
0000115d  SysCtlNMIStatus                 
00001171  SysCtlNMIClear                  
0000118d  SysCtlClockOutConfig            
000011a9  SysCtlAltClkConfig              
00001229  GPIODirModeSet                  
00001285  GPIODirModeGet                  
000012e1  GPIOIntTypeSet                  
0000138d  GPIOIntTypeGet                  
00001425  GPIOPadConfigSet                
00001689  GPIOPadConfigGet                
00001805  GPIOIntEnable                   
0000181f  GPIOIntDisable                  
00001839  GPIOIntStatus                   
0000185b  GPIOIntClear                    
0000186f  GPIOIntRegister                 
0000188d  GPIOIntUnregister               
000018a7  GPIOIntRegisterPin              
000018d5  GPIOIntUnregisterPin            
000018f9  GPIOPinRead                     
00001911  GPIOPinWrite                    
00001931  GPIOPinTypeADC                  
00001955  GPIOPinTypeCAN                  
00001979  GPIOPinTypeComparator           
0000199d  GPIOPinTypeComparatorOutput     
000019c1  GPIOPinTypeDIVSCLK              
000019e5  GPIOPinTypeEPI                  
00001a09  GPIOPinTypeEthernetLED          
00001a2d  GPIOPinTypeEthernetMII          
00001a51  GPIOPinTypeGPIOInput            
00001a75  GPIOPinTypeGPIOOutput           
00001aa5  GPIOPinTypeGPIOOutputOD         
00001ac9  GPIOPinTypeHibernateRTCCLK      
00001aed  GPIOPinTypeI2C                  
00001b11  GPIOPinTypeI2CSCL               
00001b35  GPIOPinTypeLCD                  
00001b59  GPIOPinTypeOneWire              
00001b7d  GPIOPinTypePWM                  
00001ba1  GPIOPinTypeQEI                  
00001bc5  GPIOPinTypeSSI                  
00001be9  GPIOPinTypeTimer                
00001c0d  GPIOPinTypeTrace                
00001c31  GPIOPinTypeUART                 
00001c55  GPIOPinTypeUSBAnalog            
00001c79  GPIOPinTypeUSBDigital           
00001c9d  GPIOPinTypeWakeHigh             
00001cc3  GPIOPinTypeWakeLow              
00001ce9  GPIOPinWakeStatus               
00001cf9  GPIOPinConfigure                
00001d57  GPIODMATriggerEnable            
00001d75  GPIODMATriggerDisable           
00001d93  GPIOADCTriggerEnable            
00001db1  GPIOADCTriggerDisable           
00001dcf  GPIOUnlockPin                   
00001e53  I2CMasterInitExpClk             
00001ec5  I2CSlaveInit                    
00001edf  I2CSlaveAddressSet              
00001f1d  I2CMasterEnable                 
00001f33  I2CSlaveEnable                  
00001f51  I2CMasterDisable                
00001f67  I2CSlaveDisable                 
00001f85  I2CIntRegister                  
00001fa3  I2CIntUnregister                
00001fbd  I2CMasterIntEnable              
00001fcd  I2CMasterIntEnableEx            
00001fe9  I2CSlaveIntEnable               
00002005  I2CSlaveIntEnableEx             
0000201f  I2CMasterIntDisable             
0000202f  I2CMasterIntDisableEx           
00002047  I2CSlaveIntDisable              
0000205f  I2CSlaveIntDisableEx            
0000207d  I2CMasterIntStatus              
000020cd  I2CMasterIntStatusEx            
000020eb  I2CSlaveIntStatus               
00002131  I2CSlaveIntStatusEx             
00002153  I2CMasterIntClear               
00002171  I2CMasterIntClearEx             
00002183  I2CSlaveIntClear                
00002195  I2CSlaveIntClearEx              
000021a9  I2CMasterSlaveAddrSet           
000021cb  I2CMasterLineStateGet           
000021d9  I2CMasterBusy                   
000021f1  I2CMasterBusBusy                
00002209  I2CMasterControl                
0000221b  I2CMasterErr                    
00002247  I2CMasterDataPut                
0000225d  I2CMasterDataGet                
0000226b  I2CMasterTimeoutSet             
0000227d  I2CSlaveACKOverride             
000022af  I2CSlaveACKValueSet             
000022e1  I2CSlaveStatus                  
000022f1  I2CSlaveDataPut                 
00002309  I2CSlaveDataGet                 
00002319  I2CTxFIFOConfigSet              
00002341  I2CTxFIFOFlush                  
00002359  I2CRxFIFOConfigSet              
00002381  I2CRxFIFOFlush                  
00002399  I2CFIFOStatus                   
000023a9  I2CFIFODataPut                  
000023cb  I2CFIFODataPutNonBlocking       
000023f3  I2CFIFODataGet                  
0000240d  I2CFIFODataGetNonBlocking       
00002433  I2CMasterBurstLengthSet         
00002449  I2CMasterBurstCountGet          
00002457  I2CMasterGlitchFilterConfigSet  
000024a5  I2CSlaveFIFOEnable              
000024bd  I2CSlaveFIFODisable             
000024cf  I2CLoopbackEnable               
000024e5  main                            
00002539  init                            
00002609  IntDisable                      
00002671  IntEnable                       
000026d9  __TI_auto_init_nobinit_nopinit  
0000271d  _c_int00_noargs                 
00002755  IntRegister                     
00002789  IntUnregister                   
0000279d  __TI_zero_init_nomemset         
000027af  ResetISR                        
000027bb  SysCtlDelay                     
000027c1  CPUwfi                          
000027c5  _system_pre_init                
000027c9  C$$EXIT                         
000027c9  abort                           
00002d00  __TI_Handler_Table_Base         
00002d04  __TI_CINIT_Base                 
00002d04  __TI_Handler_Table_Limit        
00002d0c  __TI_CINIT_Limit                
20000000  g_pfnRAMVectors                 
20000270  __stack                         
20000470  __STACK_END                     
20000470  __STACK_TOP                     
ffffffff  __TI_pprof_out_hndl             
ffffffff  __TI_prof_data_size             
ffffffff  __TI_prof_data_start            
ffffffff  __binit__                       
ffffffff  __c_args__                      
ffffffff  binit                           
UNDEFED   __mpu_init                      
UNDEFED   _system_post_cinit              

[192 symbols]
