******************************************************************************
                  TI ARM Linker PC v18.1.3                     
******************************************************************************
>> Linked Sun Dec 20 12:46:06 2020

OUTPUT FILE NAME:   <0b3.out>
ENTRY POINT SYMBOL: "_c_int00_noargs"  address: 000007b5


MEMORY CONFIGURATION

         name            origin    length      used     unused   attr    fill
----------------------  --------  ---------  --------  --------  ----  --------
  FLASH                 00000000   00040000  00000a88  0003f578  R  X
  SRAM                  20000000   00008000  0000046c  00007b94  RW X


SEGMENT ALLOCATION MAP

run origin  load origin   length   init length attrs members
----------  ----------- ---------- ----------- ----- -------
00000000    00000000    00000a8c   00000a8c    r-x
  00000000    00000000    0000026c   0000026c    r-- .intvecs
  0000026c    0000026c    00000788   00000788    r-x .text
  000009f4    000009f4    00000080   00000080    r-- .const
  00000a78    00000a78    00000014   00000014    r-- .cinit
20000000    20000000    00000470   00000000    rw-
  20000000    20000000    0000026c   00000000    rw- .vtable
  20000270    20000270    00000200   00000000    rw- .stack


SECTION ALLOCATION MAP

 output                                  attributes/
section   page    origin      length       input sections
--------  ----  ----------  ----------   ----------------
.intvecs   0    00000000    0000026c     
                  00000000    0000026c     tm4c123gh6pm_startup_ccs.obj (.intvecs)

.text      0    0000026c    00000788     
                  0000026c    0000016c     driverlib.lib : gpio.obj (.text:GPIOPadConfigSet)
                  000003d8    00000118                   : sysctl.obj (.text:SysCtlClockGet)
                  000004f0    000000f4                   : sysctl.obj (.text:SysCtlClockSet)
                  000005e4    000000c0     main.obj (.text)
                  000006a4    00000068     driverlib.lib : interrupt.obj (.text:IntEnable)
                  0000070c    00000064                   : hibernate.obj (.text:HibernateWakeSet)
                  00000770    00000044     rtsv7M4_T_le_v4SPD16_eabi.lib : autoinit.c.obj (.text:__TI_auto_init_nobinit_nopinit:__TI_auto_init_nobinit_nopinit)
                  000007b4    00000038                                   : boot_cortex_m.c.obj (.text:_c_int00_noargs:_c_int00_noargs)
                  000007ec    00000034     driverlib.lib : interrupt.obj (.text:IntRegister)
                  00000820    00000034                   : sysctl.obj (.text:SysCtlPeripheralEnable)
                  00000854    0000002c                   : gpio.obj (.text:GPIODirModeSet)
                  00000880    0000002c                   : hibernate.obj (.text:HibernateRTCSet)
                  000008ac    00000020                   : hibernate.obj (.text:_HibernateIntNumberGet)
                  000008cc    0000001a                   : gpio.obj (.text:GPIOPinTypeGPIOOutput)
                  000008e6    00000002     --HOLE-- [fill = 0]
                  000008e8    00000018                   : hibernate.obj (.text:HibernateGPIORetentionEnable)
                  00000900    00000018                   : hibernate.obj (.text:HibernateIntRegister)
                  00000918    00000018                   : hibernate.obj (.text:HibernateIntStatus)
                  00000930    00000014                   : hibernate.obj (.text:HibernateEnableExpClk)
                  00000944    00000014                   : hibernate.obj (.text:HibernateIntClear)
                  00000958    00000014                   : hibernate.obj (.text:HibernateIntEnable)
                  0000096c    00000014                   : hibernate.obj (.text:HibernateRTCEnable)
                  00000980    00000014                   : hibernate.obj (.text:HibernateRequest)
                  00000994    00000012     rtsv7M4_T_le_v4SPD16_eabi.lib : copy_zero_init.c.obj (.text:decompress:ZI:__TI_zero_init_nomemset:__TI_zero_init_nomemset)
                  000009a6    00000002     --HOLE-- [fill = 0]
                  000009a8    00000010     driverlib.lib : hibernate.obj (.text:HibernateRTCMatchSet)
                  000009b8    00000010                   : hibernate.obj (.text:_HibernateWriteComplete)
                  000009c8    0000000c                   : hibernate.obj (.text:HibernateRTCGet)
                  000009d4    0000000c     tm4c123gh6pm_startup_ccs.obj (.text)
                  000009e0    00000006     driverlib.lib : gpio.obj (.text:GPIOPinWrite)
                  000009e6    00000006                   : sysctl.obj (.text:SysCtlDelay)
                  000009ec    00000004     rtsv7M4_T_le_v4SPD16_eabi.lib : pre_init.c.obj (.text:_system_pre_init)
                  000009f0    00000004                                   : exit.c.obj (.text:abort:abort)

.const     0    000009f4    00000080     
                  000009f4    0000006c     driverlib.lib : sysctl.obj (.const:g_pui32Xtals)
                  00000a60    00000014                   : interrupt.obj (.const:g_pui32EnRegs)

.cinit     0    00000a78    00000014     
                  00000a78    00000008     (.cinit..vtable.load) [load image, compression = zero_init]
                  00000a80    00000004     (__TI_handler_table)
                  00000a84    00000008     (__TI_cinit_table)

.init_array 
*          0    00000000    00000000     UNINITIALIZED

.vtable    0    20000000    0000026c     UNINITIALIZED
                  20000000    0000026c     driverlib.lib : interrupt.obj (.vtable)

.stack     0    20000270    00000200     UNINITIALIZED
                  20000270    00000004     rtsv7M4_T_le_v4SPD16_eabi.lib : boot_cortex_m.c.obj (.stack)
                  20000274    000001fc     --HOLE--

MODULE SUMMARY

       Module                         code   ro data   rw data
       ------                         ----   -------   -------
    .\
       tm4c123gh6pm_startup_ccs.obj   12     620       0      
       main.obj                       192    0         0      
    +--+------------------------------+------+---------+---------+
       Total:                         204    620       0      
                                                              
    C:/ti/TivaWare_C_Series-2.2.0.295/driverlib/ccs/Debug/driverlib.lib
       interrupt.obj                  156    20        620    
       sysctl.obj                     582    108       0      
       gpio.obj                       440    0         0      
       hibernate.obj                  392    0         0      
    +--+------------------------------+------+---------+---------+
       Total:                         1570   128       620    
                                                              
    C:\ti\ccsv8\tools\compiler\ti-cgt-arm_18.1.3.LTS\lib\rtsv7M4_T_le_v4SPD16_eabi.lib
       autoinit.c.obj                 68     0         0      
       boot_cortex_m.c.obj            56     0         0      
       copy_zero_init.c.obj           18     0         0      
       exit.c.obj                     4      0         0      
       pre_init.c.obj                 4      0         0      
    +--+------------------------------+------+---------+---------+
       Total:                         150    0         0      
                                                              
       Stack:                         0      0         512    
       Linker Generated:              0      20        0      
    +--+------------------------------+------+---------+---------+
       Grand Total:                   1924   768       1132   


LINKER GENERATED COPY TABLES

__TI_cinit_table @ 00000a84 records: 1, size/record: 8, table size: 8
	.vtable: load addr=00000a78, load size=00000008 bytes, run addr=20000000, run size=0000026c bytes, compression=zero_init


LINKER GENERATED HANDLER TABLE

__TI_handler_table @ 00000a80 records: 1, size/record: 4, table size: 4
	index: 0, handler: __TI_zero_init


GLOBAL SYMBOLS: SORTED ALPHABETICALLY BY Name 

address   name                          
-------   ----                          
000009f1  C$$EXIT                       
00000855  GPIODirModeSet                
0000026d  GPIOPadConfigSet              
000008cd  GPIOPinTypeGPIOOutput         
000009e1  GPIOPinWrite                  
00000931  HibernateEnableExpClk         
000008e9  HibernateGPIORetentionEnable  
00000945  HibernateIntClear             
00000959  HibernateIntEnable            
00000901  HibernateIntRegister          
00000919  HibernateIntStatus            
0000096d  HibernateRTCEnable            
000009c9  HibernateRTCGet               
000009a9  HibernateRTCMatchSet          
00000881  HibernateRTCSet               
00000981  HibernateRequest              
0000070d  HibernateWakeSet              
000006a5  IntEnable                     
000007ed  IntRegister                   
000009d5  ResetISR                      
000003d9  SysCtlClockGet                
000004f1  SysCtlClockSet                
000009e7  SysCtlDelay                   
00000821  SysCtlPeripheralEnable        
20000470  __STACK_END                   
00000200  __STACK_SIZE                  
20000470  __STACK_TOP                   
00000a84  __TI_CINIT_Base               
00000a8c  __TI_CINIT_Limit              
00000a80  __TI_Handler_Table_Base       
00000a84  __TI_Handler_Table_Limit      
00000771  __TI_auto_init_nobinit_nopinit
ffffffff  __TI_pprof_out_hndl           
ffffffff  __TI_prof_data_size           
ffffffff  __TI_prof_data_start          
00000000  __TI_static_base__            
00000995  __TI_zero_init_nomemset       
ffffffff  __binit__                     
ffffffff  __c_args__                    
UNDEFED   __mpu_init                    
20000270  __stack                       
000007b5  _c_int00_noargs               
UNDEFED   _system_post_cinit            
000009ed  _system_pre_init              
000009f1  abort                         
ffffffff  binit                         
20000000  g_pfnRAMVectors               
00000000  g_pfnVectors                  
000005e5  hiberkesme                    
0000061d  main                          


GLOBAL SYMBOLS: SORTED BY Symbol Address 

address   name                          
-------   ----                          
00000000  __TI_static_base__            
00000000  g_pfnVectors                  
00000200  __STACK_SIZE                  
0000026d  GPIOPadConfigSet              
000003d9  SysCtlClockGet                
000004f1  SysCtlClockSet                
000005e5  hiberkesme                    
0000061d  main                          
000006a5  IntEnable                     
0000070d  HibernateWakeSet              
00000771  __TI_auto_init_nobinit_nopinit
000007b5  _c_int00_noargs               
000007ed  IntRegister                   
00000821  SysCtlPeripheralEnable        
00000855  GPIODirModeSet                
00000881  HibernateRTCSet               
000008cd  GPIOPinTypeGPIOOutput         
000008e9  HibernateGPIORetentionEnable  
00000901  HibernateIntRegister          
00000919  HibernateIntStatus            
00000931  HibernateEnableExpClk         
00000945  HibernateIntClear             
00000959  HibernateIntEnable            
0000096d  HibernateRTCEnable            
00000981  HibernateRequest              
00000995  __TI_zero_init_nomemset       
000009a9  HibernateRTCMatchSet          
000009c9  HibernateRTCGet               
000009d5  ResetISR                      
000009e1  GPIOPinWrite                  
000009e7  SysCtlDelay                   
000009ed  _system_pre_init              
000009f1  C$$EXIT                       
000009f1  abort                         
00000a80  __TI_Handler_Table_Base       
00000a84  __TI_CINIT_Base               
00000a84  __TI_Handler_Table_Limit      
00000a8c  __TI_CINIT_Limit              
20000000  g_pfnRAMVectors               
20000270  __stack                       
20000470  __STACK_END                   
20000470  __STACK_TOP                   
ffffffff  __TI_pprof_out_hndl           
ffffffff  __TI_prof_data_size           
ffffffff  __TI_prof_data_start          
ffffffff  __binit__                     
ffffffff  __c_args__                    
ffffffff  binit                         
UNDEFED   __mpu_init                    
UNDEFED   _system_post_cinit            

[50 symbols]
