******************************************************************************
                  TI ARM Linker PC v18.1.3                     
******************************************************************************
>> Linked Sun Dec 27 16:42:04 2020

OUTPUT FILE NAME:   <0btimerapikesmesiz.out>
ENTRY POINT SYMBOL: "_c_int00_noargs"  address: 00002299


MEMORY CONFIGURATION

         name            origin    length      used     unused   attr    fill
----------------------  --------  ---------  --------  --------  ----  --------
  FLASH                 00000000   00040000  000028ac  0003d754  R  X
  SRAM                  20000000   00008000  000004a9  00007b57  RW X


SEGMENT ALLOCATION MAP

run origin  load origin   length   init length attrs members
----------  ----------- ---------- ----------- ----- -------
00000000    00000000    000028b0   000028b0    r-x
  00000000    00000000    0000026c   0000026c    r-- .intvecs
  0000026c    0000026c    0000223c   0000223c    r-x .text
  000024a8    000024a8    000003ac   000003ac    r-- .const
  00002858    00002858    00000058   00000058    r-- .cinit
20000000    20000000    000004b0   00000000    rw-
  20000000    20000000    0000026c   00000000    rw- .vtable
  20000270    20000270    00000200   00000000    rw- .stack
  20000470    20000470    00000021   00000000    rw- .data
  20000494    20000494    0000001c   00000000    rw- .bss


SECTION ALLOCATION MAP

 output                                  attributes/
section   page    origin      length       input sections
--------  ----  ----------  ----------   ----------------
.intvecs   0    00000000    0000026c     
                  00000000    0000026c     tm4c123gh6pm_startup_ccs.obj (.intvecs)

.text      0    0000026c    0000223c     
                  0000026c    00001b48     main.obj (.text)
                  00001db4    0000016c     driverlib.lib : gpio.obj (.text:GPIOPadConfigSet)
                  00001f20    0000009c     rtsv7M4_T_le_v4SPD16_eabi.lib : memcpy_t2.asm.obj (.text)
                  00001fbc    0000007a     driverlib.lib : adc.obj (.text:ADCSequenceStepConfigure)
                  00002036    00000002                   : interrupt.obj (.text:_IntDefaultHandler)
                  00002038    00000068                   : interrupt.obj (.text:IntDisable)
                  000020a0    00000068                   : interrupt.obj (.text:IntEnable)
                  00002108    00000068     rtsv7M4_T_le_v4SPD16_eabi.lib : copy_decompress_lzss.c.obj (.text:decompress:lzss:__TI_decompress_lzss)
                  00002170    0000004e     driverlib.lib : adc.obj (.text:ADCSequenceConfigure)
                  000021be    00000002     --HOLE-- [fill = 0]
                  000021c0    0000004c                   : gpio.obj (.text:GPIOPinConfigure)
                  0000220c    00000046                   : uart.obj (.text:UARTConfigSetExpClk)
                  00002252    00000002     --HOLE-- [fill = 0]
                  00002254    00000044     rtsv7M4_T_le_v4SPD16_eabi.lib : autoinit.c.obj (.text:__TI_auto_init_nobinit_nopinit:__TI_auto_init_nobinit_nopinit)
                  00002298    00000038                                   : boot_cortex_m.c.obj (.text:_c_int00_noargs:_c_int00_noargs)
                  000022d0    00000034     driverlib.lib : interrupt.obj (.text:IntRegister)
                  00002304    0000002e                   : adc.obj (.text:ADCIntStatus)
                  00002332    0000002c                   : gpio.obj (.text:GPIODirModeSet)
                  0000235e    00000002     --HOLE-- [fill = 0]
                  00002360    00000020                   : uart.obj (.text:UARTDisable)
                  00002380    0000001e                   : adc.obj (.text:ADCSequenceDataGet)
                  0000239e    0000001a                   : gpio.obj (.text:GPIOPinTypeGPIOOutput)
                  000023b8    00000018                   : adc.obj (.text:ADCProcessorTrigger)
                  000023d0    00000016                   : gpio.obj (.text:GPIOPinTypeGPIOInput)
                  000023e6    00000016                   : gpio.obj (.text:GPIOPinTypeUART)
                  000023fc    00000014                   : interrupt.obj (.text:IntUnregister)
                  00002410    00000014                   : uart.obj (.text:UARTEnable)
                  00002424    00000012     rtsv7M4_T_le_v4SPD16_eabi.lib : copy_zero_init.c.obj (.text:decompress:ZI:__TI_zero_init_nomemset:__TI_zero_init_nomemset)
                  00002436    0000000e     driverlib.lib : adc.obj (.text:ADCSequenceEnable)
                  00002444    0000000e                   : uart.obj (.text:UARTCharsAvail)
                  00002452    0000000e     rtsv7M4_T_le_v4SPD16_eabi.lib : copy_decompress_none.c.obj (.text:decompress:none:__TI_decompress_none)
                  00002460    0000000c     tm4c123gh6pm_startup_ccs.obj (.text)
                  0000246c    0000000a     driverlib.lib : adc.obj (.text:ADCIntClear)
                  00002476    0000000a                   : uart.obj (.text:UARTCharGet)
                  00002480    0000000a                   : uart.obj (.text:UARTCharPut)
                  0000248a    00000006                   : gpio.obj (.text:GPIOPinRead)
                  00002490    00000006                   : gpio.obj (.text:GPIOPinWrite)
                  00002496    00000006     main.obj (.text:SysCtlDelay)
                  0000249c    00000004     driverlib.lib : cpu.obj (.text:CPUwfi)
                  000024a0    00000004     rtsv7M4_T_le_v4SPD16_eabi.lib : pre_init.c.obj (.text:_system_pre_init)
                  000024a4    00000004                                   : exit.c.obj (.text:abort:abort)

.const     0    000024a8    000003ac     
                  000024a8    000001b0     main.obj (.const:g_pppui32XTALtoVCO)
                  00002658    00000090     driverlib.lib : gpio.obj (.const:g_pui32GPIOBaseAddrs)
                  000026e8    0000006c     main.obj (.const:g_pui32Xtals)
                  00002754    00000060     main.obj (.const:g_ppui32TimerIntMap)
                  000027b4    00000040     main.obj (.const:g_ppui32TimerIntMapSnowflake)
                  000027f4    00000030     main.obj (.const:g_sXTALtoMEMTIM)
                  00002824    00000014     driverlib.lib : interrupt.obj (.const:g_pui32Dii16Regs)
                  00002838    00000014                   : interrupt.obj (.const:g_pui32EnRegs)
                  0000284c    00000008     main.obj (.const:g_pui32VCOFrequencies)

.cinit     0    00002858    00000058     
                  00002858    0000001d     (.cinit..data.load) [load image, compression = lzss]
                  00002875    00000003     --HOLE-- [fill = 0]
                  00002878    0000000c     (__TI_handler_table)
                  00002884    00000004     --HOLE-- [fill = 0]
                  00002888    00000008     (.cinit..bss.load) [load image, compression = zero_init]
                  00002890    00000008     (.cinit..vtable.load) [load image, compression = zero_init]
                  00002898    00000018     (__TI_cinit_table)

.init_array 
*          0    00000000    00000000     UNINITIALIZED

.vtable    0    20000000    0000026c     UNINITIALIZED
                  20000000    0000026c     driverlib.lib : interrupt.obj (.vtable)

.data      0    20000470    00000021     UNINITIALIZED
                  20000470    00000020     main.obj (.data:saatdizi)
                  20000490    00000001     main.obj (.data)

.bss       0    20000494    0000001c     UNINITIALIZED
                  20000494    00000010     (.common:adcdata)
                  200004a4    00000004     (.common:gelensaatno)
                  200004a8    00000004     (.common:gelenveri)
                  200004ac    00000004     (.common:kesme)

.stack     0    20000270    00000200     UNINITIALIZED
                  20000270    00000004     rtsv7M4_T_le_v4SPD16_eabi.lib : boot_cortex_m.c.obj (.stack)
                  20000274    000001fc     --HOLE--

MODULE SUMMARY

       Module                         code   ro data   rw data
       ------                         ----   -------   -------
    .\
       main.obj                       6990   756       61     
       tm4c123gh6pm_startup_ccs.obj   12     620       0      
    +--+------------------------------+------+---------+---------+
       Total:                         7002   1376      61     
                                                              
    C:/ti/TivaWare_C_Series-2.2.0.295/driverlib/ccs/Debug/driverlib.lib
       interrupt.obj                  282    40        620    
       gpio.obj                       566    144       0      
       adc.obj                        324    0         0      
       uart.obj                       156    0         0      
       cpu.obj                        4      0         0      
    +--+------------------------------+------+---------+---------+
       Total:                         1332   184       620    
                                                              
    C:\ti\ccsv8\tools\compiler\ti-cgt-arm_18.1.3.LTS\lib\rtsv7M4_T_le_v4SPD16_eabi.lib
       memcpy_t2.asm.obj              156    0         0      
       copy_decompress_lzss.c.obj     104    0         0      
       autoinit.c.obj                 68     0         0      
       boot_cortex_m.c.obj            56     0         0      
       copy_zero_init.c.obj           18     0         0      
       copy_decompress_none.c.obj     14     0         0      
       exit.c.obj                     4      0         0      
       pre_init.c.obj                 4      0         0      
    +--+------------------------------+------+---------+---------+
       Total:                         424    0         0      
                                                              
       Stack:                         0      0         512    
       Linker Generated:              0      81        0      
    +--+------------------------------+------+---------+---------+
       Grand Total:                   8758   1641      1193   


LINKER GENERATED COPY TABLES

__TI_cinit_table @ 00002898 records: 3, size/record: 8, table size: 24
	.data: load addr=00002858, load size=0000001d bytes, run addr=20000470, run size=00000021 bytes, compression=lzss
	.bss: load addr=00002888, load size=00000008 bytes, run addr=20000494, run size=0000001c bytes, compression=zero_init
	.vtable: load addr=00002890, load size=00000008 bytes, run addr=20000000, run size=0000026c bytes, compression=zero_init


LINKER GENERATED HANDLER TABLE

__TI_handler_table @ 00002878 records: 3, size/record: 4, table size: 12
	index: 0, handler: __TI_zero_init
	index: 1, handler: __TI_decompress_lzss
	index: 2, handler: __TI_decompress_none


GLOBAL SYMBOLS: SORTED ALPHABETICALLY BY Name 

address   name                            
-------   ----                            
0000246d  ADCIntClear                     
00002305  ADCIntStatus                    
000023b9  ADCProcessorTrigger             
00002171  ADCSequenceConfigure            
00002381  ADCSequenceDataGet              
00002437  ADCSequenceEnable               
00001fbd  ADCSequenceStepConfigure        
000024a5  C$$EXIT                         
0000249d  CPUwfi                          
00002333  GPIODirModeSet                  
00001db5  GPIOPadConfigSet                
000021c1  GPIOPinConfigure                
0000248b  GPIOPinRead                     
000023d1  GPIOPinTypeGPIOInput            
0000239f  GPIOPinTypeGPIOOutput           
000023e7  GPIOPinTypeUART                 
00002491  GPIOPinWrite                    
00002039  IntDisable                      
000020a1  IntEnable                       
000022d1  IntRegister                     
000023fd  IntUnregister                   
00001cd7  PCyeistediginbirmesaj           
00001d33  PCyesaatgonder                  
00002461  ResetISR                        
00001acd  SetInitSettings                 
000011a9  SysCtlAltClkConfig              
000008d1  SysCtlClockFreqSet              
00000d99  SysCtlClockGet                  
0000118d  SysCtlClockOutConfig            
00000bc9  SysCtlClockSet                  
000007d5  SysCtlDeepSleep                 
00000f5d  SysCtlDeepSleepClockConfigSet   
00000f3f  SysCtlDeepSleepClockSet         
000007b5  SysCtlDeepSleepPowerSet         
00002497  SysCtlDelay                     
00000363  SysCtlFlashSectorSizeGet        
00000337  SysCtlFlashSizeGet              
00001033  SysCtlGPIOAHBDisable            
00001017  SysCtlGPIOAHBEnable             
00000749  SysCtlIntClear                  
00000731  SysCtlIntDisable                
0000071d  SysCtlIntEnable                 
000006f5  SysCtlIntRegister               
00000759  SysCtlIntStatus                 
0000070d  SysCtlIntUnregister             
0000079b  SysCtlLDODeepSleepGet           
0000078b  SysCtlLDODeepSleepSet           
00000785  SysCtlLDOSleepGet               
00000775  SysCtlLDOSleepSet               
0000080b  SysCtlMOSCConfigSet             
00001171  SysCtlNMIClear                  
0000115d  SysCtlNMIStatus                 
00000821  SysCtlPIOSCCalibrate            
00001001  SysCtlPWMClockGet               
00000fe7  SysCtlPWMClockSet               
000006a1  SysCtlPeripheralClockGating     
00000659  SysCtlPeripheralDeepSleepDisable
00000609  SysCtlPeripheralDeepSleepEnable 
00000545  SysCtlPeripheralDisable         
00000509  SysCtlPeripheralEnable          
00000445  SysCtlPeripheralPowerOff        
00000409  SysCtlPeripheralPowerOn         
00000389  SysCtlPeripheralPresent         
000003c9  SysCtlPeripheralReady           
00000481  SysCtlPeripheralReset           
000005cd  SysCtlPeripheralSleepDisable    
00000589  SysCtlPeripheralSleepEnable     
000007c5  SysCtlReset                     
00000881  SysCtlResetBehaviorGet          
00000871  SysCtlResetBehaviorSet          
000007f7  SysCtlResetCauseClear           
000007f1  SysCtlResetCauseGet             
0000032d  SysCtlSRAMSizeGet               
000007cd  SysCtlSleep                     
000007a1  SysCtlSleepPowerSet             
0000105b  SysCtlUSBPLLDisable             
0000104f  SysCtlUSBPLLEnable              
000010a1  SysCtlVCOGet                    
00001089  SysCtlVoltageEventClear         
0000106d  SysCtlVoltageEventConfig        
0000107d  SysCtlVoltageEventStatus        
000017b5  TimerADCEventGet                
000017a3  TimerADCEventSet                
000014cf  TimerClockSourceGet             
000014bb  TimerClockSourceSet             
0000127d  TimerConfigure                  
000013b5  TimerControlEvent               
000012fd  TimerControlLevel               
000013df  TimerControlStall               
00001341  TimerControlTrigger             
00001421  TimerControlWaitOnTrigger       
000017d5  TimerDMAEventGet                
000017c3  TimerDMAEventSet                
0000125b  TimerDisable                    
0000123d  TimerEnable                     
0000177f  TimerIntClear                   
00001749  TimerIntDisable                 
00001731  TimerIntEnable                  
000016eb  TimerIntRegister                
00001761  TimerIntStatus                  
00001713  TimerIntUnregister              
000015a3  TimerLoadGet                    
000015d9  TimerLoadGet64                  
00001579  TimerLoadSet                    
000015bf  TimerLoadSet64                  
00001683  TimerMatchGet                   
000016b9  TimerMatchGet64                 
00001659  TimerMatchSet                   
0000169f  TimerMatchSet64                 
00001509  TimerPrescaleGet                
0000155d  TimerPrescaleMatchGet           
00001525  TimerPrescaleMatchSet           
000014df  TimerPrescaleSet                
000014a5  TimerRTCDisable                 
00001485  TimerRTCEnable                  
00001791  TimerSynchronize                
000017e3  TimerUpdateMode                 
0000160b  TimerValueGet                   
00001627  TimerValueGet64                 
00002477  UARTCharGet                     
00002481  UARTCharPut                     
00002445  UARTCharsAvail                  
0000220d  UARTConfigSetExpClk             
00002361  UARTDisable                     
00002411  UARTEnable                      
20000470  __STACK_END                     
00000200  __STACK_SIZE                    
20000470  __STACK_TOP                     
00002898  __TI_CINIT_Base                 
000028b0  __TI_CINIT_Limit                
00002878  __TI_Handler_Table_Base         
00002884  __TI_Handler_Table_Limit        
00002255  __TI_auto_init_nobinit_nopinit  
00002109  __TI_decompress_lzss            
00002453  __TI_decompress_none            
ffffffff  __TI_pprof_out_hndl             
ffffffff  __TI_prof_data_size             
ffffffff  __TI_prof_data_start            
00000000  __TI_static_base__              
00002425  __TI_zero_init_nomemset         
00001f21  __aeabi_memcpy                  
00001f21  __aeabi_memcpy4                 
00001f21  __aeabi_memcpy8                 
ffffffff  __binit__                       
ffffffff  __c_args__                      
UNDEFED   __mpu_init                      
20000270  __stack                         
00002299  _c_int00_noargs                 
UNDEFED   _system_post_cinit              
000024a1  _system_pre_init                
000024a5  abort                           
20000494  adcdata                         
00001949  adcseridengonder                
ffffffff  binit                           
20000000  g_pfnRAMVectors                 
00000000  g_pfnVectors                    
200004a4  gelensaatno                     
200004a8  gelenveri                       
200004ac  kesme                           
00001837  main                            
00001f21  memcpy                          
20000470  saatdizi                        
00001bfd  saatkontrol                     
20000490  saatmi                          


GLOBAL SYMBOLS: SORTED BY Symbol Address 

address   name                            
-------   ----                            
00000000  __TI_static_base__              
00000000  g_pfnVectors                    
00000200  __STACK_SIZE                    
0000032d  SysCtlSRAMSizeGet               
00000337  SysCtlFlashSizeGet              
00000363  SysCtlFlashSectorSizeGet        
00000389  SysCtlPeripheralPresent         
000003c9  SysCtlPeripheralReady           
00000409  SysCtlPeripheralPowerOn         
00000445  SysCtlPeripheralPowerOff        
00000481  SysCtlPeripheralReset           
00000509  SysCtlPeripheralEnable          
00000545  SysCtlPeripheralDisable         
00000589  SysCtlPeripheralSleepEnable     
000005cd  SysCtlPeripheralSleepDisable    
00000609  SysCtlPeripheralDeepSleepEnable 
00000659  SysCtlPeripheralDeepSleepDisable
000006a1  SysCtlPeripheralClockGating     
000006f5  SysCtlIntRegister               
0000070d  SysCtlIntUnregister             
0000071d  SysCtlIntEnable                 
00000731  SysCtlIntDisable                
00000749  SysCtlIntClear                  
00000759  SysCtlIntStatus                 
00000775  SysCtlLDOSleepSet               
00000785  SysCtlLDOSleepGet               
0000078b  SysCtlLDODeepSleepSet           
0000079b  SysCtlLDODeepSleepGet           
000007a1  SysCtlSleepPowerSet             
000007b5  SysCtlDeepSleepPowerSet         
000007c5  SysCtlReset                     
000007cd  SysCtlSleep                     
000007d5  SysCtlDeepSleep                 
000007f1  SysCtlResetCauseGet             
000007f7  SysCtlResetCauseClear           
0000080b  SysCtlMOSCConfigSet             
00000821  SysCtlPIOSCCalibrate            
00000871  SysCtlResetBehaviorSet          
00000881  SysCtlResetBehaviorGet          
000008d1  SysCtlClockFreqSet              
00000bc9  SysCtlClockSet                  
00000d99  SysCtlClockGet                  
00000f3f  SysCtlDeepSleepClockSet         
00000f5d  SysCtlDeepSleepClockConfigSet   
00000fe7  SysCtlPWMClockSet               
00001001  SysCtlPWMClockGet               
00001017  SysCtlGPIOAHBEnable             
00001033  SysCtlGPIOAHBDisable            
0000104f  SysCtlUSBPLLEnable              
0000105b  SysCtlUSBPLLDisable             
0000106d  SysCtlVoltageEventConfig        
0000107d  SysCtlVoltageEventStatus        
00001089  SysCtlVoltageEventClear         
000010a1  SysCtlVCOGet                    
0000115d  SysCtlNMIStatus                 
00001171  SysCtlNMIClear                  
0000118d  SysCtlClockOutConfig            
000011a9  SysCtlAltClkConfig              
0000123d  TimerEnable                     
0000125b  TimerDisable                    
0000127d  TimerConfigure                  
000012fd  TimerControlLevel               
00001341  TimerControlTrigger             
000013b5  TimerControlEvent               
000013df  TimerControlStall               
00001421  TimerControlWaitOnTrigger       
00001485  TimerRTCEnable                  
000014a5  TimerRTCDisable                 
000014bb  TimerClockSourceSet             
000014cf  TimerClockSourceGet             
000014df  TimerPrescaleSet                
00001509  TimerPrescaleGet                
00001525  TimerPrescaleMatchSet           
0000155d  TimerPrescaleMatchGet           
00001579  TimerLoadSet                    
000015a3  TimerLoadGet                    
000015bf  TimerLoadSet64                  
000015d9  TimerLoadGet64                  
0000160b  TimerValueGet                   
00001627  TimerValueGet64                 
00001659  TimerMatchSet                   
00001683  TimerMatchGet                   
0000169f  TimerMatchSet64                 
000016b9  TimerMatchGet64                 
000016eb  TimerIntRegister                
00001713  TimerIntUnregister              
00001731  TimerIntEnable                  
00001749  TimerIntDisable                 
00001761  TimerIntStatus                  
0000177f  TimerIntClear                   
00001791  TimerSynchronize                
000017a3  TimerADCEventSet                
000017b5  TimerADCEventGet                
000017c3  TimerDMAEventSet                
000017d5  TimerDMAEventGet                
000017e3  TimerUpdateMode                 
00001837  main                            
00001949  adcseridengonder                
00001acd  SetInitSettings                 
00001bfd  saatkontrol                     
00001cd7  PCyeistediginbirmesaj           
00001d33  PCyesaatgonder                  
00001db5  GPIOPadConfigSet                
00001f21  __aeabi_memcpy                  
00001f21  __aeabi_memcpy4                 
00001f21  __aeabi_memcpy8                 
00001f21  memcpy                          
00001fbd  ADCSequenceStepConfigure        
00002039  IntDisable                      
000020a1  IntEnable                       
00002109  __TI_decompress_lzss            
00002171  ADCSequenceConfigure            
000021c1  GPIOPinConfigure                
0000220d  UARTConfigSetExpClk             
00002255  __TI_auto_init_nobinit_nopinit  
00002299  _c_int00_noargs                 
000022d1  IntRegister                     
00002305  ADCIntStatus                    
00002333  GPIODirModeSet                  
00002361  UARTDisable                     
00002381  ADCSequenceDataGet              
0000239f  GPIOPinTypeGPIOOutput           
000023b9  ADCProcessorTrigger             
000023d1  GPIOPinTypeGPIOInput            
000023e7  GPIOPinTypeUART                 
000023fd  IntUnregister                   
00002411  UARTEnable                      
00002425  __TI_zero_init_nomemset         
00002437  ADCSequenceEnable               
00002445  UARTCharsAvail                  
00002453  __TI_decompress_none            
00002461  ResetISR                        
0000246d  ADCIntClear                     
00002477  UARTCharGet                     
00002481  UARTCharPut                     
0000248b  GPIOPinRead                     
00002491  GPIOPinWrite                    
00002497  SysCtlDelay                     
0000249d  CPUwfi                          
000024a1  _system_pre_init                
000024a5  C$$EXIT                         
000024a5  abort                           
00002878  __TI_Handler_Table_Base         
00002884  __TI_Handler_Table_Limit        
00002898  __TI_CINIT_Base                 
000028b0  __TI_CINIT_Limit                
20000000  g_pfnRAMVectors                 
20000270  __stack                         
20000470  __STACK_END                     
20000470  __STACK_TOP                     
20000470  saatdizi                        
20000490  saatmi                          
20000494  adcdata                         
200004a4  gelensaatno                     
200004a8  gelenveri                       
200004ac  kesme                           
ffffffff  __TI_pprof_out_hndl             
ffffffff  __TI_prof_data_size             
ffffffff  __TI_prof_data_start            
ffffffff  __binit__                       
ffffffff  __c_args__                      
ffffffff  binit                           
UNDEFED   __mpu_init                      
UNDEFED   _system_post_cinit              

[164 symbols]
