******************************************************************************
                  TI ARM Linker PC v18.1.3                     
******************************************************************************
>> Linked Sun Nov  1 20:19:34 2020

OUTPUT FILE NAME:   <hafta02_2_ogr_ilkornek.out>
ENTRY POINT SYMBOL: "_c_int00_noargs"  address: 000024f9


MEMORY CONFIGURATION

         name            origin    length      used     unused   attr    fill
----------------------  --------  ---------  --------  --------  ----  --------
  FLASH                 00000000   00040000  000028e2  0003d71e  R  X
  SRAM                  20000000   00008000  00000470  00007b90  RW X


SEGMENT ALLOCATION MAP

run origin  load origin   length   init length attrs members
----------  ----------- ---------- ----------- ----- -------
00000000    00000000    000028e8   000028e8    r-x
  00000000    00000000    0000026c   0000026c    r-- .intvecs
  0000026c    0000026c    000023c6   000023c6    r-x .text
  00002638    00002638    00000280   00000280    r-- .const
  000028b8    000028b8    00000030   00000030    r-- .cinit
20000000    20000000    00000470   00000000    rw-
  20000000    20000000    0000026c   00000000    rw- .vtable
  2000026c    2000026c    00000004   00000000    rw- .data
  20000270    20000270    00000200   00000000    rw- .stack


SECTION ALLOCATION MAP

 output                                  attributes/
section   page    origin      length       input sections
--------  ----  ----------  ----------   ----------------
.intvecs   0    00000000    0000026c     
                  00000000    0000026c     tm4c123gh6pm_startup_ccs.obj (.intvecs)

.text      0    0000026c    000023c6     
                  0000026c    00000dd4     main.obj (.text)
                  00001040    000009c0     rtsv7M4_T_le_v4SPD16_eabi.lib : e_pow.c.obj (.text:pow)
                  00001a00    000001b6                                   : fd_add_t2.asm.obj (.text)
                  00001bb6    00000002     driverlib.lib : interrupt.obj (.text:_IntDefaultHandler)
                  00001bb8    00000158     rtsv7M4_T_le_v4SPD16_eabi.lib : e_sqrt.c.obj (.text:sqrt)
                  00001d10    00000136                                   : fd_div_t2.asm.obj (.text)
                  00001e46    00000002     --HOLE-- [fill = 0]
                  00001e48    00000110                                   : s_scalbn.c.obj (.text:scalbn)
                  00001f58    000000fc                                   : fd_mul_t2.asm.obj (.text)
                  00002054    000000f4     driverlib.lib : sysctl.obj (.text:SysCtlClockSet)
                  00002148    0000009c     rtsv7M4_T_le_v4SPD16_eabi.lib : memcpy_t2.asm.obj (.text)
                  000021e4    00000086                                   : fd_cmp_t2.asm.obj (.text:__aeabi_cdcmple)
                  0000226a    00000086                                   : fd_cmp_t2.asm.obj (.text:__aeabi_cdrcmple)
                  000022f0    00000068     driverlib.lib : interrupt.obj (.text:IntDisable)
                  00002358    00000068                   : interrupt.obj (.text:IntEnable)
                  000023c0    00000068     rtsv7M4_T_le_v4SPD16_eabi.lib : copy_decompress_lzss.c.obj (.text:decompress:lzss:__TI_decompress_lzss)
                  00002428    00000048                                   : fd_toi_t2.asm.obj (.text)
                  00002470    00000044                                   : autoinit.c.obj (.text:__TI_auto_init_nobinit_nopinit:__TI_auto_init_nobinit_nopinit)
                  000024b4    00000044                                   : fd_tou_t2.asm.obj (.text)
                  000024f8    00000038                                   : boot_cortex_m.c.obj (.text:_c_int00_noargs:_c_int00_noargs)
                  00002530    00000034     driverlib.lib : interrupt.obj (.text:IntRegister)
                  00002564    00000034                   : sysctl.obj (.text:SysCtlPeripheralEnable)
                  00002598    0000002e     rtsv7M4_T_le_v4SPD16_eabi.lib : i_tofd_t2.asm.obj (.text)
                  000025c6    00000002     --HOLE-- [fill = 0]
                  000025c8    00000014     driverlib.lib : interrupt.obj (.text:IntUnregister)
                  000025dc    00000014     rtsv7M4_T_le_v4SPD16_eabi.lib : s_copysign.c.obj (.text:copysign)
                  000025f0    00000012                                   : copy_zero_init.c.obj (.text:decompress:ZI:__TI_zero_init_nomemset:__TI_zero_init_nomemset)
                  00002602    0000000e                                   : copy_decompress_none.c.obj (.text:decompress:none:__TI_decompress_none)
                  00002610    0000000c     tm4c123gh6pm_startup_ccs.obj (.text)
                  0000261c    00000008     rtsv7M4_T_le_v4SPD16_eabi.lib : errno.c.obj (.text:__aeabi_errno_addr)
                  00002624    00000006     driverlib.lib : sysctl.obj (.text:SysCtlDelay)
                  0000262a    00000004     rtsv7M4_T_le_v4SPD16_eabi.lib : pre_init.c.obj (.text:_system_pre_init)
                  0000262e    00000004                                   : exit.c.obj (.text:abort:abort)

.const     0    00002638    00000280     
                  00002638    000000d8     main.obj (.const:g_ppui32GPIOIntMapSnowflake)
                  00002710    000000c0     main.obj (.const:g_ppui32GPIOIntMapBlizzard)
                  000027d0    00000090     main.obj (.const:g_pui32GPIOBaseAddrs)
                  00002860    00000030     rtsv7M4_T_le_v4SPD16_eabi.lib : e_pow.c.obj (.const:$O1$$)
                  00002890    00000014     driverlib.lib : interrupt.obj (.const:g_pui32Dii16Regs)
                  000028a4    00000014                   : interrupt.obj (.const:g_pui32EnRegs)

.cinit     0    000028b8    00000030     
                  000028b8    0000000c     (__TI_handler_table)
                  000028c4    00000004     --HOLE-- [fill = 0]
                  000028c8    00000008     (.cinit..vtable.load) [load image, compression = zero_init]
                  000028d0    00000007     (.cinit..data.load) [load image, compression = lzss]
                  000028d7    00000001     --HOLE-- [fill = 0]
                  000028d8    00000010     (__TI_cinit_table)

.init_array 
*          0    00000000    00000000     UNINITIALIZED

.vtable    0    20000000    0000026c     UNINITIALIZED
                  20000000    0000026c     driverlib.lib : interrupt.obj (.vtable)

.data      0    2000026c    00000004     UNINITIALIZED
                  2000026c    00000004     rtsv7M4_T_le_v4SPD16_eabi.lib : errno.c.obj (.data)

.stack     0    20000270    00000200     UNINITIALIZED
                  20000270    00000004     rtsv7M4_T_le_v4SPD16_eabi.lib : boot_cortex_m.c.obj (.stack)
                  20000274    000001fc     --HOLE--

MODULE SUMMARY

       Module                         code   ro data   rw data
       ------                         ----   -------   -------
    .\
       main.obj                       3540   552       0      
       tm4c123gh6pm_startup_ccs.obj   12     620       0      
    +--+------------------------------+------+---------+---------+
       Total:                         3552   1172      0      
                                                              
    C:/ti/TivaWare_C_Series-2.2.0.295/driverlib/ccs/Debug/driverlib.lib
       interrupt.obj                  282    40        620    
       sysctl.obj                     302    0         0      
    +--+------------------------------+------+---------+---------+
       Total:                         584    40        620    
                                                              
    C:\ti\ccsv8\tools\compiler\ti-cgt-arm_18.1.3.LTS\lib\rtsv7M4_T_le_v4SPD16_eabi.lib
       e_pow.c.obj                    2496   48        0      
       fd_add_t2.asm.obj              438    0         0      
       e_sqrt.c.obj                   344    0         0      
       fd_div_t2.asm.obj              310    0         0      
       s_scalbn.c.obj                 272    0         0      
       fd_cmp_t2.asm.obj              268    0         0      
       fd_mul_t2.asm.obj              252    0         0      
       memcpy_t2.asm.obj              156    0         0      
       copy_decompress_lzss.c.obj     104    0         0      
       fd_toi_t2.asm.obj              72     0         0      
       autoinit.c.obj                 68     0         0      
       fd_tou_t2.asm.obj              68     0         0      
       boot_cortex_m.c.obj            56     0         0      
       i_tofd_t2.asm.obj              46     0         0      
       s_copysign.c.obj               20     0         0      
       copy_zero_init.c.obj           18     0         0      
       copy_decompress_none.c.obj     14     0         0      
       errno.c.obj                    8      0         4      
       exit.c.obj                     4      0         0      
       pre_init.c.obj                 4      0         0      
    +--+------------------------------+------+---------+---------+
       Total:                         5018   48        4      
                                                              
       Stack:                         0      0         512    
       Linker Generated:              0      43        0      
    +--+------------------------------+------+---------+---------+
       Grand Total:                   9154   1303      1136   


LINKER GENERATED COPY TABLES

__TI_cinit_table @ 000028d8 records: 2, size/record: 8, table size: 16
	.vtable: load addr=000028c8, load size=00000008 bytes, run addr=20000000, run size=0000026c bytes, compression=zero_init
	.data: load addr=000028d0, load size=00000007 bytes, run addr=2000026c, run size=00000004 bytes, compression=lzss


LINKER GENERATED HANDLER TABLE

__TI_handler_table @ 000028b8 records: 3, size/record: 4, table size: 12
	index: 0, handler: __TI_zero_init
	index: 1, handler: __TI_decompress_lzss
	index: 2, handler: __TI_decompress_none


GLOBAL SYMBOLS: SORTED ALPHABETICALLY BY Name 

address   name                          
-------   ----                          
0000262f  C$$EXIT                       
00000e31  GPIOADCTriggerDisable         
00000e13  GPIOADCTriggerEnable          
00000df5  GPIODMATriggerDisable         
00000dd7  GPIODMATriggerEnable          
00000327  GPIODirModeGet                
000002cb  GPIODirModeSet                
000008e1  GPIOIntClear                  
000008a5  GPIOIntDisable                
00000881  GPIOIntEnable                 
000008f5  GPIOIntRegister               
0000092d  GPIOIntRegisterPin            
000008bf  GPIOIntStatus                 
00000417  GPIOIntTypeGet                
00000373  GPIOIntTypeSet                
00000913  GPIOIntUnregister             
0000095b  GPIOIntUnregisterPin          
0000070f  GPIOPadConfigGet              
000004a1  GPIOPadConfigSet              
00000d79  GPIOPinConfigure              
0000097f  GPIOPinRead                   
000009b7  GPIOPinTypeADC                
000009db  GPIOPinTypeCAN                
000009ff  GPIOPinTypeComparator         
00000a23  GPIOPinTypeComparatorOutput   
00000a47  GPIOPinTypeDIVSCLK            
00000a6b  GPIOPinTypeEPI                
00000a8f  GPIOPinTypeEthernetLED        
00000ab3  GPIOPinTypeEthernetMII        
00000ad7  GPIOPinTypeGPIOInput          
00000afb  GPIOPinTypeGPIOOutput         
00000b25  GPIOPinTypeGPIOOutputOD       
00000b49  GPIOPinTypeHibernateRTCCLK    
00000b6d  GPIOPinTypeI2C                
00000b91  GPIOPinTypeI2CSCL             
00000bb5  GPIOPinTypeLCD                
00000bd9  GPIOPinTypeOneWire            
00000bfd  GPIOPinTypePWM                
00000c21  GPIOPinTypeQEI                
00000c45  GPIOPinTypeSSI                
00000c69  GPIOPinTypeTimer              
00000c8d  GPIOPinTypeTrace              
00000cb1  GPIOPinTypeUART               
00000cd5  GPIOPinTypeUSBAnalog          
00000cf9  GPIOPinTypeUSBDigital         
00000d1d  GPIOPinTypeWakeHigh           
00000d43  GPIOPinTypeWakeLow            
00000d69  GPIOPinWakeStatus             
00000997  GPIOPinWrite                  
00000e4f  GPIOUnlockPin                 
00000ef9  IkininUssuAl                  
000022f1  IntDisable                    
00002359  IntEnable                     
00002531  IntRegister                   
000025c9  IntUnregister                 
00000f49  PortFninXPiniEnerjilendir     
00000f97  PortFninXPiniSet              
00000fc9  PortXPiniSet                  
00000f3b  PortfBirinciLediniSondur      
00002611  ResetISR                      
00000e97  SetInitSettings               
00002055  SysCtlClockSet                
00002625  SysCtlDelay                   
00002565  SysCtlPeripheralEnable        
20000470  __STACK_END                   
00000200  __STACK_SIZE                  
20000470  __STACK_TOP                   
000028d8  __TI_CINIT_Base               
000028e8  __TI_CINIT_Limit              
000028b8  __TI_Handler_Table_Base       
000028c4  __TI_Handler_Table_Limit      
00002471  __TI_auto_init_nobinit_nopinit
000023c1  __TI_decompress_lzss          
00002603  __TI_decompress_none          
ffffffff  __TI_pprof_out_hndl           
ffffffff  __TI_prof_data_size           
ffffffff  __TI_prof_data_start          
00000000  __TI_static_base__            
000025f1  __TI_zero_init_nomemset       
000021e5  __aeabi_cdcmpeq               
000021e5  __aeabi_cdcmple               
0000226b  __aeabi_cdrcmple              
00002429  __aeabi_d2iz                  
000024b5  __aeabi_d2uiz                 
00001a0b  __aeabi_dadd                  
00001d11  __aeabi_ddiv                  
00001f59  __aeabi_dmul                  
00001a01  __aeabi_dsub                  
0000261d  __aeabi_errno_addr            
00002599  __aeabi_i2d                   
00002149  __aeabi_memcpy                
00002149  __aeabi_memcpy4               
00002149  __aeabi_memcpy8               
ffffffff  __binit__                     
ffffffff  __c_args__                    
UNDEFED   __mpu_init                    
20000270  __stack                       
000024f9  _c_int00_noargs               
UNDEFED   _system_post_cinit            
0000262b  _system_pre_init              
0000262f  abort                         
ffffffff  binit                         
000025dd  copysign                      
000025dd  copysignl                     
2000026c  errno                         
20000000  g_pfnRAMVectors               
00000000  g_pfnVectors                  
00001e49  ldexp                         
00001e49  ldexpl                        
00000e75  main                          
00002149  memcpy                        
00001041  pow                           
00001041  powl                          
00001e49  scalbn                        
00001e49  scalbnl                       
00001bb9  sqrt                          
00001bb9  sqrtl                         
00000eaf  ustal                         


GLOBAL SYMBOLS: SORTED BY Symbol Address 

address   name                          
-------   ----                          
00000000  __TI_static_base__            
00000000  g_pfnVectors                  
00000200  __STACK_SIZE                  
000002cb  GPIODirModeSet                
00000327  GPIODirModeGet                
00000373  GPIOIntTypeSet                
00000417  GPIOIntTypeGet                
000004a1  GPIOPadConfigSet              
0000070f  GPIOPadConfigGet              
00000881  GPIOIntEnable                 
000008a5  GPIOIntDisable                
000008bf  GPIOIntStatus                 
000008e1  GPIOIntClear                  
000008f5  GPIOIntRegister               
00000913  GPIOIntUnregister             
0000092d  GPIOIntRegisterPin            
0000095b  GPIOIntUnregisterPin          
0000097f  GPIOPinRead                   
00000997  GPIOPinWrite                  
000009b7  GPIOPinTypeADC                
000009db  GPIOPinTypeCAN                
000009ff  GPIOPinTypeComparator         
00000a23  GPIOPinTypeComparatorOutput   
00000a47  GPIOPinTypeDIVSCLK            
00000a6b  GPIOPinTypeEPI                
00000a8f  GPIOPinTypeEthernetLED        
00000ab3  GPIOPinTypeEthernetMII        
00000ad7  GPIOPinTypeGPIOInput          
00000afb  GPIOPinTypeGPIOOutput         
00000b25  GPIOPinTypeGPIOOutputOD       
00000b49  GPIOPinTypeHibernateRTCCLK    
00000b6d  GPIOPinTypeI2C                
00000b91  GPIOPinTypeI2CSCL             
00000bb5  GPIOPinTypeLCD                
00000bd9  GPIOPinTypeOneWire            
00000bfd  GPIOPinTypePWM                
00000c21  GPIOPinTypeQEI                
00000c45  GPIOPinTypeSSI                
00000c69  GPIOPinTypeTimer              
00000c8d  GPIOPinTypeTrace              
00000cb1  GPIOPinTypeUART               
00000cd5  GPIOPinTypeUSBAnalog          
00000cf9  GPIOPinTypeUSBDigital         
00000d1d  GPIOPinTypeWakeHigh           
00000d43  GPIOPinTypeWakeLow            
00000d69  GPIOPinWakeStatus             
00000d79  GPIOPinConfigure              
00000dd7  GPIODMATriggerEnable          
00000df5  GPIODMATriggerDisable         
00000e13  GPIOADCTriggerEnable          
00000e31  GPIOADCTriggerDisable         
00000e4f  GPIOUnlockPin                 
00000e75  main                          
00000e97  SetInitSettings               
00000eaf  ustal                         
00000ef9  IkininUssuAl                  
00000f3b  PortfBirinciLediniSondur      
00000f49  PortFninXPiniEnerjilendir     
00000f97  PortFninXPiniSet              
00000fc9  PortXPiniSet                  
00001041  pow                           
00001041  powl                          
00001a01  __aeabi_dsub                  
00001a0b  __aeabi_dadd                  
00001bb9  sqrt                          
00001bb9  sqrtl                         
00001d11  __aeabi_ddiv                  
00001e49  ldexp                         
00001e49  ldexpl                        
00001e49  scalbn                        
00001e49  scalbnl                       
00001f59  __aeabi_dmul                  
00002055  SysCtlClockSet                
00002149  __aeabi_memcpy                
00002149  __aeabi_memcpy4               
00002149  __aeabi_memcpy8               
00002149  memcpy                        
000021e5  __aeabi_cdcmpeq               
000021e5  __aeabi_cdcmple               
0000226b  __aeabi_cdrcmple              
000022f1  IntDisable                    
00002359  IntEnable                     
000023c1  __TI_decompress_lzss          
00002429  __aeabi_d2iz                  
00002471  __TI_auto_init_nobinit_nopinit
000024b5  __aeabi_d2uiz                 
000024f9  _c_int00_noargs               
00002531  IntRegister                   
00002565  SysCtlPeripheralEnable        
00002599  __aeabi_i2d                   
000025c9  IntUnregister                 
000025dd  copysign                      
000025dd  copysignl                     
000025f1  __TI_zero_init_nomemset       
00002603  __TI_decompress_none          
00002611  ResetISR                      
0000261d  __aeabi_errno_addr            
00002625  SysCtlDelay                   
0000262b  _system_pre_init              
0000262f  C$$EXIT                       
0000262f  abort                         
000028b8  __TI_Handler_Table_Base       
000028c4  __TI_Handler_Table_Limit      
000028d8  __TI_CINIT_Base               
000028e8  __TI_CINIT_Limit              
20000000  g_pfnRAMVectors               
2000026c  errno                         
20000270  __stack                       
20000470  __STACK_END                   
20000470  __STACK_TOP                   
ffffffff  __TI_pprof_out_hndl           
ffffffff  __TI_prof_data_size           
ffffffff  __TI_prof_data_start          
ffffffff  __binit__                     
ffffffff  __c_args__                    
ffffffff  binit                         
UNDEFED   __mpu_init                    
UNDEFED   _system_post_cinit            

[118 symbols]
