******************************************************************************
                  TI ARM Linker PC v18.1.3                     
******************************************************************************
>> Linked Wed Nov  4 11:54:56 2020

OUTPUT FILE NAME:   <hafta04_kesmeli_apili.out>
ENTRY POINT SYMBOL: "_c_int00_noargs"  address: 000015d1


MEMORY CONFIGURATION

         name            origin    length      used     unused   attr    fill
----------------------  --------  ---------  --------  --------  ----  --------
  FLASH                 00000000   00040000  00001b60  0003e4a0  R  X
  SRAM                  20000000   00008000  0000046c  00007b94  RW X


SEGMENT ALLOCATION MAP

run origin  load origin   length   init length attrs members
----------  ----------- ---------- ----------- ----- -------
00000000    00000000    00001b64   00001b64    r-x
  00000000    00000000    0000026c   0000026c    r-- .intvecs
  0000026c    0000026c    000014cc   000014cc    r-x .text
  00001738    00001738    00000414   00000414    r-- .const
  00001b50    00001b50    00000014   00000014    r-- .cinit
20000000    20000000    00000470   00000000    rw-
  20000000    20000000    0000026c   00000000    rw- .vtable
  20000270    20000270    00000200   00000000    rw- .stack


SECTION ALLOCATION MAP

 output                                  attributes/
section   page    origin      length       input sections
--------  ----  ----------  ----------   ----------------
.intvecs   0    00000000    0000026c     
                  00000000    0000026c     tm4c123gh6pm_startup_ccs.obj (.intvecs)

.text      0    0000026c    000014cc     
                  0000026c    00001048     main.obj (.text)
                  000012b4    0000016c     driverlib.lib : gpio.obj (.text:GPIOPadConfigSet)
                  00001420    00000068                   : interrupt.obj (.text:IntDisable)
                  00001488    00000068                   : interrupt.obj (.text:IntEnable)
                  000014f0    00000058                   : gpio.obj (.text:GPIOIntTypeSet)
                  00001548    00000044                   : gpio.obj (.text:_GPIOIntNumberGet)
                  0000158c    00000044     rtsv7M4_T_le_v4SPD16_eabi.lib : autoinit.c.obj (.text:__TI_auto_init_nobinit_nopinit:__TI_auto_init_nobinit_nopinit)
                  000015d0    00000038                                   : boot_cortex_m.c.obj (.text:_c_int00_noargs:_c_int00_noargs)
                  00001608    00000034     driverlib.lib : interrupt.obj (.text:IntRegister)
                  0000163c    0000002c                   : gpio.obj (.text:GPIODirModeSet)
                  00001668    0000001a                   : gpio.obj (.text:GPIOPinTypeGPIOOutput)
                  00001682    00000018                   : gpio.obj (.text:GPIOIntRegister)
                  0000169a    00000016                   : gpio.obj (.text:GPIOPinTypeGPIOInput)
                  000016b0    00000014                   : interrupt.obj (.text:IntUnregister)
                  000016c4    00000012     rtsv7M4_T_le_v4SPD16_eabi.lib : copy_zero_init.c.obj (.text:decompress:ZI:__TI_zero_init_nomemset:__TI_zero_init_nomemset)
                  000016d6    00000010     driverlib.lib : interrupt.obj (.text:IntMasterEnable)
                  000016e6    0000000e                   : gpio.obj (.text:GPIOIntStatus)
                  000016f4    0000000c                   : cpu.obj (.text:CPUcpsie)
                  00001700    0000000c                   : gpio.obj (.text:GPIOIntEnable)
                  0000170c    0000000c     tm4c123gh6pm_startup_ccs.obj (.text)
                  00001718    00000006     driverlib.lib : gpio.obj (.text:GPIOIntClear)
                  0000171e    00000006                   : gpio.obj (.text:GPIOPinWrite)
                  00001724    00000006     main.obj (.text:SysCtlDelay)
                  0000172a    00000004     driverlib.lib : cpu.obj (.text:CPUwfi)
                  0000172e    00000004     rtsv7M4_T_le_v4SPD16_eabi.lib : pre_init.c.obj (.text:_system_pre_init)
                  00001732    00000004                                   : exit.c.obj (.text:abort:abort)
                  00001736    00000002     driverlib.lib : interrupt.obj (.text:_IntDefaultHandler)

.const     0    00001738    00000414     
                  00001738    000001b0     main.obj (.const:g_pppui32XTALtoVCO)
                  000018e8    000000d8     driverlib.lib : gpio.obj (.const:g_ppui32GPIOIntMapSnowflake)
                  000019c0    000000c0                   : gpio.obj (.const:g_ppui32GPIOIntMapBlizzard)
                  00001a80    0000006c     main.obj (.const:g_pui32Xtals)
                  00001aec    00000030     main.obj (.const:g_sXTALtoMEMTIM)
                  00001b1c    00000014     driverlib.lib : interrupt.obj (.const:g_pui32Dii16Regs)
                  00001b30    00000014                   : interrupt.obj (.const:g_pui32EnRegs)
                  00001b44    00000008     main.obj (.const:g_pui32VCOFrequencies)

.cinit     0    00001b50    00000014     
                  00001b50    00000008     (.cinit..vtable.load) [load image, compression = zero_init]
                  00001b58    00000004     (__TI_handler_table)
                  00001b5c    00000008     (__TI_cinit_table)

.init_array 
*          0    00000000    00000000     UNINITIALIZED

.vtable    0    20000000    0000026c     UNINITIALIZED
                  20000000    0000026c     driverlib.lib : interrupt.obj (.vtable)

.stack     0    20000270    00000200     UNINITIALIZED
                  20000270    00000004     rtsv7M4_T_le_v4SPD16_eabi.lib : boot_cortex_m.c.obj (.stack)
                  20000274    000001fc     --HOLE--

MODULE SUMMARY

       Module                         code   ro data   rw data
       ------                         ----   -------   -------
    .\
       main.obj                       4174   596       0      
       tm4c123gh6pm_startup_ccs.obj   12     620       0      
    +--+------------------------------+------+---------+---------+
       Total:                         4186   1216      0      
                                                              
    C:/ti/TivaWare_C_Series-2.2.0.295/driverlib/ccs/Debug/driverlib.lib
       gpio.obj                       674    408       0      
       interrupt.obj                  298    40        620    
       cpu.obj                        16     0         0      
    +--+------------------------------+------+---------+---------+
       Total:                         988    448       620    
                                                              
    C:\ti\ccsv8\tools\compiler\ti-cgt-arm_18.1.3.LTS\lib\rtsv7M4_T_le_v4SPD16_eabi.lib
       autoinit.c.obj                 68     0         0      
       boot_cortex_m.c.obj            56     0         0      
       copy_zero_init.c.obj           18     0         0      
       exit.c.obj                     4      0         0      
       pre_init.c.obj                 4      0         0      
    +--+------------------------------+------+---------+---------+
       Total:                         150    0         0      
                                                              
       Stack:                         0      0         512    
       Linker Generated:              0      20        0      
    +--+------------------------------+------+---------+---------+
       Grand Total:                   5324   1684      1132   


LINKER GENERATED COPY TABLES

__TI_cinit_table @ 00001b5c records: 1, size/record: 8, table size: 8
	.vtable: load addr=00001b50, load size=00000008 bytes, run addr=20000000, run size=0000026c bytes, compression=zero_init


LINKER GENERATED HANDLER TABLE

__TI_handler_table @ 00001b58 records: 1, size/record: 4, table size: 4
	index: 0, handler: __TI_zero_init


GLOBAL SYMBOLS: SORTED ALPHABETICALLY BY Name 

address   name                            
-------   ----                            
00001733  C$$EXIT                         
000016f5  CPUcpsie                        
0000172b  CPUwfi                          
0000163d  GPIODirModeSet                  
00001719  GPIOIntClear                    
00001701  GPIOIntEnable                   
00001683  GPIOIntRegister                 
000016e7  GPIOIntStatus                   
000014f1  GPIOIntTypeSet                  
000012b5  GPIOPadConfigSet                
0000169b  GPIOPinTypeGPIOInput            
00001669  GPIOPinTypeGPIOOutput           
0000171f  GPIOPinWrite                    
00001421  IntDisable                      
00001489  IntEnable                       
000016d7  IntMasterEnable                 
00001609  IntRegister                     
000016b1  IntUnregister                   
0000170d  ResetISR                        
000011fd  SetInitSettings                 
000011a9  SysCtlAltClkConfig              
000008d1  SysCtlClockFreqSet              
00000d99  SysCtlClockGet                  
0000118d  SysCtlClockOutConfig            
00000bc9  SysCtlClockSet                  
000007d5  SysCtlDeepSleep                 
00000f5d  SysCtlDeepSleepClockConfigSet   
00000f3f  SysCtlDeepSleepClockSet         
000007b5  SysCtlDeepSleepPowerSet         
00001725  SysCtlDelay                     
00000363  SysCtlFlashSectorSizeGet        
00000337  SysCtlFlashSizeGet              
00001033  SysCtlGPIOAHBDisable            
00001017  SysCtlGPIOAHBEnable             
00000749  SysCtlIntClear                  
00000731  SysCtlIntDisable                
0000071d  SysCtlIntEnable                 
000006f5  SysCtlIntRegister               
00000759  SysCtlIntStatus                 
0000070d  SysCtlIntUnregister             
0000079b  SysCtlLDODeepSleepGet           
0000078b  SysCtlLDODeepSleepSet           
00000785  SysCtlLDOSleepGet               
00000775  SysCtlLDOSleepSet               
0000080b  SysCtlMOSCConfigSet             
00001171  SysCtlNMIClear                  
0000115d  SysCtlNMIStatus                 
00000821  SysCtlPIOSCCalibrate            
00001001  SysCtlPWMClockGet               
00000fe7  SysCtlPWMClockSet               
000006a1  SysCtlPeripheralClockGating     
00000659  SysCtlPeripheralDeepSleepDisable
00000609  SysCtlPeripheralDeepSleepEnable 
00000545  SysCtlPeripheralDisable         
00000509  SysCtlPeripheralEnable          
00000445  SysCtlPeripheralPowerOff        
00000409  SysCtlPeripheralPowerOn         
00000389  SysCtlPeripheralPresent         
000003c9  SysCtlPeripheralReady           
00000481  SysCtlPeripheralReset           
000005cd  SysCtlPeripheralSleepDisable    
00000589  SysCtlPeripheralSleepEnable     
000007c5  SysCtlReset                     
00000881  SysCtlResetBehaviorGet          
00000871  SysCtlResetBehaviorSet          
000007f7  SysCtlResetCauseClear           
000007f1  SysCtlResetCauseGet             
0000032d  SysCtlSRAMSizeGet               
000007cd  SysCtlSleep                     
000007a1  SysCtlSleepPowerSet             
0000105b  SysCtlUSBPLLDisable             
0000104f  SysCtlUSBPLLEnable              
000010a1  SysCtlVCOGet                    
00001089  SysCtlVoltageEventClear         
0000106d  SysCtlVoltageEventConfig        
0000107d  SysCtlVoltageEventStatus        
20000470  __STACK_END                     
00000200  __STACK_SIZE                    
20000470  __STACK_TOP                     
00001b5c  __TI_CINIT_Base                 
00001b64  __TI_CINIT_Limit                
00001b58  __TI_Handler_Table_Base         
00001b5c  __TI_Handler_Table_Limit        
0000158d  __TI_auto_init_nobinit_nopinit  
ffffffff  __TI_pprof_out_hndl             
ffffffff  __TI_prof_data_size             
ffffffff  __TI_prof_data_start            
00000000  __TI_static_base__              
000016c5  __TI_zero_init_nomemset         
ffffffff  __binit__                       
ffffffff  __c_args__                      
UNDEFED   __mpu_init                      
20000270  __stack                         
000015d1  _c_int00_noargs                 
UNDEFED   _system_post_cinit              
0000172f  _system_pre_init                
00001733  abort                           
ffffffff  binit                           
20000000  g_pfnRAMVectors                 
00000000  g_pfnVectors                    
000011b9  haricikesme                     
000011f1  main                            


GLOBAL SYMBOLS: SORTED BY Symbol Address 

address   name                            
-------   ----                            
00000000  __TI_static_base__              
00000000  g_pfnVectors                    
00000200  __STACK_SIZE                    
0000032d  SysCtlSRAMSizeGet               
00000337  SysCtlFlashSizeGet              
00000363  SysCtlFlashSectorSizeGet        
00000389  SysCtlPeripheralPresent         
000003c9  SysCtlPeripheralReady           
00000409  SysCtlPeripheralPowerOn         
00000445  SysCtlPeripheralPowerOff        
00000481  SysCtlPeripheralReset           
00000509  SysCtlPeripheralEnable          
00000545  SysCtlPeripheralDisable         
00000589  SysCtlPeripheralSleepEnable     
000005cd  SysCtlPeripheralSleepDisable    
00000609  SysCtlPeripheralDeepSleepEnable 
00000659  SysCtlPeripheralDeepSleepDisable
000006a1  SysCtlPeripheralClockGating     
000006f5  SysCtlIntRegister               
0000070d  SysCtlIntUnregister             
0000071d  SysCtlIntEnable                 
00000731  SysCtlIntDisable                
00000749  SysCtlIntClear                  
00000759  SysCtlIntStatus                 
00000775  SysCtlLDOSleepSet               
00000785  SysCtlLDOSleepGet               
0000078b  SysCtlLDODeepSleepSet           
0000079b  SysCtlLDODeepSleepGet           
000007a1  SysCtlSleepPowerSet             
000007b5  SysCtlDeepSleepPowerSet         
000007c5  SysCtlReset                     
000007cd  SysCtlSleep                     
000007d5  SysCtlDeepSleep                 
000007f1  SysCtlResetCauseGet             
000007f7  SysCtlResetCauseClear           
0000080b  SysCtlMOSCConfigSet             
00000821  SysCtlPIOSCCalibrate            
00000871  SysCtlResetBehaviorSet          
00000881  SysCtlResetBehaviorGet          
000008d1  SysCtlClockFreqSet              
00000bc9  SysCtlClockSet                  
00000d99  SysCtlClockGet                  
00000f3f  SysCtlDeepSleepClockSet         
00000f5d  SysCtlDeepSleepClockConfigSet   
00000fe7  SysCtlPWMClockSet               
00001001  SysCtlPWMClockGet               
00001017  SysCtlGPIOAHBEnable             
00001033  SysCtlGPIOAHBDisable            
0000104f  SysCtlUSBPLLEnable              
0000105b  SysCtlUSBPLLDisable             
0000106d  SysCtlVoltageEventConfig        
0000107d  SysCtlVoltageEventStatus        
00001089  SysCtlVoltageEventClear         
000010a1  SysCtlVCOGet                    
0000115d  SysCtlNMIStatus                 
00001171  SysCtlNMIClear                  
0000118d  SysCtlClockOutConfig            
000011a9  SysCtlAltClkConfig              
000011b9  haricikesme                     
000011f1  main                            
000011fd  SetInitSettings                 
000012b5  GPIOPadConfigSet                
00001421  IntDisable                      
00001489  IntEnable                       
000014f1  GPIOIntTypeSet                  
0000158d  __TI_auto_init_nobinit_nopinit  
000015d1  _c_int00_noargs                 
00001609  IntRegister                     
0000163d  GPIODirModeSet                  
00001669  GPIOPinTypeGPIOOutput           
00001683  GPIOIntRegister                 
0000169b  GPIOPinTypeGPIOInput            
000016b1  IntUnregister                   
000016c5  __TI_zero_init_nomemset         
000016d7  IntMasterEnable                 
000016e7  GPIOIntStatus                   
000016f5  CPUcpsie                        
00001701  GPIOIntEnable                   
0000170d  ResetISR                        
00001719  GPIOIntClear                    
0000171f  GPIOPinWrite                    
00001725  SysCtlDelay                     
0000172b  CPUwfi                          
0000172f  _system_pre_init                
00001733  C$$EXIT                         
00001733  abort                           
00001b58  __TI_Handler_Table_Base         
00001b5c  __TI_CINIT_Base                 
00001b5c  __TI_Handler_Table_Limit        
00001b64  __TI_CINIT_Limit                
20000000  g_pfnRAMVectors                 
20000270  __stack                         
20000470  __STACK_END                     
20000470  __STACK_TOP                     
ffffffff  __TI_pprof_out_hndl             
ffffffff  __TI_prof_data_size             
ffffffff  __TI_prof_data_start            
ffffffff  __binit__                       
ffffffff  __c_args__                      
ffffffff  binit                           
UNDEFED   __mpu_init                      
UNDEFED   _system_post_cinit              

[102 symbols]
