******************************************************************************
                  TI ARM Linker PC v18.1.3                     
******************************************************************************
>> Linked Sun Jan  3 15:45:19 2021

OUTPUT FILE NAME:   <hafta0di2capisiz3.out>
ENTRY POINT SYMBOL: "_c_int00_noargs"  address: 000006b1


MEMORY CONFIGURATION

         name            origin    length      used     unused   attr    fill
----------------------  --------  ---------  --------  --------  ----  --------
  FLASH                 00000000   00040000  00000722  0003f8de  R  X
  SRAM                  20000000   00008000  00000204  00007dfc  RW X


SEGMENT ALLOCATION MAP

run origin  load origin   length   init length attrs members
----------  ----------- ---------- ----------- ----- -------
00000000    00000000    00000728   00000728    r-x
  00000000    00000000    0000026c   0000026c    r-- .intvecs
  0000026c    0000026c    0000049e   0000049e    r-x .text
  00000710    00000710    00000018   00000018    r-- .cinit
20000000    20000000    00000204   00000000    rw-
  20000000    20000000    00000200   00000000    rw- .stack
  20000200    20000200    00000004   00000000    rw- .data


SECTION ALLOCATION MAP

 output                                  attributes/
section   page    origin      length       input sections
--------  ----  ----------  ----------   ----------------
.intvecs   0    00000000    0000026c     
                  00000000    0000026c     tm4c123gh6pm_startup_ccs.obj (.intvecs)

.text      0    0000026c    0000049e     
                  0000026c    000002fc     main.obj (.text)
                  00000568    0000009c     rtsv7M4_T_le_v4SPD16_eabi.lib : memcpy_t2.asm.obj (.text)
                  00000604    00000068                                   : copy_decompress_lzss.c.obj (.text:decompress:lzss:__TI_decompress_lzss)
                  0000066c    00000044                                   : autoinit.c.obj (.text:__TI_auto_init_nobinit_nopinit:__TI_auto_init_nobinit_nopinit)
                  000006b0    00000038                                   : boot_cortex_m.c.obj (.text:_c_int00_noargs:_c_int00_noargs)
                  000006e8    0000000e                                   : copy_decompress_none.c.obj (.text:decompress:none:__TI_decompress_none)
                  000006f6    0000000c     tm4c123gh6pm_startup_ccs.obj (.text)
                  00000702    00000004     rtsv7M4_T_le_v4SPD16_eabi.lib : pre_init.c.obj (.text:_system_pre_init)
                  00000706    00000004                                   : exit.c.obj (.text:abort:abort)

.cinit     0    00000710    00000018     
                  00000710    00000008     (.cinit..data.load) [load image, compression = lzss]
                  00000718    00000008     (__TI_handler_table)
                  00000720    00000008     (__TI_cinit_table)

.init_array 
*          0    00000000    00000000     UNINITIALIZED

.data      0    20000200    00000004     UNINITIALIZED
                  20000200    00000004     main.obj (.data:data)

.stack     0    20000000    00000200     UNINITIALIZED
                  20000000    00000004     rtsv7M4_T_le_v4SPD16_eabi.lib : boot_cortex_m.c.obj (.stack)
                  20000004    000001fc     --HOLE--

MODULE SUMMARY

       Module                         code   ro data   rw data
       ------                         ----   -------   -------
    .\
       main.obj                       764    0         4      
       tm4c123gh6pm_startup_ccs.obj   12     620       0      
    +--+------------------------------+------+---------+---------+
       Total:                         776    620       4      
                                                              
    C:\ti\ccsv8\tools\compiler\ti-cgt-arm_18.1.3.LTS\lib\rtsv7M4_T_le_v4SPD16_eabi.lib
       memcpy_t2.asm.obj              156    0         0      
       copy_decompress_lzss.c.obj     104    0         0      
       autoinit.c.obj                 68     0         0      
       boot_cortex_m.c.obj            56     0         0      
       copy_decompress_none.c.obj     14     0         0      
       exit.c.obj                     4      0         0      
       pre_init.c.obj                 4      0         0      
    +--+------------------------------+------+---------+---------+
       Total:                         406    0         0      
                                                              
       Stack:                         0      0         512    
       Linker Generated:              0      24        0      
    +--+------------------------------+------+---------+---------+
       Grand Total:                   1182   644       516    


LINKER GENERATED COPY TABLES

__TI_cinit_table @ 00000720 records: 1, size/record: 8, table size: 8
	.data: load addr=00000710, load size=00000008 bytes, run addr=20000200, run size=00000004 bytes, compression=lzss


LINKER GENERATED HANDLER TABLE

__TI_handler_table @ 00000718 records: 2, size/record: 4, table size: 8
	index: 0, handler: __TI_decompress_lzss
	index: 1, handler: __TI_decompress_none


GLOBAL SYMBOLS: SORTED ALPHABETICALLY BY Name 

address   name                          
-------   ----                          
00000707  C$$EXIT                       
00000495  Readi2c                       
0000033f  Readmulti                     
000006f7  ResetISR                      
000002a7  WriteMulti                    
000003fd  WriteMulti2                   
0000026d  Writei2c                      
20000200  __STACK_END                   
00000200  __STACK_SIZE                  
20000200  __STACK_TOP                   
00000720  __TI_CINIT_Base               
00000728  __TI_CINIT_Limit              
00000718  __TI_Handler_Table_Base       
00000720  __TI_Handler_Table_Limit      
0000066d  __TI_auto_init_nobinit_nopinit
00000605  __TI_decompress_lzss          
000006e9  __TI_decompress_none          
ffffffff  __TI_pprof_out_hndl           
ffffffff  __TI_prof_data_size           
ffffffff  __TI_prof_data_start          
00000000  __TI_static_base__            
00000569  __aeabi_memcpy                
00000569  __aeabi_memcpy4               
00000569  __aeabi_memcpy8               
ffffffff  __binit__                     
ffffffff  __c_args__                    
UNDEFED   __mpu_init                    
20000000  __stack                       
000006b1  _c_int00_noargs               
UNDEFED   _system_post_cinit            
00000703  _system_pre_init              
00000707  abort                         
ffffffff  binit                         
20000200  data                          
00000000  g_pfnVectors                  
000004eb  init_i2c                      
000004c5  main                          
00000569  memcpy                        


GLOBAL SYMBOLS: SORTED BY Symbol Address 

address   name                          
-------   ----                          
00000000  __TI_static_base__            
00000000  g_pfnVectors                  
00000200  __STACK_SIZE                  
0000026d  Writei2c                      
000002a7  WriteMulti                    
0000033f  Readmulti                     
000003fd  WriteMulti2                   
00000495  Readi2c                       
000004c5  main                          
000004eb  init_i2c                      
00000569  __aeabi_memcpy                
00000569  __aeabi_memcpy4               
00000569  __aeabi_memcpy8               
00000569  memcpy                        
00000605  __TI_decompress_lzss          
0000066d  __TI_auto_init_nobinit_nopinit
000006b1  _c_int00_noargs               
000006e9  __TI_decompress_none          
000006f7  ResetISR                      
00000703  _system_pre_init              
00000707  C$$EXIT                       
00000707  abort                         
00000718  __TI_Handler_Table_Base       
00000720  __TI_CINIT_Base               
00000720  __TI_Handler_Table_Limit      
00000728  __TI_CINIT_Limit              
20000000  __stack                       
20000200  __STACK_END                   
20000200  __STACK_TOP                   
20000200  data                          
ffffffff  __TI_pprof_out_hndl           
ffffffff  __TI_prof_data_size           
ffffffff  __TI_prof_data_start          
ffffffff  __binit__                     
ffffffff  __c_args__                    
ffffffff  binit                         
UNDEFED   __mpu_init                    
UNDEFED   _system_post_cinit            

[38 symbols]
